Archive member included to satisfy reference by file (symbol)

/Applications/microchip/xc32/v5.00/bin/bin/../../lib/gcc/pic32c/13.2.1/../../../../pic32c/lib/thumb/v6-m/nofp/libpic32c.a(data_init.o)
                              build/default/production/_ext/1171490990/startup_xc32.o (__pic32c_data_initialization)
/Applications/microchip/xc32/v5.00/bin/bin/../../lib/gcc/pic32c/13.2.1/../../../../pic32c/lib/thumb/v6-m/nofp/libc-size-musl.a(memcpy.o)
                              build/default/production/_ext/1593096446/plib_nvmctrl.o (memcpy)
/Applications/microchip/xc32/v5.00/bin/bin/../../lib/gcc/pic32c/13.2.1/../../../../pic32c/lib/thumb/v6-m/nofp/libc-musl.a(__libc_start_main.o)
                              build/default/production/_ext/1171490990/startup_xc32.o (__libc_init_array)
/Applications/microchip/xc32/v5.00/bin/bin/../../lib/gcc/pic32c/13.2.1/../../../../pic32c/lib/thumb/v6-m/nofp/libc-musl.a(libc.o)
                              /Applications/microchip/xc32/v5.00/bin/bin/../../lib/gcc/pic32c/13.2.1/../../../../pic32c/lib/thumb/v6-m/nofp/libc-musl.a(__libc_start_main.o) (__progname_full)
/Applications/microchip/xc32/v5.00/bin/bin/../../lib/gcc/pic32c/13.2.1/../../../../pic32c/lib/thumb/v6-m/nofp/libc-musl.a(stdin.o)
                              build/default/production/_ext/1171490990/initialization.o (_stdin)
/Applications/microchip/xc32/v5.00/bin/bin/../../lib/gcc/pic32c/13.2.1/../../../../pic32c/lib/thumb/v6-m/nofp/libc-musl.a(stdout.o)
                              build/default/production/_ext/1171490990/initialization.o (_stdout)
/Applications/microchip/xc32/v5.00/bin/bin/../../lib/gcc/pic32c/13.2.1/../../../../pic32c/lib/thumb/v6-m/nofp/libc-musl.a(setbuf.o)
                              build/default/production/_ext/1171490990/initialization.o (setbuf)
/Applications/microchip/xc32/v5.00/bin/bin/../../lib/gcc/pic32c/13.2.1/../../../../pic32c/lib/thumb/v6-m/nofp/libc-musl.a(__environ.o)
                              /Applications/microchip/xc32/v5.00/bin/bin/../../lib/gcc/pic32c/13.2.1/../../../../pic32c/lib/thumb/v6-m/nofp/libc-musl.a(__libc_start_main.o) (__environ)
/Applications/microchip/xc32/v5.00/bin/bin/../../lib/gcc/pic32c/13.2.1/../../../../pic32c/lib/thumb/v6-m/nofp/libc-musl.a(__io_init_needed.o)
                              /Applications/microchip/xc32/v5.00/bin/bin/../../lib/gcc/pic32c/13.2.1/../../../../pic32c/lib/thumb/v6-m/nofp/libc-musl.a(stdout.o) (__io_init_needed)
/Applications/microchip/xc32/v5.00/bin/bin/../../lib/gcc/pic32c/13.2.1/../../../../pic32c/lib/thumb/v6-m/nofp/libc-musl.a(__io_rw_needed.o)
                              /Applications/microchip/xc32/v5.00/bin/bin/../../lib/gcc/pic32c/13.2.1/../../../../pic32c/lib/thumb/v6-m/nofp/libc-musl.a(stdin.o) (__io_rw_needed)
/Applications/microchip/xc32/v5.00/bin/bin/../../lib/gcc/pic32c/13.2.1/../../../../pic32c/lib/thumb/v6-m/nofp/libc-musl.a(__stdio_read.o)
                              /Applications/microchip/xc32/v5.00/bin/bin/../../lib/gcc/pic32c/13.2.1/../../../../pic32c/lib/thumb/v6-m/nofp/libc-musl.a(stdin.o) (__stdio_read)
/Applications/microchip/xc32/v5.00/bin/bin/../../lib/gcc/pic32c/13.2.1/../../../../pic32c/lib/thumb/v6-m/nofp/libc-musl.a(__towrite_rw.o)
                              /Applications/microchip/xc32/v5.00/bin/bin/../../lib/gcc/pic32c/13.2.1/../../../../pic32c/lib/thumb/v6-m/nofp/libc-musl.a(__io_rw_needed.o) (__towrite_rw_needed)
/Applications/microchip/xc32/v5.00/bin/bin/../../lib/gcc/pic32c/13.2.1/../../../../pic32c/lib/thumb/v6-m/nofp/libc-musl.a(setvbuf.o)
                              /Applications/microchip/xc32/v5.00/bin/bin/../../lib/gcc/pic32c/13.2.1/../../../../pic32c/lib/thumb/v6-m/nofp/libc-musl.a(setbuf.o) (setvbuf)
/Applications/microchip/xc32/v5.00/bin/bin/../../lib/gcc/pic32c/13.2.1/../../../../pic32c/lib/thumb/v6-m/nofp/libc-musl.a(readv.o)
                              /Applications/microchip/xc32/v5.00/bin/bin/../../lib/gcc/pic32c/13.2.1/../../../../pic32c/lib/thumb/v6-m/nofp/libc-musl.a(__stdio_read.o) (readv)
/Applications/microchip/xc32/v5.00/bin/bin/../../lib/gcc/pic32c/13.2.1/../../../../pic32c/lib/thumb/v6-m/nofp/libc-musl.a(__fopen_rw.o)
                              /Applications/microchip/xc32/v5.00/bin/bin/../../lib/gcc/pic32c/13.2.1/../../../../pic32c/lib/thumb/v6-m/nofp/libc-musl.a(__io_rw_needed.o) (__fopen_rw_needed)
/Applications/microchip/xc32/v5.00/bin/bin/../../lib/gcc/pic32c/13.2.1/../../../../pic32c/lib/thumb/v6-m/nofp/libc-musl.a(__ftello_rw.o)
                              /Applications/microchip/xc32/v5.00/bin/bin/../../lib/gcc/pic32c/13.2.1/../../../../pic32c/lib/thumb/v6-m/nofp/libc-musl.a(__io_rw_needed.o) (__ftello_adj_rw_needed)
/Applications/microchip/xc32/v5.00/bin/bin/../../lib/gcc/pic32c/13.2.1/../../../../pic32c/lib/thumb/v6-m/nofp/libc-musl.a(__init_stdio.o)
[...]
Memory Configuration

Name             Origin             Length             Attributes
rom              0x00000000         0x00008000         xrl
ram              0x20000000         0x00001000         xw!r
config_00804000  0x00804000         0x00000004
config_00804004  0x00804004         0x00000004
*default*        0x00000000         0xffffffff

Linker script and memory map

LOAD /Applications/microchip/xc32/v5.00/bin/bin/../../lib/gcc/pic32c/13.2.1/thumb/v6-m/nofp/crti.o
LOAD /Applications/microchip/xc32/v5.00/bin/bin/../../lib/gcc/pic32c/13.2.1/thumb/v6-m/nofp/crtbegin.o
LOAD build/default/production/_ext/60163342/plib_adc.o
LOAD build/default/production/_ext/1984496892/plib_clock.o
LOAD build/default/production/_ext/1986646378/plib_evsys.o
LOAD build/default/production/_ext/1865468468/plib_nvic.o
LOAD build/default/production/_ext/1593096446/plib_nvmctrl.o
LOAD build/default/production/_ext/1865521619/plib_port.o
LOAD build/default/production/_ext/17022449/plib_sercom1_spi_master.o
LOAD build/default/production/_ext/504274921/plib_sercom0_usart.o
LOAD build/default/production/_ext/163028504/xc32_monitor.o
LOAD build/default/production/_ext/1171490990/initialization.o
LOAD build/default/production/_ext/1171490990/interrupts.o
LOAD build/default/production/_ext/1171490990/exceptions.o
LOAD build/default/production/_ext/1171490990/startup_xc32.o
LOAD build/default/production/_ext/1171490990/libc_syscalls.o
LOAD build/default/production/_ext/1360937237/main.o
                0x00000001                        __MPLAB_BUILD = 0x1
                0x00008000                        __rom_end = (ORIGIN (rom) + LENGTH (rom))
                0x20001000                        __ram_end = (ORIGIN (ram) + LENGTH (ram))

.config_00804000
                0x00804000        0x4
 *(.config_00804000)
 .config_00804000
                0x00804000        0x4 build/default/production/_ext/1171490990/initialization.o
                0x00804000                __config_00804000

.config_00804004
                0x00804004        0x4
 *(.config_00804004)
 .config_00804004
                0x00804004        0x4 build/default/production/_ext/1171490990/initialization.o
                0x00804004                __config_00804004

.vectors        0x00000000       0xa4
                0x00000000                        . = ALIGN (0x4)
                0x00000000                        _sfixed = .
 *(.vectors .vectors.* .vectors_default .vectors_default.*)
 .vectors       0x00000000       0xa4 build/default/production/_ext/1171490990/interrupts.o
                0x00000000                exception_table
 *(.isr_vector)
 *(.reset*)
 *(.after_vectors)

.text           0x000000a4       0x20
                0x000000a4                        . = ALIGN (0x4)
 *(.glue_7t)
 .glue_7t       0x000000a4        0x0 linker stubs
 *(.glue_7)
 .glue_7        0x000000a4        0x0 linker stubs
 *(.gnu.linkonce.r.*)
 *(.ARM.extab* .gnu.linkonce.armextab.*)
                0x000000a4                        . = ALIGN (0x4)
 *(.init)
 .init          0x000000a4        0x4 /Applications/microchip/xc32/v5.00/bin/bin/../../lib/gcc/pic32c/13.2.1/thumb/v6-m/nofp/crti.o
                0x000000a4                _init
 .init          0x000000a8        0x8 /Applications/microchip/xc32/v5.00/bin/bin/../../lib/gcc/pic32c/13.2.1/thumb/v6-m/nofp/crtn.o
                0x000000b0                        . = ALIGN (0x4)
                0x000000b0                        __preinit_array_start = .
 *(.preinit_array)
                0x000000b0                        __preinit_array_end = .
                0x000000b0                        . = ALIGN (0x4)
                0x000000b0                        __init_array_start = .
 *(SORT_BY_NAME(.init_array.*))
 *(.init_array)
 .init_array    0x000000b0        0x4 /Applications/microchip/xc32/v5.00/bin/bin/../../lib/gcc/pic32c/13.2.1/thumb/v6-m/nofp/crtbegin.o
                0x000000b4                        __init_array_end = .
                0x000000b4                        . = ALIGN (0x4)
 *crtbegin.o(.ctors)
 *(EXCLUDE_FILE(*crtend.o) .ctors)
 *(SORT_BY_NAME(.ctors.*))
 *crtend.o(.ctors)
                0x000000b4                        . = ALIGN (0x4)
 *(.fini)
 .fini          0x000000b4        0x4 /Applications/microchip/xc32/v5.00/bin/bin/../../lib/gcc/pic32c/13.2.1/thumb/v6-m/nofp/crti.o
                0x000000b4                _fini
 .fini          0x000000b8        0x8 /Applications/microchip/xc32/v5.00/bin/bin/../../lib/gcc/pic32c/13.2.1/thumb/v6-m/nofp/crtn.o
                0x000000c0                        . = ALIGN (0x4)
                0x000000c0                        __fini_array_start = .
 *(.fini_array)
 .fini_array    0x000000c0        0x4 /Applications/microchip/xc32/v5.00/bin/bin/../../lib/gcc/pic32c/13.2.1/thumb/v6-m/nofp/crtbegin.o
 *(SORT_BY_NAME(.fini_array.*))
                0x000000c4                        __fini_array_end = .
 *crtbegin.o(.dtors)
 *(EXCLUDE_FILE(*crtend.o) .dtors)
 *(SORT_BY_NAME(.dtors.*))
 *crtend.o(.dtors)
                0x000000c4                        . = ALIGN (0x4)
                0x000000c4                        _efixed = .
                [!provide]                        PROVIDE (__exidx_start = .)

.ARM.exidx      0x000000c4        0x8
 *(.ARM.exidx* .gnu.linkonce.armexidx.*)
 .ARM.exidx     0x000000c4        0x8 /Applications/microchip/xc32/v5.00/bin/bin/../../lib/gcc/pic32c/13.2.1/thumb/v6-m/nofp/libgcc.a(_udivmoddi4.o)
                [!provide]                        PROVIDE (__exidx_end = .)
                0x000000cc                        . = ALIGN (0x4)
                0x000000cc                        _etext = .

.bss            0x20000000        0x0
                0x20000000                        . = ALIGN (0x4)
                0x20000000                        __bss_start__ = .
                0x20000000                        _sbss = .
                0x20000000                        _szero = .
 *(COMMON)
                0x20000000                        . = ALIGN (0x4)
                0x20000000                        __bss_end__ = .
                0x20000000                        _ebss = .
                0x20000000                        _ezero = .
                0x20000000                        . = ALIGN (0x4)
                0x20000000                        _end = .
                0x20000fff                        _ram_end_ = ((ORIGIN (ram) + LENGTH (ram)) - 0x1)
                0x00000200                        _min_heap_size = 0x200
START GROUP
LOAD /Applications/microchip/xc32/v5.00/bin/bin/../../lib/gcc/pic32c/13.2.1/../../../../pic32c/lib/thumb/v6-m/nofp/libpic32c.a
LOAD /Applications/microchip/xc32/v5.00/bin/bin/../../lib/gcc/pic32c/13.2.1/../../../../pic32c/lib/thumb/v6-m/nofp/libc-size-musl.a
LOAD /Applications/microchip/xc32/v5.00/bin/bin/../../lib/gcc/pic32c/13.2.1/../../../../pic32c/lib/thumb/v6-m/nofp/liblmalloc-musl.a
LOAD /Applications/microchip/xc32/v5.00/bin/bin/../../lib/gcc/pic32c/13.2.1/../../../../pic32c/lib/thumb/v6-m/nofp/libc-musl.a
LOAD /Applications/microchip/xc32/v5.00/bin/bin/../../lib/gcc/pic32c/13.2.1/../../../../pic32c/lib/thumb/v6-m/nofp/libm-fast-emfloat.a
LOAD /Applications/microchip/xc32/v5.00/bin/bin/../../lib/gcc/pic32c/13.2.1/../../../../pic32c/lib/thumb/v6-m/nofp/libm-musl.a
END GROUP
LOAD /Applications/microchip/xc32/v5.00/bin/bin/../../lib/gcc/pic32c/13.2.1/thumb/v6-m/nofp/libgcc.a
LOAD /Applications/microchip/xc32/v5.00/bin/bin/../../lib/gcc/pic32c/13.2.1/thumb/v6-m/nofp/crtend.o
LOAD /Applications/microchip/xc32/v5.00/bin/bin/../../lib/gcc/pic32c/13.2.1/thumb/v6-m/nofp/crtn.o
OUTPUT(dist/default/production/CAN_lab.X.production.elf elf32-littlearm)
LOAD linker stubs
LOAD data_init

.note           0x00000000      0x750
 .note          0x00000000       0x18 /Applications/microchip/xc32/v5.00/bin/bin/../../lib/gcc/pic32c/13.2.1/thumb/v6-m/nofp/crti.o
 .note          0x00000018       0x18 /Applications/microchip/xc32/v5.00/bin/bin/../../lib/gcc/pic32c/13.2.1/thumb/v6-m/nofp/crtbegin.o
 .note          0x00000030       0x18 build/default/production/_ext/60163342/plib_adc.o
 .note          0x00000048       0x18 build/default/production/_ext/1984496892/plib_clock.o
 .note          0x00000060       0x18 build/default/production/_ext/1986646378/plib_evsys.o
 .note          0x00000078       0x18 build/default/production/_ext/1865468468/plib_nvic.o
 .note          0x00000090       0x18 build/default/production/_ext/1593096446/plib_nvmctrl.o
 .note          0x000000a8       0x18 build/default/production/_ext/1865521619/plib_port.o
 .note          0x000000c0       0x18 build/default/production/_ext/17022449/plib_sercom1_spi_master.o
 .note          0x000000d8       0x18 build/default/production/_ext/504274921/plib_sercom0_usart.o
 .note          0x000000f0       0x18 build/default/production/_ext/163028504/xc32_monitor.o
 .note          0x00000108       0x78 build/default/production/_ext/1171490990/initialization.o
 .note          0x00000180       0x18 build/default/production/_ext/1171490990/interrupts.o
 .note          0x00000198       0x18 build/default/production/_ext/1171490990/exceptions.o
 .note          0x000001b0       0x18 build/default/production/_ext/1171490990/startup_xc32.o
 .note          0x000001c8       0x18 build/default/production/_ext/1171490990/libc_syscalls.o
 .note          0x000001e0       0x18 build/default/production/_ext/1360937237/main.o
 .note          0x000001f8       0x18 /Applications/microchip/xc32/v5.00/bin/bin/../../lib/gcc/pic32c/13.2.1/../../../../pic32c/lib/thumb/v6-m/nofp/libpic32c.a(data_init.o)
 .note          0x00000210       0x18 /Applications/microchip/xc32/v5.00/bin/bin/../../lib/gcc/pic32c/13.2.1/../../../../pic32c/lib/thumb/v6-m/nofp/libc-size-musl.a(memcpy.o)
 .note          0x00000228       0x18 /Applications/microchip/xc32/v5.00/bin/bin/../../lib/gcc/pic32c/13.2.1/../../../../pic32c/lib/thumb/v6-m/nofp/libc-musl.a(__libc_start_main.o)
 .note          0x00000240       0x18 /Applications/microchip/xc32/v5.00/bin/bin/../../lib/gcc/pic32c/13.2.1/../../../../pic32c/lib/thumb/v6-m/nofp/libc-musl.a(libc.o)
 .note          0x00000258       0x18 /Applications/microchip/xc32/v5.00/bin/bin/../../lib/gcc/pic32c/13.2.1/../../../../pic32c/lib/thumb/v6-m/nofp/libc-musl.a(stdin.o)
 .note          0x00000270       0x18 /Applications/microchip/xc32/v5.00/bin/bin/../../lib/gcc/pic32c/13.2.1/../../../../pic32c/lib/thumb/v6-m/nofp/libc-musl.a(stdout.o)
 .note          0x00000288       0x18 /Applications/microchip/xc32/v5.00/bin/bin/../../lib/gcc/pic32c/13.2.1/../../../../pic32c/lib/thumb/v6-m/nofp/libc-musl.a(setbuf.o)
 .note          0x000002a0       0x18 /Applications/microchip/xc32/v5.00/bin/bin/../../lib/gcc/pic32c/13.2.1/../../../../pic32c/lib/thumb/v6-m/nofp/libc-musl.a(__environ.o)
 .note          0x000002b8       0x18 /Applications/microchip/xc32/v5.00/bin/bin/../../lib/gcc/pic32c/13.2.1/../../../../pic32c/lib/thumb/v6-m/nofp/libc-musl.a(__io_init_needed.o)
 .note          0x000002d0       0x18 /Applications/microchip/xc32/v5.00/bin/bin/../../lib/gcc/pic32c/13.2.1/../../../../pic32c/lib/thumb/v6-m/nofp/libc-musl.a(__io_rw_needed.o)
 .note          0x000002e8       0x18 /Applications/microchip/xc32/v5.00/bin/bin/../../lib/gcc/pic32c/13.2.1/../../../../pic32c/lib/thumb/v6-m/nofp/libc-musl.a(__stdio_read.o)
 .note          0x00000300       0x18 /Applications/microchip/xc32/v5.00/bin/bin/../../lib/gcc/pic32c/13.2.1/../../../../pic32c/lib/thumb/v6-m/nofp/libc-musl.a(__towrite_rw.o)
 .note          0x00000318       0x18 /Applications/microchip/xc32/v5.00/bin/bin/../../lib/gcc/pic32c/13.2.1/../../../../pic32c/lib/thumb/v6-m/nofp/libc-musl.a(setvbuf.o)
 .note          0x00000330       0x18 /Applications/microchip/xc32/v5.00/bin/bin/../../lib/gcc/pic32c/13.2.1/../../../../pic32c/lib/thumb/v6-m/nofp/libc-musl.a(readv.o)
 .note          0x00000348       0x18 /Applications/microchip/xc32/v5.00/bin/bin/../../lib/gcc/pic32c/13.2.1/../../../../pic32c/lib/thumb/v6-m/nofp/libc-musl.a(__fopen_rw.o)
 .note          0x00000360       0x18 /Applications/microchip/xc32/v5.00/bin/bin/../../lib/gcc/pic32c/13.2.1/../../../../pic32c/lib/thumb/v6-m/nofp/libc-musl.a(__ftello_rw.o)
 .note          0x00000378       0x18 /Applications/microchip/xc32/v5.00/bin/bin/../../lib/gcc/pic32c/13.2.1/../../../../pic32c/lib/thumb/v6-m/nofp/libc-musl.a(__init_stdio.o)
 .note          0x00000390       0x18 /Applications/microchip/xc32/v5.00/bin/bin/../../lib/gcc/pic32c/13.2.1/../../../../pic32c/lib/thumb/v6-m/nofp/libc-musl.a(__io_buf_needed.o)
 .note          0x000003a8       0x18 /Applications/microchip/xc32/v5.00/bin/bin/../../lib/gcc/pic32c/13.2.1/../../../../pic32c/lib/thumb/v6-m/nofp/libc-musl.a(__io_file_needed.o)
 .note          0x000003c0       0x18 /Applications/microchip/xc32/v5.00/bin/bin/../../lib/gcc/pic32c/13.2.1/../../../../pic32c/lib/thumb/v6-m/nofp/libc-musl.a(__io_std_needed.o)
 .note          0x000003d8       0x18 /Applications/microchip/xc32/v5.00/bin/bin/../../lib/gcc/pic32c/13.2.1/../../../../pic32c/lib/thumb/v6-m/nofp/libc-musl.a(__out.o)
 .note          0x000003f0       0x18 /Applications/microchip/xc32/v5.00/bin/bin/../../lib/gcc/pic32c/13.2.1/../../../../pic32c/lib/thumb/v6-m/nofp/libc-musl.a(__putc.o)
 .note          0x00000408       0x18 /Applications/microchip/xc32/v5.00/bin/bin/../../lib/gcc/pic32c/13.2.1/../../../../pic32c/lib/thumb/v6-m/nofp/libc-musl.a(__stderr.o)
 .note          0x00000420       0x18 /Applications/microchip/xc32/v5.00/bin/bin/../../lib/gcc/pic32c/13.2.1/../../../../pic32c/lib/thumb/v6-m/nofp/libc-musl.a(__stdio_close.o)
 .note          0x00000438       0x18 /Applications/microchip/xc32/v5.00/bin/bin/../../lib/gcc/pic32c/13.2.1/../../../../pic32c/lib/thumb/v6-m/nofp/libc-musl.a(__stdio_exit.o)
 .note          0x00000450       0x18 /Applications/microchip/xc32/v5.00/bin/bin/../../lib/gcc/pic32c/13.2.1/../../../../pic32c/lib/thumb/v6-m/nofp/libc-musl.a(__stdio_write.o)
 .note          0x00000468       0x18 /Applications/microchip/xc32/v5.00/bin/bin/../../lib/gcc/pic32c/13.2.1/../../../../pic32c/lib/thumb/v6-m/nofp/libc-musl.a(__stdout.o)
 .note          0x00000480       0x18 /Applications/microchip/xc32/v5.00/bin/bin/../../lib/gcc/pic32c/13.2.1/../../../../pic32c/lib/thumb/v6-m/nofp/libc-musl.a(__towrite.o)
 .note          0x00000498       0x18 /Applications/microchip/xc32/v5.00/bin/bin/../../lib/gcc/pic32c/13.2.1/../../../../pic32c/lib/thumb/v6-m/nofp/libc-musl.a(putc.o)
 .note          0x000004b0       0x18 /Applications/microchip/xc32/v5.00/bin/bin/../../lib/gcc/pic32c/13.2.1/../../../../pic32c/lib/thumb/v6-m/nofp/libc-musl.a(writev.o)
 .note          0x000004c8       0x18 /Applications/microchip/xc32/v5.00/bin/bin/../../lib/gcc/pic32c/13.2.1/../../../../pic32c/lib/thumb/v6-m/nofp/libc-musl.a(__overflow.o)
 .note          0x000004e0       0x18 /Applications/microchip/xc32/v5.00/bin/bin/../../lib/gcc/pic32c/13.2.1/../../../../pic32c/lib/thumb/v6-m/nofp/libc-musl.a(__fclose.o)
 .note          0x000004f8       0x18 /Applications/microchip/xc32/v5.00/bin/bin/../../lib/gcc/pic32c/13.2.1/../../../../pic32c/lib/thumb/v6-m/nofp/libc-musl.a(__fopen.o)
 .note          0x00000510       0x18 /Applications/microchip/xc32/v5.00/bin/bin/../../lib/gcc/pic32c/13.2.1/../../../../pic32c/lib/thumb/v6-m/nofp/libc-musl.a(__fseeko.o)
 .note          0x00000528       0x18 /Applications/microchip/xc32/v5.00/bin/bin/../../lib/gcc/pic32c/13.2.1/../../../../pic32c/lib/thumb/v6-m/nofp/libc-musl.a(__ftello.o)
 .note          0x00000540       0x18 /Applications/microchip/xc32/v5.00/bin/bin/../../lib/gcc/pic32c/13.2.1/../../../../pic32c/lib/thumb/v6-m/nofp/libc-musl.a(__fwrite.o)
 .note          0x00000558       0x18 /Applications/microchip/xc32/v5.00/bin/bin/../../lib/gcc/pic32c/13.2.1/../../../../pic32c/lib/thumb/v6-m/nofp/libpic32c.a(close.o)
 .note          0x00000570       0x18 /Applications/microchip/xc32/v5.00/bin/bin/../../lib/gcc/pic32c/13.2.1/../../../../pic32c/lib/thumb/v6-m/nofp/libpic32c.a(lseek.o)
 .note          0x00000588       0x18 /Applications/microchip/xc32/v5.00/bin/bin/../../lib/gcc/pic32c/13.2.1/../../../../pic32c/lib/thumb/v6-m/nofp/libc-size-musl.a(memset.o)
 .note          0x000005a0       0x18 /Applications/microchip/xc32/v5.00/bin/bin/../../lib/gcc/pic32c/13.2.1/../../../../pic32c/lib/thumb/v6-m/nofp/liblmalloc-musl.a(lite_malloc.o)
 .note          0x000005b8       0x18 /Applications/microchip/xc32/v5.00/bin/bin/../../lib/gcc/pic32c/13.2.1/../../../../pic32c/lib/thumb/v6-m/nofp/liblmalloc-musl.a(lite_free.o)
 .note          0x000005d0       0x18 /Applications/microchip/xc32/v5.00/bin/bin/../../lib/gcc/pic32c/13.2.1/../../../../pic32c/lib/thumb/v6-m/nofp/libc-musl.a(__errno_location.o)
 .note          0x000005e8       0x18 /Applications/microchip/xc32/v5.00/bin/bin/../../lib/gcc/pic32c/13.2.1/../../../../pic32c/lib/thumb/v6-m/nofp/libc-musl.a(expand_heap.o)
 .note          0x00000600       0x18 /Applications/microchip/xc32/v5.00/bin/bin/../../lib/gcc/pic32c/13.2.1/../../../../pic32c/lib/thumb/v6-m/nofp/libpic32c.a(sbrk.o)
 .note          0x00000618       0x18 /Applications/microchip/xc32/v5.00/bin/bin/../../lib/gcc/pic32c/13.2.1/thumb/v6-m/nofp/libgcc.a(_udivsi3.o)
 .note          0x00000630       0x18 /Applications/microchip/xc32/v5.00/bin/bin/../../lib/gcc/pic32c/13.2.1/thumb/v6-m/nofp/libgcc.a(_divsi3.o)
 .note          0x00000648       0x18 /Applications/microchip/xc32/v5.00/bin/bin/../../lib/gcc/pic32c/13.2.1/thumb/v6-m/nofp/libgcc.a(_dvmd_tls.o)
 .note          0x00000660       0x18 /Applications/microchip/xc32/v5.00/bin/bin/../../lib/gcc/pic32c/13.2.1/thumb/v6-m/nofp/libgcc.a(_aeabi_uldivmod.o)
 .note          0x00000678       0x18 /Applications/microchip/xc32/v5.00/bin/bin/../../lib/gcc/pic32c/13.2.1/thumb/v6-m/nofp/libgcc.a(_udivmoddi4.o)
 .note          0x00000690       0x18 /Applications/microchip/xc32/v5.00/bin/bin/../../lib/gcc/pic32c/13.2.1/thumb/v6-m/nofp/libgcc.a(_lshrdi3.o)
 .note          0x000006a8       0x18 /Applications/microchip/xc32/v5.00/bin/bin/../../lib/gcc/pic32c/13.2.1/thumb/v6-m/nofp/libgcc.a(_ashldi3.o)
 .note          0x000006c0       0x18 /Applications/microchip/xc32/v5.00/bin/bin/../../lib/gcc/pic32c/13.2.1/thumb/v6-m/nofp/libgcc.a(_clzdi2.o)
 .note          0x000006d8       0x18 /Applications/microchip/xc32/v5.00/bin/bin/../../lib/gcc/pic32c/13.2.1/thumb/v6-m/nofp/libgcc.a(_clzsi2.o)
 .note          0x000006f0       0x18 /Applications/microchip/xc32/v5.00/bin/bin/../../lib/gcc/pic32c/13.2.1/thumb/v6-m/nofp/crtend.o
 .note          0x00000708       0x18 /Applications/microchip/xc32/v5.00/bin/bin/../../lib/gcc/pic32c/13.2.1/thumb/v6-m/nofp/crtn.o
 .note          0x00000720       0x18 /Applications/microchip/xc32/v5.00/bin/bin/../../lib/gcc/pic32c/13.2.1/../../../../pic32c/lib/thumb/v6-m/nofp/libpic32c.a(pic32_data_init_clear.o)
 .note          0x00000738       0x18 /Applications/microchip/xc32/v5.00/bin/bin/../../lib/gcc/pic32c/13.2.1/../../../../pic32c/lib/thumb/v6-m/nofp/libpic32c.a(pic32_data_init_copy.o)

.ARM.attributes
                0x00000000       0x2c
 .ARM.attributes
                0x00000000       0x1e /Applications/microchip/xc32/v5.00/bin/bin/../../lib/gcc/pic32c/13.2.1/thumb/v6-m/nofp/crti.o
 .ARM.attributes
                0x0000001e       0x2c /Applications/microchip/xc32/v5.00/bin/bin/../../lib/gcc/pic32c/13.2.1/thumb/v6-m/nofp/crtbegin.o
 .ARM.attributes
                0x0000004a       0x2c build/default/production/_ext/60163342/plib_adc.o
 .ARM.attributes
                0x00000076       0x2c build/default/production/_ext/1984496892/plib_clock.o
 .ARM.attributes
                0x000000a2       0x2c build/default/production/_ext/1865468468/plib_nvic.o
 .ARM.attributes
                0x000000ce       0x2c build/default/production/_ext/1593096446/plib_nvmctrl.o
 .ARM.attributes
                0x000000fa       0x2c build/default/production/_ext/1865521619/plib_port.o
 .ARM.attributes
                0x00000126       0x2c build/default/production/_ext/17022449/plib_sercom1_spi_master.o
 .ARM.attributes
                0x00000152       0x2c build/default/production/_ext/504274921/plib_sercom0_usart.o
 .ARM.attributes
                0x0000017e       0x2c build/default/production/_ext/163028504/xc32_monitor.o
 .ARM.attributes
                0x000001aa       0x2c build/default/production/_ext/1171490990/initialization.o
 .ARM.attributes
                0x000001d6       0x2c build/default/production/_ext/1171490990/interrupts.o
 .ARM.attributes
                0x00000202       0x2c build/default/production/_ext/1171490990/exceptions.o
 .ARM.attributes
                0x0000022e       0x2c build/default/production/_ext/1171490990/startup_xc32.o
 .ARM.attributes
                0x0000025a       0x2c build/default/production/_ext/1360937237/main.o
 .ARM.attributes
                0x00000286       0x2c /Applications/microchip/xc32/v5.00/bin/bin/../../lib/gcc/pic32c/13.2.1/../../../../pic32c/lib/thumb/v6-m/nofp/libpic32c.a(data_init.o)
 .ARM.attributes
                0x000002b2       0x2e /Applications/microchip/xc32/v5.00/bin/bin/../../lib/gcc/pic32c/13.2.1/../../../../pic32c/lib/thumb/v6-m/nofp/libc-size-musl.a(memcpy.o)
 .ARM.attributes
                0x000002e0       0x2e /Applications/microchip/xc32/v5.00/bin/bin/../../lib/gcc/pic32c/13.2.1/../../../../pic32c/lib/thumb/v6-m/nofp/libc-musl.a(__libc_start_main.o)
 .ARM.attributes
                0x0000030e       0x2e /Applications/microchip/xc32/v5.00/bin/bin/../../lib/gcc/pic32c/13.2.1/../../../../pic32c/lib/thumb/v6-m/nofp/libc-musl.a(libc.o)
 .ARM.attributes
                0x0000033c       0x2e /Applications/microchip/xc32/v5.00/bin/bin/../../lib/gcc/pic32c/13.2.1/../../../../pic32c/lib/thumb/v6-m/nofp/libc-musl.a(stdin.o)
 .ARM.attributes
                0x0000036a       0x2e /Applications/microchip/xc32/v5.00/bin/bin/../../lib/gcc/pic32c/13.2.1/../../../../pic32c/lib/thumb/v6-m/nofp/libc-musl.a(stdout.o)
 .ARM.attributes
                0x00000398       0x2e /Applications/microchip/xc32/v5.00/bin/bin/../../lib/gcc/pic32c/13.2.1/../../../../pic32c/lib/thumb/v6-m/nofp/libc-musl.a(setbuf.o)
 .ARM.attributes
                0x000003c6       0x2e /Applications/microchip/xc32/v5.00/bin/bin/../../lib/gcc/pic32c/13.2.1/../../../../pic32c/lib/thumb/v6-m/nofp/libc-musl.a(__environ.o)
 .ARM.attributes
                0x000003f4       0x2e /Applications/microchip/xc32/v5.00/bin/bin/../../lib/gcc/pic32c/13.2.1/../../../../pic32c/lib/thumb/v6-m/nofp/libc-musl.a(__stdio_read.o)
 .ARM.attributes
                0x00000422       0x2e /Applications/microchip/xc32/v5.00/bin/bin/../../lib/gcc/pic32c/13.2.1/../../../../pic32c/lib/thumb/v6-m/nofp/libc-musl.a(__towrite_rw.o)
 .ARM.attributes
                0x00000450       0x2e /Applications/microchip/xc32/v5.00/bin/bin/../../lib/gcc/pic32c/13.2.1/../../../../pic32c/lib/thumb/v6-m/nofp/libc-musl.a(setvbuf.o)
 .ARM.attributes
                0x0000047e       0x2e /Applications/microchip/xc32/v5.00/bin/bin/../../lib/gcc/pic32c/13.2.1/../../../../pic32c/lib/thumb/v6-m/nofp/libc-musl.a(readv.o)
 .ARM.attributes
                0x000004ac       0x2e /Applications/microchip/xc32/v5.00/bin/bin/../../lib/gcc/pic32c/13.2.1/../../../../pic32c/lib/thumb/v6-m/nofp/libc-musl.a(__init_stdio.o)
 .ARM.attributes
                0x000004da       0x2e /Applications/microchip/xc32/v5.00/bin/bin/../../lib/gcc/pic32c/13.2.1/../../../../pic32c/lib/thumb/v6-m/nofp/libc-musl.a(__out.o)
 .ARM.attributes
                0x00000508       0x2e /Applications/microchip/xc32/v5.00/bin/bin/../../lib/gcc/pic32c/13.2.1/../../../../pic32c/lib/thumb/v6-m/nofp/libc-musl.a(__stderr.o)
 .ARM.attributes
                0x00000536       0x2e /Applications/microchip/xc32/v5.00/bin/bin/../../lib/gcc/pic32c/13.2.1/../../../../pic32c/lib/thumb/v6-m/nofp/libc-musl.a(__stdio_close.o)
 .ARM.attributes
                0x00000564       0x2e /Applications/microchip/xc32/v5.00/bin/bin/../../lib/gcc/pic32c/13.2.1/../../../../pic32c/lib/thumb/v6-m/nofp/libc-musl.a(__stdio_write.o)
 .ARM.attributes
                0x00000592       0x2e /Applications/microchip/xc32/v5.00/bin/bin/../../lib/gcc/pic32c/13.2.1/../../../../pic32c/lib/thumb/v6-m/nofp/libc-musl.a(__stdout.o)
 .ARM.attributes
                0x000005c0       0x2e /Applications/microchip/xc32/v5.00/bin/bin/../../lib/gcc/pic32c/13.2.1/../../../../pic32c/lib/thumb/v6-m/nofp/libc-musl.a(__towrite.o)
 .ARM.attributes
                0x000005ee       0x2e /Applications/microchip/xc32/v5.00/bin/bin/../../lib/gcc/pic32c/13.2.1/../../../../pic32c/lib/thumb/v6-m/nofp/libc-musl.a(writev.o)
 .ARM.attributes
                0x0000061c       0x2c /Applications/microchip/xc32/v5.00/bin/bin/../../lib/gcc/pic32c/13.2.1/../../../../pic32c/lib/thumb/v6-m/nofp/libpic32c.a(close.o)
 .ARM.attributes
                0x00000648       0x2c /Applications/microchip/xc32/v5.00/bin/bin/../../lib/gcc/pic32c/13.2.1/../../../../pic32c/lib/thumb/v6-m/nofp/libpic32c.a(lseek.o)
 .ARM.attributes
                0x00000674       0x2e /Applications/microchip/xc32/v5.00/bin/bin/../../lib/gcc/pic32c/13.2.1/../../../../pic32c/lib/thumb/v6-m/nofp/liblmalloc-musl.a(lite_malloc.o)
 .ARM.attributes
                0x000006a2       0x2e /Applications/microchip/xc32/v5.00/bin/bin/../../lib/gcc/pic32c/13.2.1/../../../../pic32c/lib/thumb/v6-m/nofp/liblmalloc-musl.a(lite_free.o)
 .ARM.attributes
                0x000006d0       0x2e /Applications/microchip/xc32/v5.00/bin/bin/../../lib/gcc/pic32c/13.2.1/../../../../pic32c/lib/thumb/v6-m/nofp/libc-musl.a(__errno_location.o)
 .ARM.attributes
                0x000006fe       0x2e /Applications/microchip/xc32/v5.00/bin/bin/../../lib/gcc/pic32c/13.2.1/../../../../pic32c/lib/thumb/v6-m/nofp/libc-musl.a(expand_heap.o)
 .ARM.attributes
                0x0000072c       0x2c /Applications/microchip/xc32/v5.00/bin/bin/../../lib/gcc/pic32c/13.2.1/../../../../pic32c/lib/thumb/v6-m/nofp/libpic32c.a(sbrk.o)
 .ARM.attributes
                0x00000758       0x1e /Applications/microchip/xc32/v5.00/bin/bin/../../lib/gcc/pic32c/13.2.1/thumb/v6-m/nofp/libgcc.a(_udivsi3.o)
 .ARM.attributes
                0x00000776       0x1e /Applications/microchip/xc32/v5.00/bin/bin/../../lib/gcc/pic32c/13.2.1/thumb/v6-m/nofp/libgcc.a(_divsi3.o)
 .ARM.attributes
                0x00000794       0x1e /Applications/microchip/xc32/v5.00/bin/bin/../../lib/gcc/pic32c/13.2.1/thumb/v6-m/nofp/libgcc.a(_dvmd_tls.o)
 .ARM.attributes
                0x000007b2       0x1e /Applications/microchip/xc32/v5.00/bin/bin/../../lib/gcc/pic32c/13.2.1/thumb/v6-m/nofp/libgcc.a(_aeabi_uldivmod.o)
 .ARM.attributes
                0x000007d0       0x2c /Applications/microchip/xc32/v5.00/bin/bin/../../lib/gcc/pic32c/13.2.1/thumb/v6-m/nofp/libgcc.a(_udivmoddi4.o)
 .ARM.attributes
                0x000007fc       0x1e /Applications/microchip/xc32/v5.00/bin/bin/../../lib/gcc/pic32c/13.2.1/thumb/v6-m/nofp/libgcc.a(_lshrdi3.o)
 .ARM.attributes
                0x0000081a       0x1e /Applications/microchip/xc32/v5.00/bin/bin/../../lib/gcc/pic32c/13.2.1/thumb/v6-m/nofp/libgcc.a(_ashldi3.o)
 .ARM.attributes
                0x00000838       0x1e /Applications/microchip/xc32/v5.00/bin/bin/../../lib/gcc/pic32c/13.2.1/thumb/v6-m/nofp/libgcc.a(_clzdi2.o)
 .ARM.attributes
                0x00000856       0x1e /Applications/microchip/xc32/v5.00/bin/bin/../../lib/gcc/pic32c/13.2.1/thumb/v6-m/nofp/libgcc.a(_clzsi2.o)
 .ARM.attributes
                0x00000874       0x1e /Applications/microchip/xc32/v5.00/bin/bin/../../lib/gcc/pic32c/13.2.1/thumb/v6-m/nofp/crtn.o
 .ARM.attributes
                0x00000892       0x2c /Applications/microchip/xc32/v5.00/bin/bin/../../lib/gcc/pic32c/13.2.1/../../../../pic32c/lib/thumb/v6-m/nofp/libpic32c.a(pic32_data_init_clear.o)
 .ARM.attributes
                0x000008be       0x2c /Applications/microchip/xc32/v5.00/bin/bin/../../lib/gcc/pic32c/13.2.1/../../../../pic32c/lib/thumb/v6-m/nofp/libpic32c.a(pic32_data_init_copy.o)

.comment        0x00000000       0x35
 .comment       0x00000000       0x35 /Applications/microchip/xc32/v5.00/bin/bin/../../lib/gcc/pic32c/13.2.1/thumb/v6-m/nofp/crtbegin.o
                                 0x36 (size before relaxing)
 .comment       0x00000035       0x36 build/default/production/_ext/60163342/plib_adc.o
 .comment       0x00000035       0x36 build/default/production/_ext/1984496892/plib_clock.o
 .comment       0x00000035       0x36 build/default/production/_ext/1865468468/plib_nvic.o
 .comment       0x00000035       0x36 build/default/production/_ext/1593096446/plib_nvmctrl.o
 .comment       0x00000035       0x36 build/default/production/_ext/1865521619/plib_port.o
 .comment       0x00000035       0x36 build/default/production/_ext/17022449/plib_sercom1_spi_master.o
 .comment       0x00000035       0x36 build/default/production/_ext/504274921/plib_sercom0_usart.o
 .comment       0x00000035       0x36 build/default/production/_ext/163028504/xc32_monitor.o
 .comment       0x00000035       0x36 build/default/production/_ext/1171490990/initialization.o
 .comment       0x00000035       0x36 build/default/production/_ext/1171490990/interrupts.o
 .comment       0x00000035       0x36 build/default/production/_ext/1171490990/exceptions.o
 .comment       0x00000035       0x36 build/default/production/_ext/1171490990/startup_xc32.o
 .comment       0x00000035       0x36 build/default/production/_ext/1360937237/main.o
 .comment       0x00000035       0x36 /Applications/microchip/xc32/v5.00/bin/bin/../../lib/gcc/pic32c/13.2.1/../../../../pic32c/lib/thumb/v6-m/nofp/libpic32c.a(data_init.o)
 .comment       0x00000035       0x36 /Applications/microchip/xc32/v5.00/bin/bin/../../lib/gcc/pic32c/13.2.1/../../../../pic32c/lib/thumb/v6-m/nofp/libc-size-musl.a(memcpy.o)
 .comment       0x00000035       0x36 /Applications/microchip/xc32/v5.00/bin/bin/../../lib/gcc/pic32c/13.2.1/../../../../pic32c/lib/thumb/v6-m/nofp/libc-musl.a(__libc_start_main.o)
 .comment       0x00000035       0x36 /Applications/microchip/xc32/v5.00/bin/bin/../../lib/gcc/pic32c/13.2.1/../../../../pic32c/lib/thumb/v6-m/nofp/libc-musl.a(libc.o)
 .comment       0x00000035       0x36 /Applications/microchip/xc32/v5.00/bin/bin/../../lib/gcc/pic32c/13.2.1/../../../../pic32c/lib/thumb/v6-m/nofp/libc-musl.a(stdin.o)
 .comment       0x00000035       0x36 /Applications/microchip/xc32/v5.00/bin/bin/../../lib/gcc/pic32c/13.2.1/../../../../pic32c/lib/thumb/v6-m/nofp/libc-musl.a(stdout.o)
 .comment       0x00000035       0x36 /Applications/microchip/xc32/v5.00/bin/bin/../../lib/gcc/pic32c/13.2.1/../../../../pic32c/lib/thumb/v6-m/nofp/libc-musl.a(setbuf.o)
 .comment       0x00000035       0x36 /Applications/microchip/xc32/v5.00/bin/bin/../../lib/gcc/pic32c/13.2.1/../../../../pic32c/lib/thumb/v6-m/nofp/libc-musl.a(__environ.o)
 .comment       0x00000035       0x36 /Applications/microchip/xc32/v5.00/bin/bin/../../lib/gcc/pic32c/13.2.1/../../../../pic32c/lib/thumb/v6-m/nofp/libc-musl.a(__stdio_read.o)
 .comment       0x00000035       0x36 /Applications/microchip/xc32/v5.00/bin/bin/../../lib/gcc/pic32c/13.2.1/../../../../pic32c/lib/thumb/v6-m/nofp/libc-musl.a(__towrite_rw.o)
 .comment       0x00000035       0x36 /Applications/microchip/xc32/v5.00/bin/bin/../../lib/gcc/pic32c/13.2.1/../../../../pic32c/lib/thumb/v6-m/nofp/libc-musl.a(setvbuf.o)
 .comment       0x00000035       0x36 /Applications/microchip/xc32/v5.00/bin/bin/../../lib/gcc/pic32c/13.2.1/../../../../pic32c/lib/thumb/v6-m/nofp/libc-musl.a(readv.o)
 .comment       0x00000035       0x36 /Applications/microchip/xc32/v5.00/bin/bin/../../lib/gcc/pic32c/13.2.1/../../../../pic32c/lib/thumb/v6-m/nofp/libc-musl.a(__init_stdio.o)
 .comment       0x00000035       0x36 /Applications/microchip/xc32/v5.00/bin/bin/../../lib/gcc/pic32c/13.2.1/../../../../pic32c/lib/thumb/v6-m/nofp/libc-musl.a(__out.o)
 .comment       0x00000035       0x36 /Applications/microchip/xc32/v5.00/bin/bin/../../lib/gcc/pic32c/13.2.1/../../../../pic32c/lib/thumb/v6-m/nofp/libc-musl.a(__stderr.o)
 .comment       0x00000035       0x36 /Applications/microchip/xc32/v5.00/bin/bin/../../lib/gcc/pic32c/13.2.1/../../../../pic32c/lib/thumb/v6-m/nofp/libc-musl.a(__stdio_close.o)
 .comment       0x00000035       0x36 /Applications/microchip/xc32/v5.00/bin/bin/../../lib/gcc/pic32c/13.2.1/../../../../pic32c/lib/thumb/v6-m/nofp/libc-musl.a(__stdio_write.o)
 .comment       0x00000035       0x36 /Applications/microchip/xc32/v5.00/bin/bin/../../lib/gcc/pic32c/13.2.1/../../../../pic32c/lib/thumb/v6-m/nofp/libc-musl.a(__stdout.o)
 .comment       0x00000035       0x36 /Applications/microchip/xc32/v5.00/bin/bin/../../lib/gcc/pic32c/13.2.1/../../../../pic32c/lib/thumb/v6-m/nofp/libc-musl.a(__towrite.o)
 .comment       0x00000035       0x36 /Applications/microchip/xc32/v5.00/bin/bin/../../lib/gcc/pic32c/13.2.1/../../../../pic32c/lib/thumb/v6-m/nofp/libc-musl.a(writev.o)
 .comment       0x00000035       0x36 /Applications/microchip/xc32/v5.00/bin/bin/../../lib/gcc/pic32c/13.2.1/../../../../pic32c/lib/thumb/v6-m/nofp/libpic32c.a(close.o)
 .comment       0x00000035       0x36 /Applications/microchip/xc32/v5.00/bin/bin/../../lib/gcc/pic32c/13.2.1/../../../../pic32c/lib/thumb/v6-m/nofp/libpic32c.a(lseek.o)
 .comment       0x00000035       0x36 /Applications/microchip/xc32/v5.00/bin/bin/../../lib/gcc/pic32c/13.2.1/../../../../pic32c/lib/thumb/v6-m/nofp/liblmalloc-musl.a(lite_malloc.o)
 .comment       0x00000035       0x36 /Applications/microchip/xc32/v5.00/bin/bin/../../lib/gcc/pic32c/13.2.1/../../../../pic32c/lib/thumb/v6-m/nofp/liblmalloc-musl.a(lite_free.o)
 .comment       0x00000035       0x36 /Applications/microchip/xc32/v5.00/bin/bin/../../lib/gcc/pic32c/13.2.1/../../../../pic32c/lib/thumb/v6-m/nofp/libc-musl.a(__errno_location.o)
 .comment       0x00000035       0x36 /Applications/microchip/xc32/v5.00/bin/bin/../../lib/gcc/pic32c/13.2.1/../../../../pic32c/lib/thumb/v6-m/nofp/libc-musl.a(expand_heap.o)
 .comment       0x00000035       0x36 /Applications/microchip/xc32/v5.00/bin/bin/../../lib/gcc/pic32c/13.2.1/../../../../pic32c/lib/thumb/v6-m/nofp/libpic32c.a(sbrk.o)
 .comment       0x00000035       0x36 /Applications/microchip/xc32/v5.00/bin/bin/../../lib/gcc/pic32c/13.2.1/thumb/v6-m/nofp/libgcc.a(_udivmoddi4.o)
 .comment       0x00000035       0x36 /Applications/microchip/xc32/v5.00/bin/bin/../../lib/gcc/pic32c/13.2.1/../../../../pic32c/lib/thumb/v6-m/nofp/libpic32c.a(pic32_data_init_clear.o)
 .comment       0x00000035       0x36 /Applications/microchip/xc32/v5.00/bin/bin/../../lib/gcc/pic32c/13.2.1/../../../../pic32c/lib/thumb/v6-m/nofp/libpic32c.a(pic32_data_init_copy.o)

.debug_info     0x00000000     0x95fd
 .debug_info    0x00000000      0x626 build/default/production/_ext/60163342/plib_adc.o
 .debug_info    0x00000626      0x504 build/default/production/_ext/1984496892/plib_clock.o
 .debug_info    0x00000b2a      0x659 build/default/production/_ext/1865468468/plib_nvic.o
 .debug_info    0x00001183      0x545 build/default/production/_ext/1593096446/plib_nvmctrl.o
 .debug_info    0x000016c8      0x673 build/default/production/_ext/1865521619/plib_port.o
 .debug_info    0x00001d3b      0xc26 build/default/production/_ext/17022449/plib_sercom1_spi_master.o
 .debug_info    0x00002961      0xc00 build/default/production/_ext/504274921/plib_sercom0_usart.o
 .debug_info    0x00003561      0x19a build/default/production/_ext/163028504/xc32_monitor.o
 .debug_info    0x000036fb      0x2de build/default/production/_ext/1171490990/initialization.o
 .debug_info    0x000039d9      0x3b6 build/default/production/_ext/1171490990/interrupts.o
 .debug_info    0x00003d8f       0xb8 build/default/production/_ext/1171490990/exceptions.o
 .debug_info    0x00003e47      0x200 build/default/production/_ext/1171490990/startup_xc32.o
 .debug_info    0x00004047     0x1110 build/default/production/_ext/1360937237/main.o
 .debug_info    0x00005157      0x212 /Applications/microchip/xc32/v5.00/bin/bin/../../lib/gcc/pic32c/13.2.1/../../../../pic32c/lib/thumb/v6-m/nofp/libpic32c.a(data_init.o)
 .debug_info    0x00005369       0xed /Applications/microchip/xc32/v5.00/bin/bin/../../lib/gcc/pic32c/13.2.1/../../../../pic32c/lib/thumb/v6-m/nofp/libc-size-musl.a(memcpy.o)
 .debug_info    0x00005456      0x2fb /Applications/microchip/xc32/v5.00/bin/bin/../../lib/gcc/pic32c/13.2.1/../../../../pic32c/lib/thumb/v6-m/nofp/libc-musl.a(__libc_start_main.o)
 .debug_info    0x00005751      0x276 /Applications/microchip/xc32/v5.00/bin/bin/../../lib/gcc/pic32c/13.2.1/../../../../pic32c/lib/thumb/v6-m/nofp/libc-musl.a(libc.o)
 .debug_info    0x000059c7      0x424 /Applications/microchip/xc32/v5.00/bin/bin/../../lib/gcc/pic32c/13.2.1/../../../../pic32c/lib/thumb/v6-m/nofp/libc-musl.a(stdin.o)
 .debug_info    0x00005deb      0x1e6 /Applications/microchip/xc32/v5.00/bin/bin/../../lib/gcc/pic32c/13.2.1/../../../../pic32c/lib/thumb/v6-m/nofp/libc-musl.a(stdout.o)
 .debug_info    0x00005fd1      0x121 /Applications/microchip/xc32/v5.00/bin/bin/../../lib/gcc/pic32c/13.2.1/../../../../pic32c/lib/thumb/v6-m/nofp/libc-musl.a(setbuf.o)
 .debug_info    0x000060f2       0x97 /Applications/microchip/xc32/v5.00/bin/bin/../../lib/gcc/pic32c/13.2.1/../../../../pic32c/lib/thumb/v6-m/nofp/libc-musl.a(__environ.o)
 .debug_info    0x00006189      0x40b /Applications/microchip/xc32/v5.00/bin/bin/../../lib/gcc/pic32c/13.2.1/../../../../pic32c/lib/thumb/v6-m/nofp/libc-musl.a(__stdio_read.o)
 .debug_info    0x00006594      0x331 /Applications/microchip/xc32/v5.00/bin/bin/../../lib/gcc/pic32c/13.2.1/../../../../pic32c/lib/thumb/v6-m/nofp/libc-musl.a(__towrite_rw.o)
 .debug_info    0x000068c5      0x2ea /Applications/microchip/xc32/v5.00/bin/bin/../../lib/gcc/pic32c/13.2.1/../../../../pic32c/lib/thumb/v6-m/nofp/libc-musl.a(setvbuf.o)
 .debug_info    0x00006baf      0x163 /Applications/microchip/xc32/v5.00/bin/bin/../../lib/gcc/pic32c/13.2.1/../../../../pic32c/lib/thumb/v6-m/nofp/libc-musl.a(readv.o)
 .debug_info    0x00006d12       0xc3 /Applications/microchip/xc32/v5.00/bin/bin/../../lib/gcc/pic32c/13.2.1/../../../../pic32c/lib/thumb/v6-m/nofp/libc-musl.a(__init_stdio.o)
 .debug_info    0x00006dd5      0x2fb /Applications/microchip/xc32/v5.00/bin/bin/../../lib/gcc/pic32c/13.2.1/../../../../pic32c/lib/thumb/v6-m/nofp/libc-musl.a(__out.o)
 .debug_info    0x000070d0      0x3e7 /Applications/microchip/xc32/v5.00/bin/bin/../../lib/gcc/pic32c/13.2.1/../../../../pic32c/lib/thumb/v6-m/nofp/libc-musl.a(__stderr.o)
 .debug_info    0x000074b7      0x419 /Applications/microchip/xc32/v5.00/bin/bin/../../lib/gcc/pic32c/13.2.1/../../../../pic32c/lib/thumb/v6-m/nofp/libc-musl.a(__stdio_close.o)
 .debug_info    0x000078d0      0x485 /Applications/microchip/xc32/v5.00/bin/bin/../../lib/gcc/pic32c/13.2.1/../../../../pic32c/lib/thumb/v6-m/nofp/libc-musl.a(__stdio_write.o)
 .debug_info    0x00007d55      0x3e7 /Applications/microchip/xc32/v5.00/bin/bin/../../lib/gcc/pic32c/13.2.1/../../../../pic32c/lib/thumb/v6-m/nofp/libc-musl.a(__stdout.o)
 .debug_info    0x0000813c      0x275 /Applications/microchip/xc32/v5.00/bin/bin/../../lib/gcc/pic32c/13.2.1/../../../../pic32c/lib/thumb/v6-m/nofp/libc-musl.a(__towrite.o)
 .debug_info    0x000083b1      0x16a /Applications/microchip/xc32/v5.00/bin/bin/../../lib/gcc/pic32c/13.2.1/../../../../pic32c/lib/thumb/v6-m/nofp/libc-musl.a(writev.o)
 .debug_info    0x0000851b       0xa6 /Applications/microchip/xc32/v5.00/bin/bin/../../lib/gcc/pic32c/13.2.1/../../../../pic32c/lib/thumb/v6-m/nofp/libpic32c.a(close.o)
 .debug_info    0x000085c1       0xbc /Applications/microchip/xc32/v5.00/bin/bin/../../lib/gcc/pic32c/13.2.1/../../../../pic32c/lib/thumb/v6-m/nofp/libpic32c.a(lseek.o)
 .debug_info    0x0000867d      0x1dc /Applications/microchip/xc32/v5.00/bin/bin/../../lib/gcc/pic32c/13.2.1/../../../../pic32c/lib/thumb/v6-m/nofp/liblmalloc-musl.a(lite_malloc.o)
 .debug_info    0x00008859      0x276 /Applications/microchip/xc32/v5.00/bin/bin/../../lib/gcc/pic32c/13.2.1/../../../../pic32c/lib/thumb/v6-m/nofp/liblmalloc-musl.a(lite_free.o)
 .debug_info    0x00008acf       0x5b /Applications/microchip/xc32/v5.00/bin/bin/../../lib/gcc/pic32c/13.2.1/../../../../pic32c/lib/thumb/v6-m/nofp/libc-musl.a(__errno_location.o)
 .debug_info    0x00008b2a      0x115 /Applications/microchip/xc32/v5.00/bin/bin/../../lib/gcc/pic32c/13.2.1/../../../../pic32c/lib/thumb/v6-m/nofp/libc-musl.a(expand_heap.o)
 .debug_info    0x00008c3f      0x186 /Applications/microchip/xc32/v5.00/bin/bin/../../lib/gcc/pic32c/13.2.1/../../../../pic32c/lib/thumb/v6-m/nofp/libpic32c.a(sbrk.o)
 .debug_info    0x00008dc5       0x51 /Applications/microchip/xc32/v5.00/bin/bin/../../lib/gcc/pic32c/13.2.1/thumb/v6-m/nofp/libgcc.a(_udivsi3.o)
 .debug_info    0x00008e16       0x51 /Applications/microchip/xc32/v5.00/bin/bin/../../lib/gcc/pic32c/13.2.1/thumb/v6-m/nofp/libgcc.a(_divsi3.o)
 .debug_info    0x00008e67       0x41 /Applications/microchip/xc32/v5.00/bin/bin/../../lib/gcc/pic32c/13.2.1/thumb/v6-m/nofp/libgcc.a(_dvmd_tls.o)
 .debug_info    0x00008ea8       0x35 /Applications/microchip/xc32/v5.00/bin/bin/../../lib/gcc/pic32c/13.2.1/thumb/v6-m/nofp/libgcc.a(_aeabi_uldivmod.o)
 .debug_info    0x00008edd      0x3fc /Applications/microchip/xc32/v5.00/bin/bin/../../lib/gcc/pic32c/13.2.1/thumb/v6-m/nofp/libgcc.a(_udivmoddi4.o)
 .debug_info    0x000092d9       0x43 /Applications/microchip/xc32/v5.00/bin/bin/../../lib/gcc/pic32c/13.2.1/thumb/v6-m/nofp/libgcc.a(_lshrdi3.o)
 .debug_info    0x0000931c       0x43 /Applications/microchip/xc32/v5.00/bin/bin/../../lib/gcc/pic32c/13.2.1/thumb/v6-m/nofp/libgcc.a(_ashldi3.o)
 .debug_info    0x0000935f       0x26 /Applications/microchip/xc32/v5.00/bin/bin/../../lib/gcc/pic32c/13.2.1/thumb/v6-m/nofp/libgcc.a(_clzdi2.o)
 .debug_info    0x00009385       0x35 /Applications/microchip/xc32/v5.00/bin/bin/../../lib/gcc/pic32c/13.2.1/thumb/v6-m/nofp/libgcc.a(_clzsi2.o)
 .debug_info    0x000093ba      0x117 /Applications/microchip/xc32/v5.00/bin/bin/../../lib/gcc/pic32c/13.2.1/../../../../pic32c/lib/thumb/v6-m/nofp/libpic32c.a(pic32_data_init_clear.o)
 .debug_info    0x000094d1      0x12c /Applications/microchip/xc32/v5.00/bin/bin/../../lib/gcc/pic32c/13.2.1/../../../../pic32c/lib/thumb/v6-m/nofp/libpic32c.a(pic32_data_init_copy.o)

.debug_abbrev   0x00000000     0x3353
 .debug_abbrev  0x00000000      0x159 build/default/production/_ext/60163342/plib_adc.o
 .debug_abbrev  0x00000159       0xda build/default/production/_ext/1984496892/plib_clock.o
 .debug_abbrev  0x00000233      0x21f build/default/production/_ext/1865468468/plib_nvic.o
 .debug_abbrev  0x00000452      0x17c build/default/production/_ext/1593096446/plib_nvmctrl.o
 .debug_abbrev  0x000005ce      0x18a build/default/production/_ext/1865521619/plib_port.o
 .debug_abbrev  0x00000758      0x220 build/default/production/_ext/17022449/plib_sercom1_spi_master.o
 .debug_abbrev  0x00000978      0x242 build/default/production/_ext/504274921/plib_sercom0_usart.o
 .debug_abbrev  0x00000bba       0xd2 build/default/production/_ext/163028504/xc32_monitor.o
 .debug_abbrev  0x00000c8c      0x13b build/default/production/_ext/1171490990/initialization.o
 .debug_abbrev  0x00000dc7       0xd1 build/default/production/_ext/1171490990/interrupts.o
 .debug_abbrev  0x00000e98       0x47 build/default/production/_ext/1171490990/exceptions.o
 .debug_abbrev  0x00000edf      0x12c build/default/production/_ext/1171490990/startup_xc32.o
 .debug_abbrev  0x0000100b      0x292 build/default/production/_ext/1360937237/main.o
 .debug_abbrev  0x0000129d      0x156 /Applications/microchip/xc32/v5.00/bin/bin/../../lib/gcc/pic32c/13.2.1/../../../../pic32c/lib/thumb/v6-m/nofp/libpic32c.a(data_init.o)
 .debug_abbrev  0x000013f3       0xbb /Applications/microchip/xc32/v5.00/bin/bin/../../lib/gcc/pic32c/13.2.1/../../../../pic32c/lib/thumb/v6-m/nofp/libc-size-musl.a(memcpy.o)
 .debug_abbrev  0x000014ae      0x133 /Applications/microchip/xc32/v5.00/bin/bin/../../lib/gcc/pic32c/13.2.1/../../../../pic32c/lib/thumb/v6-m/nofp/libc-musl.a(__libc_start_main.o)
 .debug_abbrev  0x000015e1       0xd4 /Applications/microchip/xc32/v5.00/bin/bin/../../lib/gcc/pic32c/13.2.1/../../../../pic32c/lib/thumb/v6-m/nofp/libc-musl.a(libc.o)
 .debug_abbrev  0x000016b5      0x1c9 /Applications/microchip/xc32/v5.00/bin/bin/../../lib/gcc/pic32c/13.2.1/../../../../pic32c/lib/thumb/v6-m/nofp/libc-musl.a(stdin.o)
 .debug_abbrev  0x0000187e      0x144 /Applications/microchip/xc32/v5.00/bin/bin/../../lib/gcc/pic32c/13.2.1/../../../../pic32c/lib/thumb/v6-m/nofp/libc-musl.a(stdout.o)
 .debug_abbrev  0x000019c2       0xbf /Applications/microchip/xc32/v5.00/bin/bin/../../lib/gcc/pic32c/13.2.1/../../../../pic32c/lib/thumb/v6-m/nofp/libc-musl.a(setbuf.o)
 .debug_abbrev  0x00001a81       0x62 /Applications/microchip/xc32/v5.00/bin/bin/../../lib/gcc/pic32c/13.2.1/../../../../pic32c/lib/thumb/v6-m/nofp/libc-musl.a(__environ.o)
 .debug_abbrev  0x00001ae3      0x176 /Applications/microchip/xc32/v5.00/bin/bin/../../lib/gcc/pic32c/13.2.1/../../../../pic32c/lib/thumb/v6-m/nofp/libc-musl.a(__stdio_read.o)
 .debug_abbrev  0x00001c59       0xf8 /Applications/microchip/xc32/v5.00/bin/bin/../../lib/gcc/pic32c/13.2.1/../../../../pic32c/lib/thumb/v6-m/nofp/libc-musl.a(__towrite_rw.o)
 .debug_abbrev  0x00001d51      0x152 /Applications/microchip/xc32/v5.00/bin/bin/../../lib/gcc/pic32c/13.2.1/../../../../pic32c/lib/thumb/v6-m/nofp/libc-musl.a(setvbuf.o)
 .debug_abbrev  0x00001ea3      0x101 /Applications/microchip/xc32/v5.00/bin/bin/../../lib/gcc/pic32c/13.2.1/../../../../pic32c/lib/thumb/v6-m/nofp/libc-musl.a(readv.o)
 .debug_abbrev  0x00001fa4       0x65 /Applications/microchip/xc32/v5.00/bin/bin/../../lib/gcc/pic32c/13.2.1/../../../../pic32c/lib/thumb/v6-m/nofp/libc-musl.a(__init_stdio.o)
 .debug_abbrev  0x00002009      0x184 /Applications/microchip/xc32/v5.00/bin/bin/../../lib/gcc/pic32c/13.2.1/../../../../pic32c/lib/thumb/v6-m/nofp/libc-musl.a(__out.o)
 .debug_abbrev  0x0000218d      0x194 /Applications/microchip/xc32/v5.00/bin/bin/../../lib/gcc/pic32c/13.2.1/../../../../pic32c/lib/thumb/v6-m/nofp/libc-musl.a(__stderr.o)
 .debug_abbrev  0x00002321      0x16e /Applications/microchip/xc32/v5.00/bin/bin/../../lib/gcc/pic32c/13.2.1/../../../../pic32c/lib/thumb/v6-m/nofp/libc-musl.a(__stdio_close.o)
 .debug_abbrev  0x0000248f      0x1c5 /Applications/microchip/xc32/v5.00/bin/bin/../../lib/gcc/pic32c/13.2.1/../../../../pic32c/lib/thumb/v6-m/nofp/libc-musl.a(__stdio_write.o)
 .debug_abbrev  0x00002654      0x194 /Applications/microchip/xc32/v5.00/bin/bin/../../lib/gcc/pic32c/13.2.1/../../../../pic32c/lib/thumb/v6-m/nofp/libc-musl.a(__stdout.o)
 .debug_abbrev  0x000027e8      0x114 /Applications/microchip/xc32/v5.00/bin/bin/../../lib/gcc/pic32c/13.2.1/../../../../pic32c/lib/thumb/v6-m/nofp/libc-musl.a(__towrite.o)
 .debug_abbrev  0x000028fc      0x106 /Applications/microchip/xc32/v5.00/bin/bin/../../lib/gcc/pic32c/13.2.1/../../../../pic32c/lib/thumb/v6-m/nofp/libc-musl.a(writev.o)
 .debug_abbrev  0x00002a02       0x81 /Applications/microchip/xc32/v5.00/bin/bin/../../lib/gcc/pic32c/13.2.1/../../../../pic32c/lib/thumb/v6-m/nofp/libpic32c.a(close.o)
 .debug_abbrev  0x00002a83       0x92 /Applications/microchip/xc32/v5.00/bin/bin/../../lib/gcc/pic32c/13.2.1/../../../../pic32c/lib/thumb/v6-m/nofp/libpic32c.a(lseek.o)
 .debug_abbrev  0x00002b15      0x13d /Applications/microchip/xc32/v5.00/bin/bin/../../lib/gcc/pic32c/13.2.1/../../../../pic32c/lib/thumb/v6-m/nofp/liblmalloc-musl.a(lite_malloc.o)
 .debug_abbrev  0x00002c52      0x184 /Applications/microchip/xc32/v5.00/bin/bin/../../lib/gcc/pic32c/13.2.1/../../../../pic32c/lib/thumb/v6-m/nofp/liblmalloc-musl.a(lite_free.o)
 .debug_abbrev  0x00002dd6       0x39 /Applications/microchip/xc32/v5.00/bin/bin/../../lib/gcc/pic32c/13.2.1/../../../../pic32c/lib/thumb/v6-m/nofp/libc-musl.a(__errno_location.o)
 .debug_abbrev  0x00002e0f       0xcc /Applications/microchip/xc32/v5.00/bin/bin/../../lib/gcc/pic32c/13.2.1/../../../../pic32c/lib/thumb/v6-m/nofp/libc-musl.a(expand_heap.o)
 .debug_abbrev  0x00002edb      0x105 /Applications/microchip/xc32/v5.00/bin/bin/../../lib/gcc/pic32c/13.2.1/../../../../pic32c/lib/thumb/v6-m/nofp/libpic32c.a(sbrk.o)
 .debug_abbrev  0x00002fe0       0x21 /Applications/microchip/xc32/v5.00/bin/bin/../../lib/gcc/pic32c/13.2.1/thumb/v6-m/nofp/libgcc.a(_udivsi3.o)
 .debug_abbrev  0x00003001       0x21 /Applications/microchip/xc32/v5.00/bin/bin/../../lib/gcc/pic32c/13.2.1/thumb/v6-m/nofp/libgcc.a(_divsi3.o)
 .debug_abbrev  0x00003022       0x1f /Applications/microchip/xc32/v5.00/bin/bin/../../lib/gcc/pic32c/13.2.1/thumb/v6-m/nofp/libgcc.a(_dvmd_tls.o)
 .debug_abbrev  0x00003041       0x21 /Applications/microchip/xc32/v5.00/bin/bin/../../lib/gcc/pic32c/13.2.1/thumb/v6-m/nofp/libgcc.a(_aeabi_uldivmod.o)
 .debug_abbrev  0x00003062      0x11c /Applications/microchip/xc32/v5.00/bin/bin/../../lib/gcc/pic32c/13.2.1/thumb/v6-m/nofp/libgcc.a(_udivmoddi4.o)
 .debug_abbrev  0x0000317e       0x21 /Applications/microchip/xc32/v5.00/bin/bin/../../lib/gcc/pic32c/13.2.1/thumb/v6-m/nofp/libgcc.a(_lshrdi3.o)
 .debug_abbrev  0x0000319f       0x21 /Applications/microchip/xc32/v5.00/bin/bin/../../lib/gcc/pic32c/13.2.1/thumb/v6-m/nofp/libgcc.a(_ashldi3.o)
 .debug_abbrev  0x000031c0       0x14 /Applications/microchip/xc32/v5.00/bin/bin/../../lib/gcc/pic32c/13.2.1/thumb/v6-m/nofp/libgcc.a(_clzdi2.o)
 .debug_abbrev  0x000031d4       0x21 /Applications/microchip/xc32/v5.00/bin/bin/../../lib/gcc/pic32c/13.2.1/thumb/v6-m/nofp/libgcc.a(_clzsi2.o)
 .debug_abbrev  0x000031f5       0xa5 /Applications/microchip/xc32/v5.00/bin/bin/../../lib/gcc/pic32c/13.2.1/../../../../pic32c/lib/thumb/v6-m/nofp/libpic32c.a(pic32_data_init_clear.o)
 .debug_abbrev  0x0000329a       0xb9 /Applications/microchip/xc32/v5.00/bin/bin/../../lib/gcc/pic32c/13.2.1/../../../../pic32c/lib/thumb/v6-m/nofp/libpic32c.a(pic32_data_init_copy.o)

.debug_loc      0x00000000     0x33bf
 .debug_loc     0x00000000      0x270 build/default/production/_ext/60163342/plib_adc.o
 .debug_loc     0x00000270       0xb0 build/default/production/_ext/1984496892/plib_clock.o
 .debug_loc     0x00000320      0x218 build/default/production/_ext/1865468468/plib_nvic.o
 .debug_loc     0x00000538      0x2e0 build/default/production/_ext/1593096446/plib_nvmctrl.o
 .debug_loc     0x00000818      0x25c build/default/production/_ext/1865521619/plib_port.o
 .debug_loc     0x00000a74      0x1e0 build/default/production/_ext/17022449/plib_sercom1_spi_master.o
 .debug_loc     0x00000c54      0x384 build/default/production/_ext/504274921/plib_sercom0_usart.o
 .debug_loc     0x00000fd8       0x70 build/default/production/_ext/163028504/xc32_monitor.o
 .debug_loc     0x00001048       0x64 build/default/production/_ext/1171490990/initialization.o
 .debug_loc     0x000010ac       0x58 build/default/production/_ext/1171490990/exceptions.o
 .debug_loc     0x00001104       0x20 build/default/production/_ext/1171490990/startup_xc32.o
 .debug_loc     0x00001124      0x5c4 build/default/production/_ext/1360937237/main.o
 .debug_loc     0x000016e8      0x113 /Applications/microchip/xc32/v5.00/bin/bin/../../lib/gcc/pic32c/13.2.1/../../../../pic32c/lib/thumb/v6-m/nofp/libpic32c.a(data_init.o)
 .debug_loc     0x000017fb      0x12d /Applications/microchip/xc32/v5.00/bin/bin/../../lib/gcc/pic32c/13.2.1/../../../../pic32c/lib/thumb/v6-m/nofp/libc-size-musl.a(memcpy.o)
 .debug_loc     0x00001928       0x5e /Applications/microchip/xc32/v5.00/bin/bin/../../lib/gcc/pic32c/13.2.1/../../../../pic32c/lib/thumb/v6-m/nofp/libc-musl.a(__libc_start_main.o)
 .debug_loc     0x00001986       0x4b /Applications/microchip/xc32/v5.00/bin/bin/../../lib/gcc/pic32c/13.2.1/../../../../pic32c/lib/thumb/v6-m/nofp/libc-musl.a(stdin.o)
 .debug_loc     0x000019d1       0x40 /Applications/microchip/xc32/v5.00/bin/bin/../../lib/gcc/pic32c/13.2.1/../../../../pic32c/lib/thumb/v6-m/nofp/libc-musl.a(stdout.o)
 .debug_loc     0x00001a11       0x76 /Applications/microchip/xc32/v5.00/bin/bin/../../lib/gcc/pic32c/13.2.1/../../../../pic32c/lib/thumb/v6-m/nofp/libc-musl.a(setbuf.o)
 .debug_loc     0x00001a87      0x18d /Applications/microchip/xc32/v5.00/bin/bin/../../lib/gcc/pic32c/13.2.1/../../../../pic32c/lib/thumb/v6-m/nofp/libc-musl.a(__stdio_read.o)
 .debug_loc     0x00001c14       0x22 /Applications/microchip/xc32/v5.00/bin/bin/../../lib/gcc/pic32c/13.2.1/../../../../pic32c/lib/thumb/v6-m/nofp/libc-musl.a(__towrite_rw.o)
 .debug_loc     0x00001c36      0x12d /Applications/microchip/xc32/v5.00/bin/bin/../../lib/gcc/pic32c/13.2.1/../../../../pic32c/lib/thumb/v6-m/nofp/libc-musl.a(setvbuf.o)
 .debug_loc     0x00001d63      0x13c /Applications/microchip/xc32/v5.00/bin/bin/../../lib/gcc/pic32c/13.2.1/../../../../pic32c/lib/thumb/v6-m/nofp/libc-musl.a(readv.o)
 .debug_loc     0x00001e9f       0x20 /Applications/microchip/xc32/v5.00/bin/bin/../../lib/gcc/pic32c/13.2.1/../../../../pic32c/lib/thumb/v6-m/nofp/libc-musl.a(__init_stdio.o)
 .debug_loc     0x00001ebf      0x222 /Applications/microchip/xc32/v5.00/bin/bin/../../lib/gcc/pic32c/13.2.1/../../../../pic32c/lib/thumb/v6-m/nofp/libc-musl.a(__out.o)
 .debug_loc     0x000020e1       0x4b /Applications/microchip/xc32/v5.00/bin/bin/../../lib/gcc/pic32c/13.2.1/../../../../pic32c/lib/thumb/v6-m/nofp/libc-musl.a(__stderr.o)
 .debug_loc     0x0000212c      0x1f0 /Applications/microchip/xc32/v5.00/bin/bin/../../lib/gcc/pic32c/13.2.1/../../../../pic32c/lib/thumb/v6-m/nofp/libc-musl.a(__stdio_close.o)
 .debug_loc     0x0000231c      0x396 /Applications/microchip/xc32/v5.00/bin/bin/../../lib/gcc/pic32c/13.2.1/../../../../pic32c/lib/thumb/v6-m/nofp/libc-musl.a(__stdio_write.o)
 .debug_loc     0x000026b2       0x4b /Applications/microchip/xc32/v5.00/bin/bin/../../lib/gcc/pic32c/13.2.1/../../../../pic32c/lib/thumb/v6-m/nofp/libc-musl.a(__stdout.o)
 .debug_loc     0x000026fd       0x98 /Applications/microchip/xc32/v5.00/bin/bin/../../lib/gcc/pic32c/13.2.1/../../../../pic32c/lib/thumb/v6-m/nofp/libc-musl.a(__towrite.o)
 .debug_loc     0x00002795      0x13c /Applications/microchip/xc32/v5.00/bin/bin/../../lib/gcc/pic32c/13.2.1/../../../../pic32c/lib/thumb/v6-m/nofp/libc-musl.a(writev.o)
 .debug_loc     0x000028d1       0x2b /Applications/microchip/xc32/v5.00/bin/bin/../../lib/gcc/pic32c/13.2.1/../../../../pic32c/lib/thumb/v6-m/nofp/libpic32c.a(close.o)
 .debug_loc     0x000028fc       0x2b /Applications/microchip/xc32/v5.00/bin/bin/../../lib/gcc/pic32c/13.2.1/../../../../pic32c/lib/thumb/v6-m/nofp/libpic32c.a(lseek.o)
 .debug_loc     0x00002927      0x11c /Applications/microchip/xc32/v5.00/bin/bin/../../lib/gcc/pic32c/13.2.1/../../../../pic32c/lib/thumb/v6-m/nofp/liblmalloc-musl.a(lite_malloc.o)
 .debug_loc     0x00002a43      0x318 /Applications/microchip/xc32/v5.00/bin/bin/../../lib/gcc/pic32c/13.2.1/../../../../pic32c/lib/thumb/v6-m/nofp/liblmalloc-musl.a(lite_free.o)
 .debug_loc     0x00002d5b       0x82 /Applications/microchip/xc32/v5.00/bin/bin/../../lib/gcc/pic32c/13.2.1/../../../../pic32c/lib/thumb/v6-m/nofp/libc-musl.a(expand_heap.o)
 .debug_loc     0x00002ddd       0xca /Applications/microchip/xc32/v5.00/bin/bin/../../lib/gcc/pic32c/13.2.1/../../../../pic32c/lib/thumb/v6-m/nofp/libpic32c.a(sbrk.o)
 .debug_loc     0x00002ea7      0x28a /Applications/microchip/xc32/v5.00/bin/bin/../../lib/gcc/pic32c/13.2.1/thumb/v6-m/nofp/libgcc.a(_udivmoddi4.o)
 .debug_loc     0x00003131       0xf7 /Applications/microchip/xc32/v5.00/bin/bin/../../lib/gcc/pic32c/13.2.1/../../../../pic32c/lib/thumb/v6-m/nofp/libpic32c.a(pic32_data_init_clear.o)
 .debug_loc     0x00003228      0x197 /Applications/microchip/xc32/v5.00/bin/bin/../../lib/gcc/pic32c/13.2.1/../../../../pic32c/lib/thumb/v6-m/nofp/libpic32c.a(pic32_data_init_copy.o)

.debug_aranges  0x00000000      0x6f0
 .debug_aranges
                0x00000000       0x20 build/default/production/_ext/60163342/plib_adc.o
 .debug_aranges
                0x00000020       0x20 build/default/production/_ext/1984496892/plib_clock.o
 .debug_aranges
                0x00000040       0x20 build/default/production/_ext/1865468468/plib_nvic.o
 .debug_aranges
                0x00000060       0x20 build/default/production/_ext/1593096446/plib_nvmctrl.o
 .debug_aranges
                0x00000080       0x20 build/default/production/_ext/1865521619/plib_port.o
 .debug_aranges
                0x000000a0       0x20 build/default/production/_ext/17022449/plib_sercom1_spi_master.o
 .debug_aranges
                0x000000c0       0x20 build/default/production/_ext/504274921/plib_sercom0_usart.o
 .debug_aranges
                0x000000e0       0x20 build/default/production/_ext/163028504/xc32_monitor.o
 .debug_aranges
                0x00000100       0x20 build/default/production/_ext/1171490990/initialization.o
 .debug_aranges
                0x00000120       0x20 build/default/production/_ext/1171490990/interrupts.o
 .debug_aranges
                0x00000140       0x20 build/default/production/_ext/1171490990/exceptions.o
 .debug_aranges
                0x00000160       0x28 build/default/production/_ext/1171490990/startup_xc32.o
 .debug_aranges
                0x00000188       0x20 build/default/production/_ext/1360937237/main.o
 .debug_aranges
                0x000001a8       0x30 /Applications/microchip/xc32/v5.00/bin/bin/../../lib/gcc/pic32c/13.2.1/../../../../pic32c/lib/thumb/v6-m/nofp/libpic32c.a(data_init.o)
 .debug_aranges
                0x000001d8       0x20 /Applications/microchip/xc32/v5.00/bin/bin/../../lib/gcc/pic32c/13.2.1/../../../../pic32c/lib/thumb/v6-m/nofp/libc-size-musl.a(memcpy.o)
 .debug_aranges
                0x000001f8       0x28 /Applications/microchip/xc32/v5.00/bin/bin/../../lib/gcc/pic32c/13.2.1/../../../../pic32c/lib/thumb/v6-m/nofp/libc-musl.a(__libc_start_main.o)
 .debug_aranges
                0x00000220       0x18 /Applications/microchip/xc32/v5.00/bin/bin/../../lib/gcc/pic32c/13.2.1/../../../../pic32c/lib/thumb/v6-m/nofp/libc-musl.a(libc.o)
 .debug_aranges
                0x00000238       0x28 /Applications/microchip/xc32/v5.00/bin/bin/../../lib/gcc/pic32c/13.2.1/../../../../pic32c/lib/thumb/v6-m/nofp/libc-musl.a(stdin.o)
 .debug_aranges
                0x00000260       0x30 /Applications/microchip/xc32/v5.00/bin/bin/../../lib/gcc/pic32c/13.2.1/../../../../pic32c/lib/thumb/v6-m/nofp/libc-musl.a(stdout.o)
 .debug_aranges
                0x00000290       0x20 /Applications/microchip/xc32/v5.00/bin/bin/../../lib/gcc/pic32c/13.2.1/../../../../pic32c/lib/thumb/v6-m/nofp/libc-musl.a(setbuf.o)
 .debug_aranges
                0x000002b0       0x18 /Applications/microchip/xc32/v5.00/bin/bin/../../lib/gcc/pic32c/13.2.1/../../../../pic32c/lib/thumb/v6-m/nofp/libc-musl.a(__environ.o)
 .debug_aranges
                0x000002c8       0x20 /Applications/microchip/xc32/v5.00/bin/bin/../../lib/gcc/pic32c/13.2.1/../../../../pic32c/lib/thumb/v6-m/nofp/libc-musl.a(__stdio_read.o)
 .debug_aranges
                0x000002e8       0x20 /Applications/microchip/xc32/v5.00/bin/bin/../../lib/gcc/pic32c/13.2.1/../../../../pic32c/lib/thumb/v6-m/nofp/libc-musl.a(__towrite_rw.o)
 .debug_aranges
                0x00000308       0x28 /Applications/microchip/xc32/v5.00/bin/bin/../../lib/gcc/pic32c/13.2.1/../../../../pic32c/lib/thumb/v6-m/nofp/libc-musl.a(setvbuf.o)
 .debug_aranges
                0x00000330       0x20 /Applications/microchip/xc32/v5.00/bin/bin/../../lib/gcc/pic32c/13.2.1/../../../../pic32c/lib/thumb/v6-m/nofp/libc-musl.a(readv.o)
 .debug_aranges
                0x00000350       0x28 /Applications/microchip/xc32/v5.00/bin/bin/../../lib/gcc/pic32c/13.2.1/../../../../pic32c/lib/thumb/v6-m/nofp/libc-musl.a(__init_stdio.o)
 .debug_aranges
                0x00000378       0x28 /Applications/microchip/xc32/v5.00/bin/bin/../../lib/gcc/pic32c/13.2.1/../../../../pic32c/lib/thumb/v6-m/nofp/libc-musl.a(__out.o)
 .debug_aranges
                0x000003a0       0x30 /Applications/microchip/xc32/v5.00/bin/bin/../../lib/gcc/pic32c/13.2.1/../../../../pic32c/lib/thumb/v6-m/nofp/libc-musl.a(__stderr.o)
 .debug_aranges
                0x000003d0       0x28 /Applications/microchip/xc32/v5.00/bin/bin/../../lib/gcc/pic32c/13.2.1/../../../../pic32c/lib/thumb/v6-m/nofp/libc-musl.a(__stdio_close.o)
 .debug_aranges
                0x000003f8       0x28 /Applications/microchip/xc32/v5.00/bin/bin/../../lib/gcc/pic32c/13.2.1/../../../../pic32c/lib/thumb/v6-m/nofp/libc-musl.a(__stdio_write.o)
 .debug_aranges
                0x00000420       0x30 /Applications/microchip/xc32/v5.00/bin/bin/../../lib/gcc/pic32c/13.2.1/../../../../pic32c/lib/thumb/v6-m/nofp/libc-musl.a(__stdout.o)
 .debug_aranges
                0x00000450       0x28 /Applications/microchip/xc32/v5.00/bin/bin/../../lib/gcc/pic32c/13.2.1/../../../../pic32c/lib/thumb/v6-m/nofp/libc-musl.a(__towrite.o)
 .debug_aranges
                0x00000478       0x20 /Applications/microchip/xc32/v5.00/bin/bin/../../lib/gcc/pic32c/13.2.1/../../../../pic32c/lib/thumb/v6-m/nofp/libc-musl.a(writev.o)
 .debug_aranges
                0x00000498       0x20 /Applications/microchip/xc32/v5.00/bin/bin/../../lib/gcc/pic32c/13.2.1/../../../../pic32c/lib/thumb/v6-m/nofp/libpic32c.a(close.o)
 .debug_aranges
                0x000004b8       0x20 /Applications/microchip/xc32/v5.00/bin/bin/../../lib/gcc/pic32c/13.2.1/../../../../pic32c/lib/thumb/v6-m/nofp/libpic32c.a(lseek.o)
 .debug_aranges
                0x000004d8       0x20 /Applications/microchip/xc32/v5.00/bin/bin/../../lib/gcc/pic32c/13.2.1/../../../../pic32c/lib/thumb/v6-m/nofp/liblmalloc-musl.a(lite_malloc.o)
 .debug_aranges
                0x000004f8       0x30 /Applications/microchip/xc32/v5.00/bin/bin/../../lib/gcc/pic32c/13.2.1/../../../../pic32c/lib/thumb/v6-m/nofp/liblmalloc-musl.a(lite_free.o)
 .debug_aranges
                0x00000528       0x18 /Applications/microchip/xc32/v5.00/bin/bin/../../lib/gcc/pic32c/13.2.1/../../../../pic32c/lib/thumb/v6-m/nofp/libc-musl.a(__errno_location.o)
 .debug_aranges
                0x00000540       0x20 /Applications/microchip/xc32/v5.00/bin/bin/../../lib/gcc/pic32c/13.2.1/../../../../pic32c/lib/thumb/v6-m/nofp/libc-musl.a(expand_heap.o)
 .debug_aranges
                0x00000560       0x30 /Applications/microchip/xc32/v5.00/bin/bin/../../lib/gcc/pic32c/13.2.1/../../../../pic32c/lib/thumb/v6-m/nofp/libpic32c.a(sbrk.o)
 .debug_aranges
                0x00000590       0x20 /Applications/microchip/xc32/v5.00/bin/bin/../../lib/gcc/pic32c/13.2.1/thumb/v6-m/nofp/libgcc.a(_udivsi3.o)
 .debug_aranges
                0x000005b0       0x20 /Applications/microchip/xc32/v5.00/bin/bin/../../lib/gcc/pic32c/13.2.1/thumb/v6-m/nofp/libgcc.a(_divsi3.o)
 .debug_aranges
                0x000005d0       0x20 /Applications/microchip/xc32/v5.00/bin/bin/../../lib/gcc/pic32c/13.2.1/thumb/v6-m/nofp/libgcc.a(_dvmd_tls.o)
 .debug_aranges
                0x000005f0       0x20 /Applications/microchip/xc32/v5.00/bin/bin/../../lib/gcc/pic32c/13.2.1/thumb/v6-m/nofp/libgcc.a(_aeabi_uldivmod.o)
 .debug_aranges
                0x00000610       0x20 /Applications/microchip/xc32/v5.00/bin/bin/../../lib/gcc/pic32c/13.2.1/thumb/v6-m/nofp/libgcc.a(_udivmoddi4.o)
 .debug_aranges
                0x00000630       0x20 /Applications/microchip/xc32/v5.00/bin/bin/../../lib/gcc/pic32c/13.2.1/thumb/v6-m/nofp/libgcc.a(_lshrdi3.o)
 .debug_aranges
                0x00000650       0x20 /Applications/microchip/xc32/v5.00/bin/bin/../../lib/gcc/pic32c/13.2.1/thumb/v6-m/nofp/libgcc.a(_ashldi3.o)
 .debug_aranges
                0x00000670       0x20 /Applications/microchip/xc32/v5.00/bin/bin/../../lib/gcc/pic32c/13.2.1/thumb/v6-m/nofp/libgcc.a(_clzdi2.o)
 .debug_aranges
                0x00000690       0x20 /Applications/microchip/xc32/v5.00/bin/bin/../../lib/gcc/pic32c/13.2.1/thumb/v6-m/nofp/libgcc.a(_clzsi2.o)
 .debug_aranges
                0x000006b0       0x20 /Applications/microchip/xc32/v5.00/bin/bin/../../lib/gcc/pic32c/13.2.1/../../../../pic32c/lib/thumb/v6-m/nofp/libpic32c.a(pic32_data_init_clear.o)
 .debug_aranges
                0x000006d0       0x20 /Applications/microchip/xc32/v5.00/bin/bin/../../lib/gcc/pic32c/13.2.1/../../../../pic32c/lib/thumb/v6-m/nofp/libpic32c.a(pic32_data_init_copy.o)

.debug_line     0x00000000     0x5df4
 .debug_line    0x00000000      0x292 build/default/production/_ext/60163342/plib_adc.o
 .debug_line    0x00000292      0x19e build/default/production/_ext/1984496892/plib_clock.o
 .debug_line    0x00000430      0x2c4 build/default/production/_ext/1865468468/plib_nvic.o
 .debug_line    0x000006f4      0x2ba build/default/production/_ext/1593096446/plib_nvmctrl.o
 .debug_line    0x000009ae      0x2b6 build/default/production/_ext/1865521619/plib_port.o
 .debug_line    0x00000c64      0x5ad build/default/production/_ext/17022449/plib_sercom1_spi_master.o
 .debug_line    0x00001211      0x5db build/default/production/_ext/504274921/plib_sercom0_usart.o
 .debug_line    0x000017ec      0x129 build/default/production/_ext/163028504/xc32_monitor.o
 .debug_line    0x00001915      0x2e2 build/default/production/_ext/1171490990/initialization.o
 .debug_line    0x00001bf7       0xca build/default/production/_ext/1171490990/interrupts.o
 .debug_line    0x00001cc1       0x5e build/default/production/_ext/1171490990/exceptions.o
 .debug_line    0x00001d1f      0x157 build/default/production/_ext/1171490990/startup_xc32.o
 .debug_line    0x00001e76      0xae2 build/default/production/_ext/1360937237/main.o
 .debug_line    0x00002958      0x165 /Applications/microchip/xc32/v5.00/bin/bin/../../lib/gcc/pic32c/13.2.1/../../../../pic32c/lib/thumb/v6-m/nofp/libpic32c.a(data_init.o)
 .debug_line    0x00002abd      0x16c /Applications/microchip/xc32/v5.00/bin/bin/../../lib/gcc/pic32c/13.2.1/../../../../pic32c/lib/thumb/v6-m/nofp/libc-size-musl.a(memcpy.o)
 .debug_line    0x00002c29      0x1cb /Applications/microchip/xc32/v5.00/bin/bin/../../lib/gcc/pic32c/13.2.1/../../../../pic32c/lib/thumb/v6-m/nofp/libc-musl.a(__libc_start_main.o)
 .debug_line    0x00002df4       0xb5 /Applications/microchip/xc32/v5.00/bin/bin/../../lib/gcc/pic32c/13.2.1/../../../../pic32c/lib/thumb/v6-m/nofp/libc-musl.a(libc.o)
 .debug_line    0x00002ea9      0x215 /Applications/microchip/xc32/v5.00/bin/bin/../../lib/gcc/pic32c/13.2.1/../../../../pic32c/lib/thumb/v6-m/nofp/libc-musl.a(stdin.o)
 .debug_line    0x000030be      0x1df /Applications/microchip/xc32/v5.00/bin/bin/../../lib/gcc/pic32c/13.2.1/../../../../pic32c/lib/thumb/v6-m/nofp/libc-musl.a(stdout.o)
 .debug_line    0x0000329d      0x14a /Applications/microchip/xc32/v5.00/bin/bin/../../lib/gcc/pic32c/13.2.1/../../../../pic32c/lib/thumb/v6-m/nofp/libc-musl.a(setbuf.o)
 .debug_line    0x000033e7       0xfb /Applications/microchip/xc32/v5.00/bin/bin/../../lib/gcc/pic32c/13.2.1/../../../../pic32c/lib/thumb/v6-m/nofp/libc-musl.a(__environ.o)
 .debug_line    0x000034e2      0x255 /Applications/microchip/xc32/v5.00/bin/bin/../../lib/gcc/pic32c/13.2.1/../../../../pic32c/lib/thumb/v6-m/nofp/libc-musl.a(__stdio_read.o)
 .debug_line    0x00003737      0x1ef /Applications/microchip/xc32/v5.00/bin/bin/../../lib/gcc/pic32c/13.2.1/../../../../pic32c/lib/thumb/v6-m/nofp/libc-musl.a(__towrite_rw.o)
 .debug_line    0x00003926      0x21f /Applications/microchip/xc32/v5.00/bin/bin/../../lib/gcc/pic32c/13.2.1/../../../../pic32c/lib/thumb/v6-m/nofp/libc-musl.a(setvbuf.o)
 .debug_line    0x00003b45      0x177 /Applications/microchip/xc32/v5.00/bin/bin/../../lib/gcc/pic32c/13.2.1/../../../../pic32c/lib/thumb/v6-m/nofp/libc-musl.a(readv.o)
 .debug_line    0x00003cbc       0xd0 /Applications/microchip/xc32/v5.00/bin/bin/../../lib/gcc/pic32c/13.2.1/../../../../pic32c/lib/thumb/v6-m/nofp/libc-musl.a(__init_stdio.o)
 .debug_line    0x00003d8c      0x228 /Applications/microchip/xc32/v5.00/bin/bin/../../lib/gcc/pic32c/13.2.1/../../../../pic32c/lib/thumb/v6-m/nofp/libc-musl.a(__out.o)
 .debug_line    0x00003fb4      0x1c3 /Applications/microchip/xc32/v5.00/bin/bin/../../lib/gcc/pic32c/13.2.1/../../../../pic32c/lib/thumb/v6-m/nofp/libc-musl.a(__stderr.o)
 .debug_line    0x00004177      0x30c /Applications/microchip/xc32/v5.00/bin/bin/../../lib/gcc/pic32c/13.2.1/../../../../pic32c/lib/thumb/v6-m/nofp/libc-musl.a(__stdio_close.o)
 .debug_line    0x00004483      0x38d /Applications/microchip/xc32/v5.00/bin/bin/../../lib/gcc/pic32c/13.2.1/../../../../pic32c/lib/thumb/v6-m/nofp/libc-musl.a(__stdio_write.o)
 .debug_line    0x00004810      0x1c3 /Applications/microchip/xc32/v5.00/bin/bin/../../lib/gcc/pic32c/13.2.1/../../../../pic32c/lib/thumb/v6-m/nofp/libc-musl.a(__stdout.o)
 .debug_line    0x000049d3      0x184 /Applications/microchip/xc32/v5.00/bin/bin/../../lib/gcc/pic32c/13.2.1/../../../../pic32c/lib/thumb/v6-m/nofp/libc-musl.a(__towrite.o)
 .debug_line    0x00004b57      0x178 /Applications/microchip/xc32/v5.00/bin/bin/../../lib/gcc/pic32c/13.2.1/../../../../pic32c/lib/thumb/v6-m/nofp/libc-musl.a(writev.o)
 .debug_line    0x00004ccf       0x71 /Applications/microchip/xc32/v5.00/bin/bin/../../lib/gcc/pic32c/13.2.1/../../../../pic32c/lib/thumb/v6-m/nofp/libpic32c.a(close.o)
 .debug_line    0x00004d40       0x6b /Applications/microchip/xc32/v5.00/bin/bin/../../lib/gcc/pic32c/13.2.1/../../../../pic32c/lib/thumb/v6-m/nofp/libpic32c.a(lseek.o)
 .debug_line    0x00004dab      0x1dc /Applications/microchip/xc32/v5.00/bin/bin/../../lib/gcc/pic32c/13.2.1/../../../../pic32c/lib/thumb/v6-m/nofp/liblmalloc-musl.a(lite_malloc.o)
 .debug_line    0x00004f87      0x295 /Applications/microchip/xc32/v5.00/bin/bin/../../lib/gcc/pic32c/13.2.1/../../../../pic32c/lib/thumb/v6-m/nofp/liblmalloc-musl.a(lite_free.o)
 .debug_line    0x0000521c       0x9a /Applications/microchip/xc32/v5.00/bin/bin/../../lib/gcc/pic32c/13.2.1/../../../../pic32c/lib/thumb/v6-m/nofp/libc-musl.a(__errno_location.o)
 .debug_line    0x000052b6       0xf0 /Applications/microchip/xc32/v5.00/bin/bin/../../lib/gcc/pic32c/13.2.1/../../../../pic32c/lib/thumb/v6-m/nofp/libc-musl.a(expand_heap.o)
 .debug_line    0x000053a6      0x1bc /Applications/microchip/xc32/v5.00/bin/bin/../../lib/gcc/pic32c/13.2.1/../../../../pic32c/lib/thumb/v6-m/nofp/libpic32c.a(sbrk.o)
 .debug_line    0x00005562       0x9c /Applications/microchip/xc32/v5.00/bin/bin/../../lib/gcc/pic32c/13.2.1/thumb/v6-m/nofp/libgcc.a(_udivsi3.o)
 .debug_line    0x000055fe       0xaa /Applications/microchip/xc32/v5.00/bin/bin/../../lib/gcc/pic32c/13.2.1/thumb/v6-m/nofp/libgcc.a(_divsi3.o)
 .debug_line    0x000056a8       0x85 /Applications/microchip/xc32/v5.00/bin/bin/../../lib/gcc/pic32c/13.2.1/thumb/v6-m/nofp/libgcc.a(_dvmd_tls.o)
 .debug_line    0x0000572d       0x90 /Applications/microchip/xc32/v5.00/bin/bin/../../lib/gcc/pic32c/13.2.1/thumb/v6-m/nofp/libgcc.a(_aeabi_uldivmod.o)
 .debug_line    0x000057bd      0x19b /Applications/microchip/xc32/v5.00/bin/bin/../../lib/gcc/pic32c/13.2.1/thumb/v6-m/nofp/libgcc.a(_udivmoddi4.o)
 .debug_line    0x00005958       0x90 /Applications/microchip/xc32/v5.00/bin/bin/../../lib/gcc/pic32c/13.2.1/thumb/v6-m/nofp/libgcc.a(_lshrdi3.o)
 .debug_line    0x000059e8       0x90 /Applications/microchip/xc32/v5.00/bin/bin/../../lib/gcc/pic32c/13.2.1/thumb/v6-m/nofp/libgcc.a(_ashldi3.o)
 .debug_line    0x00005a78       0x8f /Applications/microchip/xc32/v5.00/bin/bin/../../lib/gcc/pic32c/13.2.1/thumb/v6-m/nofp/libgcc.a(_clzdi2.o)
 .debug_line    0x00005b07       0x99 /Applications/microchip/xc32/v5.00/bin/bin/../../lib/gcc/pic32c/13.2.1/thumb/v6-m/nofp/libgcc.a(_clzsi2.o)
 .debug_line    0x00005ba0      0x11e /Applications/microchip/xc32/v5.00/bin/bin/../../lib/gcc/pic32c/13.2.1/../../../../pic32c/lib/thumb/v6-m/nofp/libpic32c.a(pic32_data_init_clear.o)
 .debug_line    0x00005cbe      0x136 /Applications/microchip/xc32/v5.00/bin/bin/../../lib/gcc/pic32c/13.2.1/../../../../pic32c/lib/thumb/v6-m/nofp/libpic32c.a(pic32_data_init_copy.o)

.debug_str      0x00000000     0x40c7
 .debug_str     0x00000000     0x40c7 build/default/production/_ext/60163342/plib_adc.o
                                0x882 (size before relaxing)
 .debug_str     0x000040c7      0x526 build/default/production/_ext/1984496892/plib_clock.o
 .debug_str     0x000040c7      0x5a2 build/default/production/_ext/1865468468/plib_nvic.o
 .debug_str     0x000040c7      0x4f2 build/default/production/_ext/1593096446/plib_nvmctrl.o
 .debug_str     0x000040c7      0x768 build/default/production/_ext/1865521619/plib_port.o
 .debug_str     0x000040c7      0x7a8 build/default/production/_ext/17022449/plib_sercom1_spi_master.o
 .debug_str     0x000040c7      0x827 build/default/production/_ext/504274921/plib_sercom0_usart.o
 .debug_str     0x000040c7      0x2da build/default/production/_ext/163028504/xc32_monitor.o
 .debug_str     0x000040c7      0x42e build/default/production/_ext/1171490990/initialization.o
 .debug_str     0x000040c7      0x5c6 build/default/production/_ext/1171490990/interrupts.o
 .debug_str     0x000040c7      0x29f build/default/production/_ext/1171490990/exceptions.o
 .debug_str     0x000040c7      0x30b build/default/production/_ext/1171490990/startup_xc32.o
 .debug_str     0x000040c7      0x936 build/default/production/_ext/1360937237/main.o
 .debug_str     0x000040c7      0x2ef /Applications/microchip/xc32/v5.00/bin/bin/../../lib/gcc/pic32c/13.2.1/../../../../pic32c/lib/thumb/v6-m/nofp/libpic32c.a(data_init.o)
 .debug_str     0x000040c7      0x238 /Applications/microchip/xc32/v5.00/bin/bin/../../lib/gcc/pic32c/13.2.1/../../../../pic32c/lib/thumb/v6-m/nofp/libc-size-musl.a(memcpy.o)
 .debug_str     0x000040c7      0x3dd /Applications/microchip/xc32/v5.00/bin/bin/../../lib/gcc/pic32c/13.2.1/../../../../pic32c/lib/thumb/v6-m/nofp/libc-musl.a(__libc_start_main.o)
 .debug_str     0x000040c7      0x348 /Applications/microchip/xc32/v5.00/bin/bin/../../lib/gcc/pic32c/13.2.1/../../../../pic32c/lib/thumb/v6-m/nofp/libc-musl.a(libc.o)
 .debug_str     0x000040c7      0x394 /Applications/microchip/xc32/v5.00/bin/bin/../../lib/gcc/pic32c/13.2.1/../../../../pic32c/lib/thumb/v6-m/nofp/libc-musl.a(stdin.o)
 .debug_str     0x000040c7      0x31b /Applications/microchip/xc32/v5.00/bin/bin/../../lib/gcc/pic32c/13.2.1/../../../../pic32c/lib/thumb/v6-m/nofp/libc-musl.a(stdout.o)
 .debug_str     0x000040c7      0x24e /Applications/microchip/xc32/v5.00/bin/bin/../../lib/gcc/pic32c/13.2.1/../../../../pic32c/lib/thumb/v6-m/nofp/libc-musl.a(setbuf.o)
 .debug_str     0x000040c7      0x248 /Applications/microchip/xc32/v5.00/bin/bin/../../lib/gcc/pic32c/13.2.1/../../../../pic32c/lib/thumb/v6-m/nofp/libc-musl.a(__environ.o)
 .debug_str     0x000040c7      0x375 /Applications/microchip/xc32/v5.00/bin/bin/../../lib/gcc/pic32c/13.2.1/../../../../pic32c/lib/thumb/v6-m/nofp/libc-musl.a(__stdio_read.o)
 .debug_str     0x000040c7      0x350 /Applications/microchip/xc32/v5.00/bin/bin/../../lib/gcc/pic32c/13.2.1/../../../../pic32c/lib/thumb/v6-m/nofp/libc-musl.a(__towrite_rw.o)
 .debug_str     0x000040c7      0x33c /Applications/microchip/xc32/v5.00/bin/bin/../../lib/gcc/pic32c/13.2.1/../../../../pic32c/lib/thumb/v6-m/nofp/libc-musl.a(setvbuf.o)
 .debug_str     0x000040c7      0x276 /Applications/microchip/xc32/v5.00/bin/bin/../../lib/gcc/pic32c/13.2.1/../../../../pic32c/lib/thumb/v6-m/nofp/libc-musl.a(readv.o)
 .debug_str     0x000040c7      0x2ad /Applications/microchip/xc32/v5.00/bin/bin/../../lib/gcc/pic32c/13.2.1/../../../../pic32c/lib/thumb/v6-m/nofp/libc-musl.a(__init_stdio.o)
 .debug_str     0x000040c7      0x2f5 /Applications/microchip/xc32/v5.00/bin/bin/../../lib/gcc/pic32c/13.2.1/../../../../pic32c/lib/thumb/v6-m/nofp/libc-musl.a(__out.o)
 .debug_str     0x000040c7      0x3aa /Applications/microchip/xc32/v5.00/bin/bin/../../lib/gcc/pic32c/13.2.1/../../../../pic32c/lib/thumb/v6-m/nofp/libc-musl.a(__stderr.o)
 .debug_str     0x000040c7      0x370 /Applications/microchip/xc32/v5.00/bin/bin/../../lib/gcc/pic32c/13.2.1/../../../../pic32c/lib/thumb/v6-m/nofp/libc-musl.a(__stdio_close.o)
 .debug_str     0x000040c7      0x359 /Applications/microchip/xc32/v5.00/bin/bin/../../lib/gcc/pic32c/13.2.1/../../../../pic32c/lib/thumb/v6-m/nofp/libc-musl.a(__stdio_write.o)
 .debug_str     0x000040c7      0x3aa /Applications/microchip/xc32/v5.00/bin/bin/../../lib/gcc/pic32c/13.2.1/../../../../pic32c/lib/thumb/v6-m/nofp/libc-musl.a(__stdout.o)
 .debug_str     0x000040c7      0x2fc /Applications/microchip/xc32/v5.00/bin/bin/../../lib/gcc/pic32c/13.2.1/../../../../pic32c/lib/thumb/v6-m/nofp/libc-musl.a(__towrite.o)
 .debug_str     0x000040c7      0x279 /Applications/microchip/xc32/v5.00/bin/bin/../../lib/gcc/pic32c/13.2.1/../../../../pic32c/lib/thumb/v6-m/nofp/libc-musl.a(writev.o)
 .debug_str     0x000040c7      0x20f /Applications/microchip/xc32/v5.00/bin/bin/../../lib/gcc/pic32c/13.2.1/../../../../pic32c/lib/thumb/v6-m/nofp/libpic32c.a(close.o)
 .debug_str     0x000040c7      0x25a /Applications/microchip/xc32/v5.00/bin/bin/../../lib/gcc/pic32c/13.2.1/../../../../pic32c/lib/thumb/v6-m/nofp/libpic32c.a(lseek.o)
 .debug_str     0x000040c7      0x312 /Applications/microchip/xc32/v5.00/bin/bin/../../lib/gcc/pic32c/13.2.1/../../../../pic32c/lib/thumb/v6-m/nofp/liblmalloc-musl.a(lite_malloc.o)
 .debug_str     0x000040c7      0x314 /Applications/microchip/xc32/v5.00/bin/bin/../../lib/gcc/pic32c/13.2.1/../../../../pic32c/lib/thumb/v6-m/nofp/liblmalloc-musl.a(lite_free.o)
 .debug_str     0x000040c7      0x23c /Applications/microchip/xc32/v5.00/bin/bin/../../lib/gcc/pic32c/13.2.1/../../../../pic32c/lib/thumb/v6-m/nofp/libc-musl.a(__errno_location.o)
 .debug_str     0x000040c7      0x2b8 /Applications/microchip/xc32/v5.00/bin/bin/../../lib/gcc/pic32c/13.2.1/../../../../pic32c/lib/thumb/v6-m/nofp/libc-musl.a(expand_heap.o)
 .debug_str     0x000040c7      0x2bc /Applications/microchip/xc32/v5.00/bin/bin/../../lib/gcc/pic32c/13.2.1/../../../../pic32c/lib/thumb/v6-m/nofp/libpic32c.a(sbrk.o)
 .debug_str     0x000040c7       0xf6 /Applications/microchip/xc32/v5.00/bin/bin/../../lib/gcc/pic32c/13.2.1/thumb/v6-m/nofp/libgcc.a(_udivsi3.o)
 .debug_str     0x000040c7       0xf3 /Applications/microchip/xc32/v5.00/bin/bin/../../lib/gcc/pic32c/13.2.1/thumb/v6-m/nofp/libgcc.a(_divsi3.o)
 .debug_str     0x000040c7       0xe9 /Applications/microchip/xc32/v5.00/bin/bin/../../lib/gcc/pic32c/13.2.1/thumb/v6-m/nofp/libgcc.a(_dvmd_tls.o)
 .debug_str     0x000040c7       0xde /Applications/microchip/xc32/v5.00/bin/bin/../../lib/gcc/pic32c/13.2.1/thumb/v6-m/nofp/libgcc.a(_aeabi_uldivmod.o)
 .debug_str     0x000040c7      0x6ea /Applications/microchip/xc32/v5.00/bin/bin/../../lib/gcc/pic32c/13.2.1/thumb/v6-m/nofp/libgcc.a(_udivmoddi4.o)
 .debug_str     0x000040c7       0xe4 /Applications/microchip/xc32/v5.00/bin/bin/../../lib/gcc/pic32c/13.2.1/thumb/v6-m/nofp/libgcc.a(_lshrdi3.o)
 .debug_str     0x000040c7       0xe4 /Applications/microchip/xc32/v5.00/bin/bin/../../lib/gcc/pic32c/13.2.1/thumb/v6-m/nofp/libgcc.a(_ashldi3.o)
 .debug_str     0x000040c7       0xcd /Applications/microchip/xc32/v5.00/bin/bin/../../lib/gcc/pic32c/13.2.1/thumb/v6-m/nofp/libgcc.a(_clzdi2.o)
 .debug_str     0x000040c7       0xd6 /Applications/microchip/xc32/v5.00/bin/bin/../../lib/gcc/pic32c/13.2.1/thumb/v6-m/nofp/libgcc.a(_clzsi2.o)
 .debug_str     0x000040c7      0x280 /Applications/microchip/xc32/v5.00/bin/bin/../../lib/gcc/pic32c/13.2.1/../../../../pic32c/lib/thumb/v6-m/nofp/libpic32c.a(pic32_data_init_clear.o)
 .debug_str     0x000040c7      0x287 /Applications/microchip/xc32/v5.00/bin/bin/../../lib/gcc/pic32c/13.2.1/../../../../pic32c/lib/thumb/v6-m/nofp/libpic32c.a(pic32_data_init_copy.o)

.debug_frame    0x00000000     0x14e4
 .debug_frame   0x00000000      0x180 build/default/production/_ext/60163342/plib_adc.o
 .debug_frame   0x00000180       0x80 build/default/production/_ext/1984496892/plib_clock.o
 .debug_frame   0x00000200      0x14c build/default/production/_ext/1865468468/plib_nvic.o
 .debug_frame   0x0000034c      0x1c0 build/default/production/_ext/1593096446/plib_nvmctrl.o
 .debug_frame   0x0000050c      0x16c build/default/production/_ext/1865521619/plib_port.o
 .debug_frame   0x00000678      0x128 build/default/production/_ext/17022449/plib_sercom1_spi_master.o
 .debug_frame   0x000007a0      0x230 build/default/production/_ext/504274921/plib_sercom0_usart.o
 .debug_frame   0x000009d0       0x58 build/default/production/_ext/163028504/xc32_monitor.o
 .debug_frame   0x00000a28       0x4c build/default/production/_ext/1171490990/initialization.o
 .debug_frame   0x00000a74       0x20 build/default/production/_ext/1171490990/interrupts.o
 .debug_frame   0x00000a94       0x48 build/default/production/_ext/1171490990/exceptions.o
 .debug_frame   0x00000adc       0x38 build/default/production/_ext/1171490990/startup_xc32.o
 .debug_frame   0x00000b14      0x390 build/default/production/_ext/1360937237/main.o
 .debug_frame   0x00000ea4       0x48 /Applications/microchip/xc32/v5.00/bin/bin/../../lib/gcc/pic32c/13.2.1/../../../../pic32c/lib/thumb/v6-m/nofp/libpic32c.a(data_init.o)
 .debug_frame   0x00000eec       0x28 /Applications/microchip/xc32/v5.00/bin/bin/../../lib/gcc/pic32c/13.2.1/../../../../pic32c/lib/thumb/v6-m/nofp/libc-size-musl.a(memcpy.o)
 .debug_frame   0x00000f14       0x38 /Applications/microchip/xc32/v5.00/bin/bin/../../lib/gcc/pic32c/13.2.1/../../../../pic32c/lib/thumb/v6-m/nofp/libc-musl.a(__libc_start_main.o)
 .debug_frame   0x00000f4c       0x38 /Applications/microchip/xc32/v5.00/bin/bin/../../lib/gcc/pic32c/13.2.1/../../../../pic32c/lib/thumb/v6-m/nofp/libc-musl.a(stdin.o)
 .debug_frame   0x00000f84       0x50 /Applications/microchip/xc32/v5.00/bin/bin/../../lib/gcc/pic32c/13.2.1/../../../../pic32c/lib/thumb/v6-m/nofp/libc-musl.a(stdout.o)
 .debug_frame   0x00000fd4       0x28 /Applications/microchip/xc32/v5.00/bin/bin/../../lib/gcc/pic32c/13.2.1/../../../../pic32c/lib/thumb/v6-m/nofp/libc-musl.a(setbuf.o)
 .debug_frame   0x00000ffc       0x34 /Applications/microchip/xc32/v5.00/bin/bin/../../lib/gcc/pic32c/13.2.1/../../../../pic32c/lib/thumb/v6-m/nofp/libc-musl.a(__stdio_read.o)
 .debug_frame   0x00001030       0x20 /Applications/microchip/xc32/v5.00/bin/bin/../../lib/gcc/pic32c/13.2.1/../../../../pic32c/lib/thumb/v6-m/nofp/libc-musl.a(__towrite_rw.o)
 .debug_frame   0x00001050       0x44 /Applications/microchip/xc32/v5.00/bin/bin/../../lib/gcc/pic32c/13.2.1/../../../../pic32c/lib/thumb/v6-m/nofp/libc-musl.a(setvbuf.o)
 .debug_frame   0x00001094       0x34 /Applications/microchip/xc32/v5.00/bin/bin/../../lib/gcc/pic32c/13.2.1/../../../../pic32c/lib/thumb/v6-m/nofp/libc-musl.a(readv.o)
 .debug_frame   0x000010c8       0x38 /Applications/microchip/xc32/v5.00/bin/bin/../../lib/gcc/pic32c/13.2.1/../../../../pic32c/lib/thumb/v6-m/nofp/libc-musl.a(__init_stdio.o)
 .debug_frame   0x00001100       0x44 /Applications/microchip/xc32/v5.00/bin/bin/../../lib/gcc/pic32c/13.2.1/../../../../pic32c/lib/thumb/v6-m/nofp/libc-musl.a(__out.o)
 .debug_frame   0x00001144       0x48 /Applications/microchip/xc32/v5.00/bin/bin/../../lib/gcc/pic32c/13.2.1/../../../../pic32c/lib/thumb/v6-m/nofp/libc-musl.a(__stderr.o)
 .debug_frame   0x0000118c       0x48 /Applications/microchip/xc32/v5.00/bin/bin/../../lib/gcc/pic32c/13.2.1/../../../../pic32c/lib/thumb/v6-m/nofp/libc-musl.a(__stdio_close.o)
 .debug_frame   0x000011d4       0x50 /Applications/microchip/xc32/v5.00/bin/bin/../../lib/gcc/pic32c/13.2.1/../../../../pic32c/lib/thumb/v6-m/nofp/libc-musl.a(__stdio_write.o)
 .debug_frame   0x00001224       0x48 /Applications/microchip/xc32/v5.00/bin/bin/../../lib/gcc/pic32c/13.2.1/../../../../pic32c/lib/thumb/v6-m/nofp/libc-musl.a(__stdout.o)
 .debug_frame   0x0000126c       0x38 /Applications/microchip/xc32/v5.00/bin/bin/../../lib/gcc/pic32c/13.2.1/../../../../pic32c/lib/thumb/v6-m/nofp/libc-musl.a(__towrite.o)
 .debug_frame   0x000012a4       0x34 /Applications/microchip/xc32/v5.00/bin/bin/../../lib/gcc/pic32c/13.2.1/../../../../pic32c/lib/thumb/v6-m/nofp/libc-musl.a(writev.o)
 .debug_frame   0x000012d8       0x20 /Applications/microchip/xc32/v5.00/bin/bin/../../lib/gcc/pic32c/13.2.1/../../../../pic32c/lib/thumb/v6-m/nofp/libpic32c.a(close.o)
 .debug_frame   0x000012f8       0x20 /Applications/microchip/xc32/v5.00/bin/bin/../../lib/gcc/pic32c/13.2.1/../../../../pic32c/lib/thumb/v6-m/nofp/libpic32c.a(lseek.o)
 .debug_frame   0x00001318       0x30 /Applications/microchip/xc32/v5.00/bin/bin/../../lib/gcc/pic32c/13.2.1/../../../../pic32c/lib/thumb/v6-m/nofp/liblmalloc-musl.a(lite_malloc.o)
 .debug_frame   0x00001348       0x68 /Applications/microchip/xc32/v5.00/bin/bin/../../lib/gcc/pic32c/13.2.1/../../../../pic32c/lib/thumb/v6-m/nofp/liblmalloc-musl.a(lite_free.o)
 .debug_frame   0x000013b0       0x28 /Applications/microchip/xc32/v5.00/bin/bin/../../lib/gcc/pic32c/13.2.1/../../../../pic32c/lib/thumb/v6-m/nofp/libc-musl.a(expand_heap.o)
 .debug_frame   0x000013d8       0x54 /Applications/microchip/xc32/v5.00/bin/bin/../../lib/gcc/pic32c/13.2.1/../../../../pic32c/lib/thumb/v6-m/nofp/libpic32c.a(sbrk.o)
 .debug_frame   0x0000142c       0x20 /Applications/microchip/xc32/v5.00/bin/bin/../../lib/gcc/pic32c/13.2.1/thumb/v6-m/nofp/libgcc.a(_udivsi3.o)
 .debug_frame   0x0000144c       0x20 /Applications/microchip/xc32/v5.00/bin/bin/../../lib/gcc/pic32c/13.2.1/thumb/v6-m/nofp/libgcc.a(_divsi3.o)
 .debug_frame   0x0000146c       0x30 /Applications/microchip/xc32/v5.00/bin/bin/../../lib/gcc/pic32c/13.2.1/thumb/v6-m/nofp/libgcc.a(_udivmoddi4.o)
 .debug_frame   0x0000149c       0x20 /Applications/microchip/xc32/v5.00/bin/bin/../../lib/gcc/pic32c/13.2.1/../../../../pic32c/lib/thumb/v6-m/nofp/libpic32c.a(pic32_data_init_clear.o)
 .debug_frame   0x000014bc       0x28 /Applications/microchip/xc32/v5.00/bin/bin/../../lib/gcc/pic32c/13.2.1/../../../../pic32c/lib/thumb/v6-m/nofp/libpic32c.a(pic32_data_init_copy.o)

.debug_ranges   0x00000000      0x2a0
 .debug_ranges  0x00000000       0x18 build/default/production/_ext/1171490990/startup_xc32.o
 .debug_ranges  0x00000018       0x20 /Applications/microchip/xc32/v5.00/bin/bin/../../lib/gcc/pic32c/13.2.1/../../../../pic32c/lib/thumb/v6-m/nofp/libpic32c.a(data_init.o)
 .debug_ranges  0x00000038       0x10 /Applications/microchip/xc32/v5.00/bin/bin/../../lib/gcc/pic32c/13.2.1/../../../../pic32c/lib/thumb/v6-m/nofp/libc-size-musl.a(memcpy.o)
 .debug_ranges  0x00000048       0x30 /Applications/microchip/xc32/v5.00/bin/bin/../../lib/gcc/pic32c/13.2.1/../../../../pic32c/lib/thumb/v6-m/nofp/libc-musl.a(__libc_start_main.o)
 .debug_ranges  0x00000078       0x18 /Applications/microchip/xc32/v5.00/bin/bin/../../lib/gcc/pic32c/13.2.1/../../../../pic32c/lib/thumb/v6-m/nofp/libc-musl.a(stdin.o)
 .debug_ranges  0x00000090       0x20 /Applications/microchip/xc32/v5.00/bin/bin/../../lib/gcc/pic32c/13.2.1/../../../../pic32c/lib/thumb/v6-m/nofp/libc-musl.a(stdout.o)
 .debug_ranges  0x000000b0       0x10 /Applications/microchip/xc32/v5.00/bin/bin/../../lib/gcc/pic32c/13.2.1/../../../../pic32c/lib/thumb/v6-m/nofp/libc-musl.a(setbuf.o)
 .debug_ranges  0x000000c0       0x10 /Applications/microchip/xc32/v5.00/bin/bin/../../lib/gcc/pic32c/13.2.1/../../../../pic32c/lib/thumb/v6-m/nofp/libc-musl.a(__stdio_read.o)
 .debug_ranges  0x000000d0       0x10 /Applications/microchip/xc32/v5.00/bin/bin/../../lib/gcc/pic32c/13.2.1/../../../../pic32c/lib/thumb/v6-m/nofp/libc-musl.a(__towrite_rw.o)
 .debug_ranges  0x000000e0       0x18 /Applications/microchip/xc32/v5.00/bin/bin/../../lib/gcc/pic32c/13.2.1/../../../../pic32c/lib/thumb/v6-m/nofp/libc-musl.a(setvbuf.o)
 .debug_ranges  0x000000f8       0x10 /Applications/microchip/xc32/v5.00/bin/bin/../../lib/gcc/pic32c/13.2.1/../../../../pic32c/lib/thumb/v6-m/nofp/libc-musl.a(readv.o)
 .debug_ranges  0x00000108       0x18 /Applications/microchip/xc32/v5.00/bin/bin/../../lib/gcc/pic32c/13.2.1/../../../../pic32c/lib/thumb/v6-m/nofp/libc-musl.a(__init_stdio.o)
 .debug_ranges  0x00000120       0x18 /Applications/microchip/xc32/v5.00/bin/bin/../../lib/gcc/pic32c/13.2.1/../../../../pic32c/lib/thumb/v6-m/nofp/libc-musl.a(__out.o)
 .debug_ranges  0x00000138       0x20 /Applications/microchip/xc32/v5.00/bin/bin/../../lib/gcc/pic32c/13.2.1/../../../../pic32c/lib/thumb/v6-m/nofp/libc-musl.a(__stderr.o)
 .debug_ranges  0x00000158       0x18 /Applications/microchip/xc32/v5.00/bin/bin/../../lib/gcc/pic32c/13.2.1/../../../../pic32c/lib/thumb/v6-m/nofp/libc-musl.a(__stdio_close.o)
 .debug_ranges  0x00000170       0x30 /Applications/microchip/xc32/v5.00/bin/bin/../../lib/gcc/pic32c/13.2.1/../../../../pic32c/lib/thumb/v6-m/nofp/libc-musl.a(__stdio_write.o)
 .debug_ranges  0x000001a0       0x20 /Applications/microchip/xc32/v5.00/bin/bin/../../lib/gcc/pic32c/13.2.1/../../../../pic32c/lib/thumb/v6-m/nofp/libc-musl.a(__stdout.o)
 .debug_ranges  0x000001c0       0x18 /Applications/microchip/xc32/v5.00/bin/bin/../../lib/gcc/pic32c/13.2.1/../../../../pic32c/lib/thumb/v6-m/nofp/libc-musl.a(__towrite.o)
 .debug_ranges  0x000001d8       0x10 /Applications/microchip/xc32/v5.00/bin/bin/../../lib/gcc/pic32c/13.2.1/../../../../pic32c/lib/thumb/v6-m/nofp/libc-musl.a(writev.o)
 .debug_ranges  0x000001e8       0x10 /Applications/microchip/xc32/v5.00/bin/bin/../../lib/gcc/pic32c/13.2.1/../../../../pic32c/lib/thumb/v6-m/nofp/libpic32c.a(close.o)
 .debug_ranges  0x000001f8       0x10 /Applications/microchip/xc32/v5.00/bin/bin/../../lib/gcc/pic32c/13.2.1/../../../../pic32c/lib/thumb/v6-m/nofp/libpic32c.a(lseek.o)
 .debug_ranges  0x00000208       0x28 /Applications/microchip/xc32/v5.00/bin/bin/../../lib/gcc/pic32c/13.2.1/../../../../pic32c/lib/thumb/v6-m/nofp/liblmalloc-musl.a(lite_malloc.o)
 .debug_ranges  0x00000230       0x20 /Applications/microchip/xc32/v5.00/bin/bin/../../lib/gcc/pic32c/13.2.1/../../../../pic32c/lib/thumb/v6-m/nofp/liblmalloc-musl.a(lite_free.o)
 .debug_ranges  0x00000250       0x10 /Applications/microchip/xc32/v5.00/bin/bin/../../lib/gcc/pic32c/13.2.1/../../../../pic32c/lib/thumb/v6-m/nofp/libc-musl.a(expand_heap.o)
 .debug_ranges  0x00000260       0x20 /Applications/microchip/xc32/v5.00/bin/bin/../../lib/gcc/pic32c/13.2.1/../../../../pic32c/lib/thumb/v6-m/nofp/libpic32c.a(sbrk.o)
 .debug_ranges  0x00000280       0x10 /Applications/microchip/xc32/v5.00/bin/bin/../../lib/gcc/pic32c/13.2.1/../../../../pic32c/lib/thumb/v6-m/nofp/libpic32c.a(pic32_data_init_clear.o)
 .debug_ranges  0x00000290       0x10 /Applications/microchip/xc32/v5.00/bin/bin/../../lib/gcc/pic32c/13.2.1/../../../../pic32c/lib/thumb/v6-m/nofp/libpic32c.a(pic32_data_init_copy.o)

.note.GNU-stack
                0x00000000        0x0
 .note.GNU-stack
                0x00000000        0x0 /Applications/microchip/xc32/v5.00/bin/bin/../../lib/gcc/pic32c/13.2.1/../../../../pic32c/lib/thumb/v6-m/nofp/libc-size-musl.a(memcpy.o)
 .note.GNU-stack
                0x00000000        0x0 /Applications/microchip/xc32/v5.00/bin/bin/../../lib/gcc/pic32c/13.2.1/../../../../pic32c/lib/thumb/v6-m/nofp/libc-musl.a(__libc_start_main.o)
 .note.GNU-stack
                0x00000000        0x0 /Applications/microchip/xc32/v5.00/bin/bin/../../lib/gcc/pic32c/13.2.1/../../../../pic32c/lib/thumb/v6-m/nofp/libc-musl.a(libc.o)
 .note.GNU-stack
                0x00000000        0x0 /Applications/microchip/xc32/v5.00/bin/bin/../../lib/gcc/pic32c/13.2.1/../../../../pic32c/lib/thumb/v6-m/nofp/libc-musl.a(stdin.o)
 .note.GNU-stack
                0x00000000        0x0 /Applications/microchip/xc32/v5.00/bin/bin/../../lib/gcc/pic32c/13.2.1/../../../../pic32c/lib/thumb/v6-m/nofp/libc-musl.a(stdout.o)
 .note.GNU-stack
                0x00000000        0x0 /Applications/microchip/xc32/v5.00/bin/bin/../../lib/gcc/pic32c/13.2.1/../../../../pic32c/lib/thumb/v6-m/nofp/libc-musl.a(setbuf.o)
 .note.GNU-stack
                0x00000000        0x0 /Applications/microchip/xc32/v5.00/bin/bin/../../lib/gcc/pic32c/13.2.1/../../../../pic32c/lib/thumb/v6-m/nofp/libc-musl.a(__environ.o)
 .note.GNU-stack
                0x00000000        0x0 /Applications/microchip/xc32/v5.00/bin/bin/../../lib/gcc/pic32c/13.2.1/../../../../pic32c/lib/thumb/v6-m/nofp/libc-musl.a(__stdio_read.o)
 .note.GNU-stack
                0x00000000        0x0 /Applications/microchip/xc32/v5.00/bin/bin/../../lib/gcc/pic32c/13.2.1/../../../../pic32c/lib/thumb/v6-m/nofp/libc-musl.a(__towrite_rw.o)
 .note.GNU-stack
                0x00000000        0x0 /Applications/microchip/xc32/v5.00/bin/bin/../../lib/gcc/pic32c/13.2.1/../../../../pic32c/lib/thumb/v6-m/nofp/libc-musl.a(setvbuf.o)
 .note.GNU-stack
                0x00000000        0x0 /Applications/microchip/xc32/v5.00/bin/bin/../../lib/gcc/pic32c/13.2.1/../../../../pic32c/lib/thumb/v6-m/nofp/libc-musl.a(readv.o)
 .note.GNU-stack
                0x00000000        0x0 /Applications/microchip/xc32/v5.00/bin/bin/../../lib/gcc/pic32c/13.2.1/../../../../pic32c/lib/thumb/v6-m/nofp/libc-musl.a(__init_stdio.o)
 .note.GNU-stack
                0x00000000        0x0 /Applications/microchip/xc32/v5.00/bin/bin/../../lib/gcc/pic32c/13.2.1/../../../../pic32c/lib/thumb/v6-m/nofp/libc-musl.a(__out.o)
 .note.GNU-stack
                0x00000000        0x0 /Applications/microchip/xc32/v5.00/bin/bin/../../lib/gcc/pic32c/13.2.1/../../../../pic32c/lib/thumb/v6-m/nofp/libc-musl.a(__stderr.o)
 .note.GNU-stack
                0x00000000        0x0 /Applications/microchip/xc32/v5.00/bin/bin/../../lib/gcc/pic32c/13.2.1/../../../../pic32c/lib/thumb/v6-m/nofp/libc-musl.a(__stdio_close.o)
 .note.GNU-stack
                0x00000000        0x0 /Applications/microchip/xc32/v5.00/bin/bin/../../lib/gcc/pic32c/13.2.1/../../../../pic32c/lib/thumb/v6-m/nofp/libc-musl.a(__stdio_write.o)
 .note.GNU-stack
                0x00000000        0x0 /Applications/microchip/xc32/v5.00/bin/bin/../../lib/gcc/pic32c/13.2.1/../../../../pic32c/lib/thumb/v6-m/nofp/libc-musl.a(__stdout.o)
 .note.GNU-stack
                0x00000000        0x0 /Applications/microchip/xc32/v5.00/bin/bin/../../lib/gcc/pic32c/13.2.1/../../../../pic32c/lib/thumb/v6-m/nofp/libc-musl.a(__towrite.o)
 .note.GNU-stack
                0x00000000        0x0 /Applications/microchip/xc32/v5.00/bin/bin/../../lib/gcc/pic32c/13.2.1/../../../../pic32c/lib/thumb/v6-m/nofp/libc-musl.a(writev.o)
 .note.GNU-stack
                0x00000000        0x0 /Applications/microchip/xc32/v5.00/bin/bin/../../lib/gcc/pic32c/13.2.1/../../../../pic32c/lib/thumb/v6-m/nofp/liblmalloc-musl.a(lite_malloc.o)
 .note.GNU-stack
                0x00000000        0x0 /Applications/microchip/xc32/v5.00/bin/bin/../../lib/gcc/pic32c/13.2.1/../../../../pic32c/lib/thumb/v6-m/nofp/liblmalloc-musl.a(lite_free.o)
 .note.GNU-stack
                0x00000000        0x0 /Applications/microchip/xc32/v5.00/bin/bin/../../lib/gcc/pic32c/13.2.1/../../../../pic32c/lib/thumb/v6-m/nofp/libc-musl.a(__errno_location.o)
 .note.GNU-stack
                0x00000000        0x0 /Applications/microchip/xc32/v5.00/bin/bin/../../lib/gcc/pic32c/13.2.1/../../../../pic32c/lib/thumb/v6-m/nofp/libc-musl.a(expand_heap.o)

.vfp11_veneer%z1

.v4_bx%z2

.iplt%z3

.rel.iplt%z4

.igot.plt%z5

.bss%1          0x20000000      0x408