Archive member included to satisfy reference by file (symbol)

/Applications/microchip/xc32/v5.00/bin/bin/../../lib/gcc/pic32c/13.2.1/../../../../pic32c/lib/thumb/v6-m/nofp/libpic32c.a(data_init.o)
                              build/default/production/_ext/1171490990/startup_xc32.o (__pic32c_data_initialization)
/Applications/microchip/xc32/v5.00/bin/bin/../../lib/gcc/pic32c/13.2.1/../../../../pic32c/lib/thumb/v6-m/nofp/libc-size-musl.a(memcpy.o)
                              build/default/production/_ext/1593096446/plib_nvmctrl.o (memcpy)
/Applications/microchip/xc32/v5.00/bin/bin/../../lib/gcc/pic32c/13.2.1/../../../../pic32c/lib/thumb/v6-m/nofp/libc-musl.a(__libc_start_main.o)
                              build/default/production/_ext/1171490990/startup_xc32.o (__libc_init_array)
/Applications/microchip/xc32/v5.00/bin/bin/../../lib/gcc/pic32c/13.2.1/../../../../pic32c/lib/thumb/v6-m/nofp/libc-musl.a(libc.o)
                              /Applications/microchip/xc32/v5.00/bin/bin/../../lib/gcc/pic32c/13.2.1/../../../../pic32c/lib/thumb/v6-m/nofp/libc-musl.a(__libc_start_main.o) (__progname_full)
/Applications/microchip/xc32/v5.00/bin/bin/../../lib/gcc/pic32c/13.2.1/../../../../pic32c/lib/thumb/v6-m/nofp/libc-musl.a(stdin.o)
                              build/default/production/_ext/1171490990/initialization.o (_stdin)
/Applications/microchip/xc32/v5.00/bin/bin/../../lib/gcc/pic32c/13.2.1/../../../../pic32c/lib/thumb/v6-m/nofp/libc-musl.a(stdout.o)
                              build/default/production/_ext/1171490990/initialization.o (_stdout)
/Applications/microchip/xc32/v5.00/bin/bin/../../lib/gcc/pic32c/13.2.1/../../../../pic32c/lib/thumb/v6-m/nofp/libc-musl.a(setbuf.o)
                              build/default/production/_ext/1171490990/initialization.o (setbuf)
/Applications/microchip/xc32/v5.00/bin/bin/../../lib/gcc/pic32c/13.2.1/../../../../pic32c/lib/thumb/v6-m/nofp/libc-musl.a(__environ.o)
                              /Applications/microchip/xc32/v5.00/bin/bin/../../lib/gcc/pic32c/13.2.1/../../../../pic32c/lib/thumb/v6-m/nofp/libc-musl.a(__libc_start_main.o) (__environ)
/Applications/microchip/xc32/v5.00/bin/bin/../../lib/gcc/pic32c/13.2.1/../../../../pic32c/lib/thumb/v6-m/nofp/libc-musl.a(__io_init_needed.o)
                              /Applications/microchip/xc32/v5.00/bin/bin/../../lib/gcc/pic32c/13.2.1/../../../../pic32c/lib/thumb/v6-m/nofp/libc-musl.a(stdout.o) (__io_init_needed)
/Applications/microchip/xc32/v5.00/bin/bin/../../lib/gcc/pic32c/13.2.1/../../../../pic32c/lib/thumb/v6-m/nofp/libc-musl.a(__io_rw_needed.o)
                              /Applications/microchip/xc32/v5.00/bin/bin/../../lib/gcc/pic32c/13.2.1/../../../../pic32c/lib/thumb/v6-m/nofp/libc-musl.a(stdin.o) (__io_rw_needed)
/Applications/microchip/xc32/v5.00/bin/bin/../../lib/gcc/pic32c/13.2.1/../../../../pic32c/lib/thumb/v6-m/nofp/libc-musl.a(__stdio_read.o)
                              /Applications/microchip/xc32/v5.00/bin/bin/../../lib/gcc/pic32c/13.2.1/../../../../pic32c/lib/thumb/v6-m/nofp/libc-musl.a(stdin.o) (__stdio_read)
/Applications/microchip/xc32/v5.00/bin/bin/../../lib/gcc/pic32c/13.2.1/../../../../pic32c/lib/thumb/v6-m/nofp/libc-musl.a(__towrite_rw.o)
                              /Applications/microchip/xc32/v5.00/bin/bin/../../lib/gcc/pic32c/13.2.1/../../../../pic32c/lib/thumb/v6-m/nofp/libc-musl.a(__io_rw_needed.o) (__towrite_rw_needed)
/Applications/microchip/xc32/v5.00/bin/bin/../../lib/gcc/pic32c/13.2.1/../../../../pic32c/lib/thumb/v6-m/nofp/libc-musl.a(setvbuf.o)
                              /Applications/microchip/xc32/v5.00/bin/bin/../../lib/gcc/pic32c/13.2.1/../../../../pic32c/lib/thumb/v6-m/nofp/libc-musl.a(setbuf.o) (setvbuf)
/Applications/microchip/xc32/v5.00/bin/bin/../../lib/gcc/pic32c/13.2.1/../../../../pic32c/lib/thumb/v6-m/nofp/libc-musl.a(readv.o)
                              /Applications/microchip/xc32/v5.00/bin/bin/../../lib/gcc/pic32c/13.2.1/../../../../pic32c/lib/thumb/v6-m/nofp/libc-musl.a(__stdio_read.o) (readv)
/Applications/microchip/xc32/v5.00/bin/bin/../../lib/gcc/pic32c/13.2.1/../../../../pic32c/lib/thumb/v6-m/nofp/libc-musl.a(__fopen_rw.o)
                              /Applications/microchip/xc32/v5.00/bin/bin/../../lib/gcc/pic32c/13.2.1/../../../../pic32c/lib/thumb/v6-m/nofp/libc-musl.a(__io_rw_needed.o) (__fopen_rw_needed)
/Applications/microchip/xc32/v5.00/bin/bin/../../lib/gcc/pic32c/13.2.1/../../../../pic32c/lib/thumb/v6-m/nofp/libc-musl.a(__ftello_rw.o)
                              /Applications/microchip/xc32/v5.00/bin/bin/../../lib/gcc/pic32c/13.2.1/../../../../pic32c/lib/thumb/v6-m/nofp/libc-musl.a(__io_rw_needed.o) (__ftello_adj_rw_needed)
/Applications/microchip/xc32/v5.00/bin/bin/../../lib/gcc/pic32c/13.2.1/../../../../pic32c/lib/thumb/v6-m/nofp/libc-musl.a(__init_stdio.o)
[...]
Memory Configuration

Name             Origin             Length             Attributes
rom              0x00000000         0x00008000         xrl
ram              0x20000000         0x00001000         xw!r
config_00804000  0x00804000         0x00000004
config_00804004  0x00804004         0x00000004
*default*        0x00000000         0xffffffff

Linker script and memory map

LOAD /Applications/microchip/xc32/v5.00/bin/bin/../../lib/gcc/pic32c/13.2.1/thumb/v6-m/nofp/crti.o
LOAD /Applications/microchip/xc32/v5.00/bin/bin/../../lib/gcc/pic32c/13.2.1/thumb/v6-m/nofp/crtbegin.o
LOAD build/default/production/_ext/1593096446/plib_nvmctrl.o
LOAD build/default/production/_ext/17022449/plib_sercom1_spi_master.o
LOAD build/default/production/_ext/1986646378/plib_evsys.o
LOAD build/default/production/_ext/1360937237/main.o
LOAD build/default/production/_ext/1171490990/initialization.o
LOAD build/default/production/_ext/1171490990/interrupts.o
LOAD build/default/production/_ext/1171490990/exceptions.o
LOAD build/default/production/_ext/163028504/xc32_monitor.o
LOAD build/default/production/_ext/1865521619/plib_port.o
LOAD build/default/production/_ext/1984496892/plib_clock.o
LOAD build/default/production/_ext/1865468468/plib_nvic.o
LOAD build/default/production/_ext/1171490990/startup_xc32.o
LOAD build/default/production/_ext/1171490990/libc_syscalls.o
LOAD build/default/production/_ext/504274921/plib_sercom0_usart.o
                0x00000001                        __MPLAB_BUILD = 0x1
                0x00008000                        __rom_end = (ORIGIN (rom) + LENGTH (rom))
                0x20001000                        __ram_end = (ORIGIN (ram) + LENGTH (ram))

.config_00804000
                0x00804000        0x4
 *(.config_00804000)
 .config_00804000
                0x00804000        0x4 build/default/production/_ext/1171490990/initialization.o
                0x00804000                __config_00804000

.config_00804004
                0x00804004        0x4
 *(.config_00804004)
 .config_00804004
                0x00804004        0x4 build/default/production/_ext/1171490990/initialization.o
                0x00804004                __config_00804004

.vectors        0x00000000       0xa4
                0x00000000                        . = ALIGN (0x4)
                0x00000000                        _sfixed = .
 *(.vectors .vectors.* .vectors_default .vectors_default.*)
 .vectors       0x00000000       0xa4 build/default/production/_ext/1171490990/interrupts.o
                0x00000000                exception_table
 *(.isr_vector)
 *(.reset*)
 *(.after_vectors)

.text           0x000000a4       0x20
                0x000000a4                        . = ALIGN (0x4)
 *(.glue_7t)
 .glue_7t       0x000000a4        0x0 linker stubs
 *(.glue_7)
 .glue_7        0x000000a4        0x0 linker stubs
 *(.gnu.linkonce.r.*)
 *(.ARM.extab* .gnu.linkonce.armextab.*)
                0x000000a4                        . = ALIGN (0x4)
 *(.init)
 .init          0x000000a4        0x4 /Applications/microchip/xc32/v5.00/bin/bin/../../lib/gcc/pic32c/13.2.1/thumb/v6-m/nofp/crti.o
                0x000000a4                _init
 .init          0x000000a8        0x8 /Applications/microchip/xc32/v5.00/bin/bin/../../lib/gcc/pic32c/13.2.1/thumb/v6-m/nofp/crtn.o
                0x000000b0                        . = ALIGN (0x4)
                0x000000b0                        __preinit_array_start = .
 *(.preinit_array)
                0x000000b0                        __preinit_array_end = .
                0x000000b0                        . = ALIGN (0x4)
                0x000000b0                        __init_array_start = .
 *(SORT_BY_NAME(.init_array.*))
 *(.init_array)
 .init_array    0x000000b0        0x4 /Applications/microchip/xc32/v5.00/bin/bin/../../lib/gcc/pic32c/13.2.1/thumb/v6-m/nofp/crtbegin.o
                0x000000b4                        __init_array_end = .
                0x000000b4                        . = ALIGN (0x4)
 *crtbegin.o(.ctors)
 *(EXCLUDE_FILE(*crtend.o) .ctors)
 *(SORT_BY_NAME(.ctors.*))
 *crtend.o(.ctors)
                0x000000b4                        . = ALIGN (0x4)
 *(.fini)
 .fini          0x000000b4        0x4 /Applications/microchip/xc32/v5.00/bin/bin/../../lib/gcc/pic32c/13.2.1/thumb/v6-m/nofp/crti.o
                0x000000b4                _fini
 .fini          0x000000b8        0x8 /Applications/microchip/xc32/v5.00/bin/bin/../../lib/gcc/pic32c/13.2.1/thumb/v6-m/nofp/crtn.o
                0x000000c0                        . = ALIGN (0x4)
                0x000000c0                        __fini_array_start = .
 *(.fini_array)
 .fini_array    0x000000c0        0x4 /Applications/microchip/xc32/v5.00/bin/bin/../../lib/gcc/pic32c/13.2.1/thumb/v6-m/nofp/crtbegin.o
 *(SORT_BY_NAME(.fini_array.*))
                0x000000c4                        __fini_array_end = .
 *crtbegin.o(.dtors)
 *(EXCLUDE_FILE(*crtend.o) .dtors)
 *(SORT_BY_NAME(.dtors.*))
 *crtend.o(.dtors)
                0x000000c4                        . = ALIGN (0x4)
                0x000000c4                        _efixed = .
                [!provide]                        PROVIDE (__exidx_start = .)

.ARM.exidx      0x000000c4        0x8
 *(.ARM.exidx* .gnu.linkonce.armexidx.*)
 .ARM.exidx     0x000000c4        0x8 /Applications/microchip/xc32/v5.00/bin/bin/../../lib/gcc/pic32c/13.2.1/thumb/v6-m/nofp/libgcc.a(_udivmoddi4.o)
                [!provide]                        PROVIDE (__exidx_end = .)
                0x000000cc                        . = ALIGN (0x4)
                0x000000cc                        _etext = .

.bss            0x20000000        0x0
                0x20000000                        . = ALIGN (0x4)
                0x20000000                        __bss_start__ = .
                0x20000000                        _sbss = .
                0x20000000                        _szero = .
 *(COMMON)
                0x20000000                        . = ALIGN (0x4)
                0x20000000                        __bss_end__ = .
                0x20000000                        _ebss = .
                0x20000000                        _ezero = .
                0x20000000                        . = ALIGN (0x4)
                0x20000000                        _end = .
                0x20000fff                        _ram_end_ = ((ORIGIN (ram) + LENGTH (ram)) - 0x1)
                0x00000200                        _min_heap_size = 0x200
START GROUP
LOAD /Applications/microchip/xc32/v5.00/bin/bin/../../lib/gcc/pic32c/13.2.1/../../../../pic32c/lib/thumb/v6-m/nofp/libpic32c.a
LOAD /Applications/microchip/xc32/v5.00/bin/bin/../../lib/gcc/pic32c/13.2.1/../../../../pic32c/lib/thumb/v6-m/nofp/libc-size-musl.a
LOAD /Applications/microchip/xc32/v5.00/bin/bin/../../lib/gcc/pic32c/13.2.1/../../../../pic32c/lib/thumb/v6-m/nofp/liblmalloc-musl.a
LOAD /Applications/microchip/xc32/v5.00/bin/bin/../../lib/gcc/pic32c/13.2.1/../../../../pic32c/lib/thumb/v6-m/nofp/libc-musl.a
LOAD /Applications/microchip/xc32/v5.00/bin/bin/../../lib/gcc/pic32c/13.2.1/../../../../pic32c/lib/thumb/v6-m/nofp/libm-fast-emfloat.a
LOAD /Applications/microchip/xc32/v5.00/bin/bin/../../lib/gcc/pic32c/13.2.1/../../../../pic32c/lib/thumb/v6-m/nofp/libm-musl.a
END GROUP
LOAD /Applications/microchip/xc32/v5.00/bin/bin/../../lib/gcc/pic32c/13.2.1/thumb/v6-m/nofp/libgcc.a
LOAD /Applications/microchip/xc32/v5.00/bin/bin/../../lib/gcc/pic32c/13.2.1/thumb/v6-m/nofp/crtend.o
LOAD /Applications/microchip/xc32/v5.00/bin/bin/../../lib/gcc/pic32c/13.2.1/thumb/v6-m/nofp/crtn.o
OUTPUT(dist/default/production/CAN_lab.X.production.elf elf32-littlearm)
LOAD linker stubs
LOAD data_init

.note           0x00000000      0x720
 .note          0x00000000       0x18 /Applications/microchip/xc32/v5.00/bin/bin/../../lib/gcc/pic32c/13.2.1/thumb/v6-m/nofp/crti.o
 .note          0x00000018       0x18 /Applications/microchip/xc32/v5.00/bin/bin/../../lib/gcc/pic32c/13.2.1/thumb/v6-m/nofp/crtbegin.o
 .note          0x00000030       0x18 build/default/production/_ext/1593096446/plib_nvmctrl.o
 .note          0x00000048       0x18 build/default/production/_ext/17022449/plib_sercom1_spi_master.o
 .note          0x00000060       0x18 build/default/production/_ext/1986646378/plib_evsys.o
 .note          0x00000078       0x18 build/default/production/_ext/1360937237/main.o
 .note          0x00000090       0x78 build/default/production/_ext/1171490990/initialization.o
 .note          0x00000108       0x18 build/default/production/_ext/1171490990/interrupts.o
 .note          0x00000120       0x18 build/default/production/_ext/1171490990/exceptions.o
 .note          0x00000138       0x18 build/default/production/_ext/163028504/xc32_monitor.o
 .note          0x00000150       0x18 build/default/production/_ext/1865521619/plib_port.o
 .note          0x00000168       0x18 build/default/production/_ext/1984496892/plib_clock.o
 .note          0x00000180       0x18 build/default/production/_ext/1865468468/plib_nvic.o
 .note          0x00000198       0x18 build/default/production/_ext/1171490990/startup_xc32.o
 .note          0x000001b0       0x18 build/default/production/_ext/1171490990/libc_syscalls.o
 .note          0x000001c8       0x18 build/default/production/_ext/504274921/plib_sercom0_usart.o
 .note          0x000001e0       0x18 /Applications/microchip/xc32/v5.00/bin/bin/../../lib/gcc/pic32c/13.2.1/../../../../pic32c/lib/thumb/v6-m/nofp/libpic32c.a(data_init.o)
 .note          0x000001f8       0x18 /Applications/microchip/xc32/v5.00/bin/bin/../../lib/gcc/pic32c/13.2.1/../../../../pic32c/lib/thumb/v6-m/nofp/libc-size-musl.a(memcpy.o)
 .note          0x00000210       0x18 /Applications/microchip/xc32/v5.00/bin/bin/../../lib/gcc/pic32c/13.2.1/../../../../pic32c/lib/thumb/v6-m/nofp/libc-musl.a(__libc_start_main.o)
 .note          0x00000228       0x18 /Applications/microchip/xc32/v5.00/bin/bin/../../lib/gcc/pic32c/13.2.1/../../../../pic32c/lib/thumb/v6-m/nofp/libc-musl.a(libc.o)
 .note          0x00000240       0x18 /Applications/microchip/xc32/v5.00/bin/bin/../../lib/gcc/pic32c/13.2.1/../../../../pic32c/lib/thumb/v6-m/nofp/libc-musl.a(stdin.o)
 .note          0x00000258       0x18 /Applications/microchip/xc32/v5.00/bin/bin/../../lib/gcc/pic32c/13.2.1/../../../../pic32c/lib/thumb/v6-m/nofp/libc-musl.a(stdout.o)
 .note          0x00000270       0x18 /Applications/microchip/xc32/v5.00/bin/bin/../../lib/gcc/pic32c/13.2.1/../../../../pic32c/lib/thumb/v6-m/nofp/libc-musl.a(setbuf.o)
 .note          0x00000288       0x18 /Applications/microchip/xc32/v5.00/bin/bin/../../lib/gcc/pic32c/13.2.1/../../../../pic32c/lib/thumb/v6-m/nofp/libc-musl.a(__environ.o)
 .note          0x000002a0       0x18 /Applications/microchip/xc32/v5.00/bin/bin/../../lib/gcc/pic32c/13.2.1/../../../../pic32c/lib/thumb/v6-m/nofp/libc-musl.a(__io_init_needed.o)
 .note          0x000002b8       0x18 /Applications/microchip/xc32/v5.00/bin/bin/../../lib/gcc/pic32c/13.2.1/../../../../pic32c/lib/thumb/v6-m/nofp/libc-musl.a(__io_rw_needed.o)
 .note          0x000002d0       0x18 /Applications/microchip/xc32/v5.00/bin/bin/../../lib/gcc/pic32c/13.2.1/../../../../pic32c/lib/thumb/v6-m/nofp/libc-musl.a(__stdio_read.o)
 .note          0x000002e8       0x18 /Applications/microchip/xc32/v5.00/bin/bin/../../lib/gcc/pic32c/13.2.1/../../../../pic32c/lib/thumb/v6-m/nofp/libc-musl.a(__towrite_rw.o)
 .note          0x00000300       0x18 /Applications/microchip/xc32/v5.00/bin/bin/../../lib/gcc/pic32c/13.2.1/../../../../pic32c/lib/thumb/v6-m/nofp/libc-musl.a(setvbuf.o)
 .note          0x00000318       0x18 /Applications/microchip/xc32/v5.00/bin/bin/../../lib/gcc/pic32c/13.2.1/../../../../pic32c/lib/thumb/v6-m/nofp/libc-musl.a(readv.o)
 .note          0x00000330       0x18 /Applications/microchip/xc32/v5.00/bin/bin/../../lib/gcc/pic32c/13.2.1/../../../../pic32c/lib/thumb/v6-m/nofp/libc-musl.a(__fopen_rw.o)
 .note          0x00000348       0x18 /Applications/microchip/xc32/v5.00/bin/bin/../../lib/gcc/pic32c/13.2.1/../../../../pic32c/lib/thumb/v6-m/nofp/libc-musl.a(__ftello_rw.o)
 .note          0x00000360       0x18 /Applications/microchip/xc32/v5.00/bin/bin/../../lib/gcc/pic32c/13.2.1/../../../../pic32c/lib/thumb/v6-m/nofp/libc-musl.a(__init_stdio.o)
 .note          0x00000378       0x18 /Applications/microchip/xc32/v5.00/bin/bin/../../lib/gcc/pic32c/13.2.1/../../../../pic32c/lib/thumb/v6-m/nofp/libc-musl.a(__io_buf_needed.o)
 .note          0x00000390       0x18 /Applications/microchip/xc32/v5.00/bin/bin/../../lib/gcc/pic32c/13.2.1/../../../../pic32c/lib/thumb/v6-m/nofp/libc-musl.a(__io_file_needed.o)
 .note          0x000003a8       0x18 /Applications/microchip/xc32/v5.00/bin/bin/../../lib/gcc/pic32c/13.2.1/../../../../pic32c/lib/thumb/v6-m/nofp/libc-musl.a(__io_std_needed.o)
 .note          0x000003c0       0x18 /Applications/microchip/xc32/v5.00/bin/bin/../../lib/gcc/pic32c/13.2.1/../../../../pic32c/lib/thumb/v6-m/nofp/libc-musl.a(__out.o)
 .note          0x000003d8       0x18 /Applications/microchip/xc32/v5.00/bin/bin/../../lib/gcc/pic32c/13.2.1/../../../../pic32c/lib/thumb/v6-m/nofp/libc-musl.a(__putc.o)
 .note          0x000003f0       0x18 /Applications/microchip/xc32/v5.00/bin/bin/../../lib/gcc/pic32c/13.2.1/../../../../pic32c/lib/thumb/v6-m/nofp/libc-musl.a(__stderr.o)
 .note          0x00000408       0x18 /Applications/microchip/xc32/v5.00/bin/bin/../../lib/gcc/pic32c/13.2.1/../../../../pic32c/lib/thumb/v6-m/nofp/libc-musl.a(__stdio_close.o)
 .note          0x00000420       0x18 /Applications/microchip/xc32/v5.00/bin/bin/../../lib/gcc/pic32c/13.2.1/../../../../pic32c/lib/thumb/v6-m/nofp/libc-musl.a(__stdio_exit.o)
 .note          0x00000438       0x18 /Applications/microchip/xc32/v5.00/bin/bin/../../lib/gcc/pic32c/13.2.1/../../../../pic32c/lib/thumb/v6-m/nofp/libc-musl.a(__stdio_write.o)
 .note          0x00000450       0x18 /Applications/microchip/xc32/v5.00/bin/bin/../../lib/gcc/pic32c/13.2.1/../../../../pic32c/lib/thumb/v6-m/nofp/libc-musl.a(__stdout.o)
 .note          0x00000468       0x18 /Applications/microchip/xc32/v5.00/bin/bin/../../lib/gcc/pic32c/13.2.1/../../../../pic32c/lib/thumb/v6-m/nofp/libc-musl.a(__towrite.o)
 .note          0x00000480       0x18 /Applications/microchip/xc32/v5.00/bin/bin/../../lib/gcc/pic32c/13.2.1/../../../../pic32c/lib/thumb/v6-m/nofp/libc-musl.a(putc.o)
 .note          0x00000498       0x18 /Applications/microchip/xc32/v5.00/bin/bin/../../lib/gcc/pic32c/13.2.1/../../../../pic32c/lib/thumb/v6-m/nofp/libc-musl.a(writev.o)
 .note          0x000004b0       0x18 /Applications/microchip/xc32/v5.00/bin/bin/../../lib/gcc/pic32c/13.2.1/../../../../pic32c/lib/thumb/v6-m/nofp/libc-musl.a(__overflow.o)
 .note          0x000004c8       0x18 /Applications/microchip/xc32/v5.00/bin/bin/../../lib/gcc/pic32c/13.2.1/../../../../pic32c/lib/thumb/v6-m/nofp/libc-musl.a(__fclose.o)
 .note          0x000004e0       0x18 /Applications/microchip/xc32/v5.00/bin/bin/../../lib/gcc/pic32c/13.2.1/../../../../pic32c/lib/thumb/v6-m/nofp/libc-musl.a(__fopen.o)
 .note          0x000004f8       0x18 /Applications/microchip/xc32/v5.00/bin/bin/../../lib/gcc/pic32c/13.2.1/../../../../pic32c/lib/thumb/v6-m/nofp/libc-musl.a(__fseeko.o)
 .note          0x00000510       0x18 /Applications/microchip/xc32/v5.00/bin/bin/../../lib/gcc/pic32c/13.2.1/../../../../pic32c/lib/thumb/v6-m/nofp/libc-musl.a(__ftello.o)
 .note          0x00000528       0x18 /Applications/microchip/xc32/v5.00/bin/bin/../../lib/gcc/pic32c/13.2.1/../../../../pic32c/lib/thumb/v6-m/nofp/libc-musl.a(__fwrite.o)
 .note          0x00000540       0x18 /Applications/microchip/xc32/v5.00/bin/bin/../../lib/gcc/pic32c/13.2.1/../../../../pic32c/lib/thumb/v6-m/nofp/libpic32c.a(close.o)
 .note          0x00000558       0x18 /Applications/microchip/xc32/v5.00/bin/bin/../../lib/gcc/pic32c/13.2.1/../../../../pic32c/lib/thumb/v6-m/nofp/libpic32c.a(lseek.o)
 .note          0x00000570       0x18 /Applications/microchip/xc32/v5.00/bin/bin/../../lib/gcc/pic32c/13.2.1/../../../../pic32c/lib/thumb/v6-m/nofp/libc-size-musl.a(memset.o)
 .note          0x00000588       0x18 /Applications/microchip/xc32/v5.00/bin/bin/../../lib/gcc/pic32c/13.2.1/../../../../pic32c/lib/thumb/v6-m/nofp/liblmalloc-musl.a(lite_malloc.o)
 .note          0x000005a0       0x18 /Applications/microchip/xc32/v5.00/bin/bin/../../lib/gcc/pic32c/13.2.1/../../../../pic32c/lib/thumb/v6-m/nofp/liblmalloc-musl.a(lite_free.o)
 .note          0x000005b8       0x18 /Applications/microchip/xc32/v5.00/bin/bin/../../lib/gcc/pic32c/13.2.1/../../../../pic32c/lib/thumb/v6-m/nofp/libc-musl.a(__errno_location.o)
 .note          0x000005d0       0x18 /Applications/microchip/xc32/v5.00/bin/bin/../../lib/gcc/pic32c/13.2.1/../../../../pic32c/lib/thumb/v6-m/nofp/libc-musl.a(expand_heap.o)
 .note          0x000005e8       0x18 /Applications/microchip/xc32/v5.00/bin/bin/../../lib/gcc/pic32c/13.2.1/../../../../pic32c/lib/thumb/v6-m/nofp/libpic32c.a(sbrk.o)
 .note          0x00000600       0x18 /Applications/microchip/xc32/v5.00/bin/bin/../../lib/gcc/pic32c/13.2.1/thumb/v6-m/nofp/libgcc.a(_udivsi3.o)
 .note          0x00000618       0x18 /Applications/microchip/xc32/v5.00/bin/bin/../../lib/gcc/pic32c/13.2.1/thumb/v6-m/nofp/libgcc.a(_dvmd_tls.o)
 .note          0x00000630       0x18 /Applications/microchip/xc32/v5.00/bin/bin/../../lib/gcc/pic32c/13.2.1/thumb/v6-m/nofp/libgcc.a(_aeabi_uldivmod.o)
 .note          0x00000648       0x18 /Applications/microchip/xc32/v5.00/bin/bin/../../lib/gcc/pic32c/13.2.1/thumb/v6-m/nofp/libgcc.a(_udivmoddi4.o)
 .note          0x00000660       0x18 /Applications/microchip/xc32/v5.00/bin/bin/../../lib/gcc/pic32c/13.2.1/thumb/v6-m/nofp/libgcc.a(_lshrdi3.o)
 .note          0x00000678       0x18 /Applications/microchip/xc32/v5.00/bin/bin/../../lib/gcc/pic32c/13.2.1/thumb/v6-m/nofp/libgcc.a(_ashldi3.o)
 .note          0x00000690       0x18 /Applications/microchip/xc32/v5.00/bin/bin/../../lib/gcc/pic32c/13.2.1/thumb/v6-m/nofp/libgcc.a(_clzdi2.o)
 .note          0x000006a8       0x18 /Applications/microchip/xc32/v5.00/bin/bin/../../lib/gcc/pic32c/13.2.1/thumb/v6-m/nofp/libgcc.a(_clzsi2.o)
 .note          0x000006c0       0x18 /Applications/microchip/xc32/v5.00/bin/bin/../../lib/gcc/pic32c/13.2.1/thumb/v6-m/nofp/crtend.o
 .note          0x000006d8       0x18 /Applications/microchip/xc32/v5.00/bin/bin/../../lib/gcc/pic32c/13.2.1/thumb/v6-m/nofp/crtn.o
 .note          0x000006f0       0x18 /Applications/microchip/xc32/v5.00/bin/bin/../../lib/gcc/pic32c/13.2.1/../../../../pic32c/lib/thumb/v6-m/nofp/libpic32c.a(pic32_data_init_clear.o)
 .note          0x00000708       0x18 /Applications/microchip/xc32/v5.00/bin/bin/../../lib/gcc/pic32c/13.2.1/../../../../pic32c/lib/thumb/v6-m/nofp/libpic32c.a(pic32_data_init_copy.o)

.ARM.attributes
                0x00000000       0x2c
 .ARM.attributes
                0x00000000       0x1e /Applications/microchip/xc32/v5.00/bin/bin/../../lib/gcc/pic32c/13.2.1/thumb/v6-m/nofp/crti.o
 .ARM.attributes
                0x0000001e       0x2c /Applications/microchip/xc32/v5.00/bin/bin/../../lib/gcc/pic32c/13.2.1/thumb/v6-m/nofp/crtbegin.o
 .ARM.attributes
                0x0000004a       0x2c build/default/production/_ext/1593096446/plib_nvmctrl.o
 .ARM.attributes
                0x00000076       0x2c build/default/production/_ext/17022449/plib_sercom1_spi_master.o
 .ARM.attributes
                0x000000a2       0x2c build/default/production/_ext/1360937237/main.o
 .ARM.attributes
                0x000000ce       0x2c build/default/production/_ext/1171490990/initialization.o
 .ARM.attributes
                0x000000fa       0x2c build/default/production/_ext/1171490990/interrupts.o
 .ARM.attributes
                0x00000126       0x2c build/default/production/_ext/1171490990/exceptions.o
 .ARM.attributes
                0x00000152       0x2c build/default/production/_ext/163028504/xc32_monitor.o
 .ARM.attributes
                0x0000017e       0x2c build/default/production/_ext/1865521619/plib_port.o
 .ARM.attributes
                0x000001aa       0x2c build/default/production/_ext/1984496892/plib_clock.o
 .ARM.attributes
                0x000001d6       0x2c build/default/production/_ext/1865468468/plib_nvic.o
 .ARM.attributes
                0x00000202       0x2c build/default/production/_ext/1171490990/startup_xc32.o
 .ARM.attributes
                0x0000022e       0x2c build/default/production/_ext/504274921/plib_sercom0_usart.o
 .ARM.attributes
                0x0000025a       0x2c /Applications/microchip/xc32/v5.00/bin/bin/../../lib/gcc/pic32c/13.2.1/../../../../pic32c/lib/thumb/v6-m/nofp/libpic32c.a(data_init.o)
 .ARM.attributes
                0x00000286       0x2e /Applications/microchip/xc32/v5.00/bin/bin/../../lib/gcc/pic32c/13.2.1/../../../../pic32c/lib/thumb/v6-m/nofp/libc-size-musl.a(memcpy.o)
 .ARM.attributes
                0x000002b4       0x2e /Applications/microchip/xc32/v5.00/bin/bin/../../lib/gcc/pic32c/13.2.1/../../../../pic32c/lib/thumb/v6-m/nofp/libc-musl.a(__libc_start_main.o)
 .ARM.attributes
                0x000002e2       0x2e /Applications/microchip/xc32/v5.00/bin/bin/../../lib/gcc/pic32c/13.2.1/../../../../pic32c/lib/thumb/v6-m/nofp/libc-musl.a(libc.o)
 .ARM.attributes
                0x00000310       0x2e /Applications/microchip/xc32/v5.00/bin/bin/../../lib/gcc/pic32c/13.2.1/../../../../pic32c/lib/thumb/v6-m/nofp/libc-musl.a(stdin.o)
 .ARM.attributes
                0x0000033e       0x2e /Applications/microchip/xc32/v5.00/bin/bin/../../lib/gcc/pic32c/13.2.1/../../../../pic32c/lib/thumb/v6-m/nofp/libc-musl.a(stdout.o)
 .ARM.attributes
                0x0000036c       0x2e /Applications/microchip/xc32/v5.00/bin/bin/../../lib/gcc/pic32c/13.2.1/../../../../pic32c/lib/thumb/v6-m/nofp/libc-musl.a(setbuf.o)
 .ARM.attributes
                0x0000039a       0x2e /Applications/microchip/xc32/v5.00/bin/bin/../../lib/gcc/pic32c/13.2.1/../../../../pic32c/lib/thumb/v6-m/nofp/libc-musl.a(__environ.o)
 .ARM.attributes
                0x000003c8       0x2e /Applications/microchip/xc32/v5.00/bin/bin/../../lib/gcc/pic32c/13.2.1/../../../../pic32c/lib/thumb/v6-m/nofp/libc-musl.a(__stdio_read.o)
 .ARM.attributes
                0x000003f6       0x2e /Applications/microchip/xc32/v5.00/bin/bin/../../lib/gcc/pic32c/13.2.1/../../../../pic32c/lib/thumb/v6-m/nofp/libc-musl.a(__towrite_rw.o)
 .ARM.attributes
                0x00000424       0x2e /Applications/microchip/xc32/v5.00/bin/bin/../../lib/gcc/pic32c/13.2.1/../../../../pic32c/lib/thumb/v6-m/nofp/libc-musl.a(setvbuf.o)
 .ARM.attributes
                0x00000452       0x2e /Applications/microchip/xc32/v5.00/bin/bin/../../lib/gcc/pic32c/13.2.1/../../../../pic32c/lib/thumb/v6-m/nofp/libc-musl.a(readv.o)
 .ARM.attributes
                0x00000480       0x2e /Applications/microchip/xc32/v5.00/bin/bin/../../lib/gcc/pic32c/13.2.1/../../../../pic32c/lib/thumb/v6-m/nofp/libc-musl.a(__init_stdio.o)
 .ARM.attributes
                0x000004ae       0x2e /Applications/microchip/xc32/v5.00/bin/bin/../../lib/gcc/pic32c/13.2.1/../../../../pic32c/lib/thumb/v6-m/nofp/libc-musl.a(__out.o)
 .ARM.attributes
                0x000004dc       0x2e /Applications/microchip/xc32/v5.00/bin/bin/../../lib/gcc/pic32c/13.2.1/../../../../pic32c/lib/thumb/v6-m/nofp/libc-musl.a(__stderr.o)
 .ARM.attributes
                0x0000050a       0x2e /Applications/microchip/xc32/v5.00/bin/bin/../../lib/gcc/pic32c/13.2.1/../../../../pic32c/lib/thumb/v6-m/nofp/libc-musl.a(__stdio_close.o)
 .ARM.attributes
                0x00000538       0x2e /Applications/microchip/xc32/v5.00/bin/bin/../../lib/gcc/pic32c/13.2.1/../../../../pic32c/lib/thumb/v6-m/nofp/libc-musl.a(__stdio_write.o)
 .ARM.attributes
                0x00000566       0x2e /Applications/microchip/xc32/v5.00/bin/bin/../../lib/gcc/pic32c/13.2.1/../../../../pic32c/lib/thumb/v6-m/nofp/libc-musl.a(__stdout.o)
 .ARM.attributes
                0x00000594       0x2e /Applications/microchip/xc32/v5.00/bin/bin/../../lib/gcc/pic32c/13.2.1/../../../../pic32c/lib/thumb/v6-m/nofp/libc-musl.a(__towrite.o)
 .ARM.attributes
                0x000005c2       0x2e /Applications/microchip/xc32/v5.00/bin/bin/../../lib/gcc/pic32c/13.2.1/../../../../pic32c/lib/thumb/v6-m/nofp/libc-musl.a(writev.o)
 .ARM.attributes
                0x000005f0       0x2c /Applications/microchip/xc32/v5.00/bin/bin/../../lib/gcc/pic32c/13.2.1/../../../../pic32c/lib/thumb/v6-m/nofp/libpic32c.a(close.o)
 .ARM.attributes
                0x0000061c       0x2c /Applications/microchip/xc32/v5.00/bin/bin/../../lib/gcc/pic32c/13.2.1/../../../../pic32c/lib/thumb/v6-m/nofp/libpic32c.a(lseek.o)
 .ARM.attributes
                0x00000648       0x2e /Applications/microchip/xc32/v5.00/bin/bin/../../lib/gcc/pic32c/13.2.1/../../../../pic32c/lib/thumb/v6-m/nofp/liblmalloc-musl.a(lite_malloc.o)
 .ARM.attributes
                0x00000676       0x2e /Applications/microchip/xc32/v5.00/bin/bin/../../lib/gcc/pic32c/13.2.1/../../../../pic32c/lib/thumb/v6-m/nofp/liblmalloc-musl.a(lite_free.o)
 .ARM.attributes
                0x000006a4       0x2e /Applications/microchip/xc32/v5.00/bin/bin/../../lib/gcc/pic32c/13.2.1/../../../../pic32c/lib/thumb/v6-m/nofp/libc-musl.a(__errno_location.o)
 .ARM.attributes
                0x000006d2       0x2e /Applications/microchip/xc32/v5.00/bin/bin/../../lib/gcc/pic32c/13.2.1/../../../../pic32c/lib/thumb/v6-m/nofp/libc-musl.a(expand_heap.o)
 .ARM.attributes
                0x00000700       0x2c /Applications/microchip/xc32/v5.00/bin/bin/../../lib/gcc/pic32c/13.2.1/../../../../pic32c/lib/thumb/v6-m/nofp/libpic32c.a(sbrk.o)
 .ARM.attributes
                0x0000072c       0x1e /Applications/microchip/xc32/v5.00/bin/bin/../../lib/gcc/pic32c/13.2.1/thumb/v6-m/nofp/libgcc.a(_udivsi3.o)
 .ARM.attributes
                0x0000074a       0x1e /Applications/microchip/xc32/v5.00/bin/bin/../../lib/gcc/pic32c/13.2.1/thumb/v6-m/nofp/libgcc.a(_dvmd_tls.o)
 .ARM.attributes
                0x00000768       0x1e /Applications/microchip/xc32/v5.00/bin/bin/../../lib/gcc/pic32c/13.2.1/thumb/v6-m/nofp/libgcc.a(_aeabi_uldivmod.o)
 .ARM.attributes
                0x00000786       0x2c /Applications/microchip/xc32/v5.00/bin/bin/../../lib/gcc/pic32c/13.2.1/thumb/v6-m/nofp/libgcc.a(_udivmoddi4.o)
 .ARM.attributes
                0x000007b2       0x1e /Applications/microchip/xc32/v5.00/bin/bin/../../lib/gcc/pic32c/13.2.1/thumb/v6-m/nofp/libgcc.a(_lshrdi3.o)
 .ARM.attributes
                0x000007d0       0x1e /Applications/microchip/xc32/v5.00/bin/bin/../../lib/gcc/pic32c/13.2.1/thumb/v6-m/nofp/libgcc.a(_ashldi3.o)
 .ARM.attributes
                0x000007ee       0x1e /Applications/microchip/xc32/v5.00/bin/bin/../../lib/gcc/pic32c/13.2.1/thumb/v6-m/nofp/libgcc.a(_clzdi2.o)
 .ARM.attributes
                0x0000080c       0x1e /Applications/microchip/xc32/v5.00/bin/bin/../../lib/gcc/pic32c/13.2.1/thumb/v6-m/nofp/libgcc.a(_clzsi2.o)
 .ARM.attributes
                0x0000082a       0x1e /Applications/microchip/xc32/v5.00/bin/bin/../../lib/gcc/pic32c/13.2.1/thumb/v6-m/nofp/crtn.o
 .ARM.attributes
                0x00000848       0x2c /Applications/microchip/xc32/v5.00/bin/bin/../../lib/gcc/pic32c/13.2.1/../../../../pic32c/lib/thumb/v6-m/nofp/libpic32c.a(pic32_data_init_clear.o)
 .ARM.attributes
                0x00000874       0x2c /Applications/microchip/xc32/v5.00/bin/bin/../../lib/gcc/pic32c/13.2.1/../../../../pic32c/lib/thumb/v6-m/nofp/libpic32c.a(pic32_data_init_copy.o)

.comment        0x00000000       0x35
 .comment       0x00000000       0x35 /Applications/microchip/xc32/v5.00/bin/bin/../../lib/gcc/pic32c/13.2.1/thumb/v6-m/nofp/crtbegin.o
                                 0x36 (size before relaxing)
 .comment       0x00000035       0x36 build/default/production/_ext/1593096446/plib_nvmctrl.o
 .comment       0x00000035       0x36 build/default/production/_ext/17022449/plib_sercom1_spi_master.o
 .comment       0x00000035       0x36 build/default/production/_ext/1360937237/main.o
 .comment       0x00000035       0x36 build/default/production/_ext/1171490990/initialization.o
 .comment       0x00000035       0x36 build/default/production/_ext/1171490990/interrupts.o
 .comment       0x00000035       0x36 build/default/production/_ext/1171490990/exceptions.o
 .comment       0x00000035       0x36 build/default/production/_ext/163028504/xc32_monitor.o
 .comment       0x00000035       0x36 build/default/production/_ext/1865521619/plib_port.o
 .comment       0x00000035       0x36 build/default/production/_ext/1984496892/plib_clock.o
 .comment       0x00000035       0x36 build/default/production/_ext/1865468468/plib_nvic.o
 .comment       0x00000035       0x36 build/default/production/_ext/1171490990/startup_xc32.o
 .comment       0x00000035       0x36 build/default/production/_ext/504274921/plib_sercom0_usart.o
 .comment       0x00000035       0x36 /Applications/microchip/xc32/v5.00/bin/bin/../../lib/gcc/pic32c/13.2.1/../../../../pic32c/lib/thumb/v6-m/nofp/libpic32c.a(data_init.o)
 .comment       0x00000035       0x36 /Applications/microchip/xc32/v5.00/bin/bin/../../lib/gcc/pic32c/13.2.1/../../../../pic32c/lib/thumb/v6-m/nofp/libc-size-musl.a(memcpy.o)
 .comment       0x00000035       0x36 /Applications/microchip/xc32/v5.00/bin/bin/../../lib/gcc/pic32c/13.2.1/../../../../pic32c/lib/thumb/v6-m/nofp/libc-musl.a(__libc_start_main.o)
 .comment       0x00000035       0x36 /Applications/microchip/xc32/v5.00/bin/bin/../../lib/gcc/pic32c/13.2.1/../../../../pic32c/lib/thumb/v6-m/nofp/libc-musl.a(libc.o)
 .comment       0x00000035       0x36 /Applications/microchip/xc32/v5.00/bin/bin/../../lib/gcc/pic32c/13.2.1/../../../../pic32c/lib/thumb/v6-m/nofp/libc-musl.a(stdin.o)
 .comment       0x00000035       0x36 /Applications/microchip/xc32/v5.00/bin/bin/../../lib/gcc/pic32c/13.2.1/../../../../pic32c/lib/thumb/v6-m/nofp/libc-musl.a(stdout.o)
 .comment       0x00000035       0x36 /Applications/microchip/xc32/v5.00/bin/bin/../../lib/gcc/pic32c/13.2.1/../../../../pic32c/lib/thumb/v6-m/nofp/libc-musl.a(setbuf.o)
 .comment       0x00000035       0x36 /Applications/microchip/xc32/v5.00/bin/bin/../../lib/gcc/pic32c/13.2.1/../../../../pic32c/lib/thumb/v6-m/nofp/libc-musl.a(__environ.o)
 .comment       0x00000035       0x36 /Applications/microchip/xc32/v5.00/bin/bin/../../lib/gcc/pic32c/13.2.1/../../../../pic32c/lib/thumb/v6-m/nofp/libc-musl.a(__stdio_read.o)
 .comment       0x00000035       0x36 /Applications/microchip/xc32/v5.00/bin/bin/../../lib/gcc/pic32c/13.2.1/../../../../pic32c/lib/thumb/v6-m/nofp/libc-musl.a(__towrite_rw.o)
 .comment       0x00000035       0x36 /Applications/microchip/xc32/v5.00/bin/bin/../../lib/gcc/pic32c/13.2.1/../../../../pic32c/lib/thumb/v6-m/nofp/libc-musl.a(setvbuf.o)
 .comment       0x00000035       0x36 /Applications/microchip/xc32/v5.00/bin/bin/../../lib/gcc/pic32c/13.2.1/../../../../pic32c/lib/thumb/v6-m/nofp/libc-musl.a(readv.o)
 .comment       0x00000035       0x36 /Applications/microchip/xc32/v5.00/bin/bin/../../lib/gcc/pic32c/13.2.1/../../../../pic32c/lib/thumb/v6-m/nofp/libc-musl.a(__init_stdio.o)
 .comment       0x00000035       0x36 /Applications/microchip/xc32/v5.00/bin/bin/../../lib/gcc/pic32c/13.2.1/../../../../pic32c/lib/thumb/v6-m/nofp/libc-musl.a(__out.o)
 .comment       0x00000035       0x36 /Applications/microchip/xc32/v5.00/bin/bin/../../lib/gcc/pic32c/13.2.1/../../../../pic32c/lib/thumb/v6-m/nofp/libc-musl.a(__stderr.o)
 .comment       0x00000035       0x36 /Applications/microchip/xc32/v5.00/bin/bin/../../lib/gcc/pic32c/13.2.1/../../../../pic32c/lib/thumb/v6-m/nofp/libc-musl.a(__stdio_close.o)
 .comment       0x00000035       0x36 /Applications/microchip/xc32/v5.00/bin/bin/../../lib/gcc/pic32c/13.2.1/../../../../pic32c/lib/thumb/v6-m/nofp/libc-musl.a(__stdio_write.o)
 .comment       0x00000035       0x36 /Applications/microchip/xc32/v5.00/bin/bin/../../lib/gcc/pic32c/13.2.1/../../../../pic32c/lib/thumb/v6-m/nofp/libc-musl.a(__stdout.o)
 .comment       0x00000035       0x36 /Applications/microchip/xc32/v5.00/bin/bin/../../lib/gcc/pic32c/13.2.1/../../../../pic32c/lib/thumb/v6-m/nofp/libc-musl.a(__towrite.o)
 .comment       0x00000035       0x36 /Applications/microchip/xc32/v5.00/bin/bin/../../lib/gcc/pic32c/13.2.1/../../../../pic32c/lib/thumb/v6-m/nofp/libc-musl.a(writev.o)
 .comment       0x00000035       0x36 /Applications/microchip/xc32/v5.00/bin/bin/../../lib/gcc/pic32c/13.2.1/../../../../pic32c/lib/thumb/v6-m/nofp/libpic32c.a(close.o)
 .comment       0x00000035       0x36 /Applications/microchip/xc32/v5.00/bin/bin/../../lib/gcc/pic32c/13.2.1/../../../../pic32c/lib/thumb/v6-m/nofp/libpic32c.a(lseek.o)
 .comment       0x00000035       0x36 /Applications/microchip/xc32/v5.00/bin/bin/../../lib/gcc/pic32c/13.2.1/../../../../pic32c/lib/thumb/v6-m/nofp/liblmalloc-musl.a(lite_malloc.o)
 .comment       0x00000035       0x36 /Applications/microchip/xc32/v5.00/bin/bin/../../lib/gcc/pic32c/13.2.1/../../../../pic32c/lib/thumb/v6-m/nofp/liblmalloc-musl.a(lite_free.o)
 .comment       0x00000035       0x36 /Applications/microchip/xc32/v5.00/bin/bin/../../lib/gcc/pic32c/13.2.1/../../../../pic32c/lib/thumb/v6-m/nofp/libc-musl.a(__errno_location.o)
 .comment       0x00000035       0x36 /Applications/microchip/xc32/v5.00/bin/bin/../../lib/gcc/pic32c/13.2.1/../../../../pic32c/lib/thumb/v6-m/nofp/libc-musl.a(expand_heap.o)
 .comment       0x00000035       0x36 /Applications/microchip/xc32/v5.00/bin/bin/../../lib/gcc/pic32c/13.2.1/../../../../pic32c/lib/thumb/v6-m/nofp/libpic32c.a(sbrk.o)
 .comment       0x00000035       0x36 /Applications/microchip/xc32/v5.00/bin/bin/../../lib/gcc/pic32c/13.2.1/thumb/v6-m/nofp/libgcc.a(_udivmoddi4.o)
 .comment       0x00000035       0x36 /Applications/microchip/xc32/v5.00/bin/bin/../../lib/gcc/pic32c/13.2.1/../../../../pic32c/lib/thumb/v6-m/nofp/libpic32c.a(pic32_data_init_clear.o)
 .comment       0x00000035       0x36 /Applications/microchip/xc32/v5.00/bin/bin/../../lib/gcc/pic32c/13.2.1/../../../../pic32c/lib/thumb/v6-m/nofp/libpic32c.a(pic32_data_init_copy.o)

.debug_info     0x00000000     0x8d15
 .debug_info    0x00000000      0x545 build/default/production/_ext/1593096446/plib_nvmctrl.o
 .debug_info    0x00000545      0xc26 build/default/production/_ext/17022449/plib_sercom1_spi_master.o
 .debug_info    0x0000116b      0xeb6 build/default/production/_ext/1360937237/main.o
 .debug_info    0x00002021      0x2d3 build/default/production/_ext/1171490990/initialization.o
 .debug_info    0x000022f4      0x3aa build/default/production/_ext/1171490990/interrupts.o
 .debug_info    0x0000269e       0xb8 build/default/production/_ext/1171490990/exceptions.o
 .debug_info    0x00002756      0x19a build/default/production/_ext/163028504/xc32_monitor.o
 .debug_info    0x000028f0      0x673 build/default/production/_ext/1865521619/plib_port.o
 .debug_info    0x00002f63      0x504 build/default/production/_ext/1984496892/plib_clock.o
 .debug_info    0x00003467      0x659 build/default/production/_ext/1865468468/plib_nvic.o
 .debug_info    0x00003ac0      0x200 build/default/production/_ext/1171490990/startup_xc32.o
 .debug_info    0x00003cc0      0xc00 build/default/production/_ext/504274921/plib_sercom0_usart.o
 .debug_info    0x000048c0      0x212 /Applications/microchip/xc32/v5.00/bin/bin/../../lib/gcc/pic32c/13.2.1/../../../../pic32c/lib/thumb/v6-m/nofp/libpic32c.a(data_init.o)
 .debug_info    0x00004ad2       0xed /Applications/microchip/xc32/v5.00/bin/bin/../../lib/gcc/pic32c/13.2.1/../../../../pic32c/lib/thumb/v6-m/nofp/libc-size-musl.a(memcpy.o)
 .debug_info    0x00004bbf      0x2fb /Applications/microchip/xc32/v5.00/bin/bin/../../lib/gcc/pic32c/13.2.1/../../../../pic32c/lib/thumb/v6-m/nofp/libc-musl.a(__libc_start_main.o)
 .debug_info    0x00004eba      0x276 /Applications/microchip/xc32/v5.00/bin/bin/../../lib/gcc/pic32c/13.2.1/../../../../pic32c/lib/thumb/v6-m/nofp/libc-musl.a(libc.o)
 .debug_info    0x00005130      0x424 /Applications/microchip/xc32/v5.00/bin/bin/../../lib/gcc/pic32c/13.2.1/../../../../pic32c/lib/thumb/v6-m/nofp/libc-musl.a(stdin.o)
 .debug_info    0x00005554      0x1e6 /Applications/microchip/xc32/v5.00/bin/bin/../../lib/gcc/pic32c/13.2.1/../../../../pic32c/lib/thumb/v6-m/nofp/libc-musl.a(stdout.o)
 .debug_info    0x0000573a      0x121 /Applications/microchip/xc32/v5.00/bin/bin/../../lib/gcc/pic32c/13.2.1/../../../../pic32c/lib/thumb/v6-m/nofp/libc-musl.a(setbuf.o)
 .debug_info    0x0000585b       0x97 /Applications/microchip/xc32/v5.00/bin/bin/../../lib/gcc/pic32c/13.2.1/../../../../pic32c/lib/thumb/v6-m/nofp/libc-musl.a(__environ.o)
 .debug_info    0x000058f2      0x40b /Applications/microchip/xc32/v5.00/bin/bin/../../lib/gcc/pic32c/13.2.1/../../../../pic32c/lib/thumb/v6-m/nofp/libc-musl.a(__stdio_read.o)
 .debug_info    0x00005cfd      0x331 /Applications/microchip/xc32/v5.00/bin/bin/../../lib/gcc/pic32c/13.2.1/../../../../pic32c/lib/thumb/v6-m/nofp/libc-musl.a(__towrite_rw.o)
 .debug_info    0x0000602e      0x2ea /Applications/microchip/xc32/v5.00/bin/bin/../../lib/gcc/pic32c/13.2.1/../../../../pic32c/lib/thumb/v6-m/nofp/libc-musl.a(setvbuf.o)
 .debug_info    0x00006318      0x163 /Applications/microchip/xc32/v5.00/bin/bin/../../lib/gcc/pic32c/13.2.1/../../../../pic32c/lib/thumb/v6-m/nofp/libc-musl.a(readv.o)
 .debug_info    0x0000647b       0xc3 /Applications/microchip/xc32/v5.00/bin/bin/../../lib/gcc/pic32c/13.2.1/../../../../pic32c/lib/thumb/v6-m/nofp/libc-musl.a(__init_stdio.o)
 .debug_info    0x0000653e      0x2fb /Applications/microchip/xc32/v5.00/bin/bin/../../lib/gcc/pic32c/13.2.1/../../../../pic32c/lib/thumb/v6-m/nofp/libc-musl.a(__out.o)
 .debug_info    0x00006839      0x3e7 /Applications/microchip/xc32/v5.00/bin/bin/../../lib/gcc/pic32c/13.2.1/../../../../pic32c/lib/thumb/v6-m/nofp/libc-musl.a(__stderr.o)
 .debug_info    0x00006c20      0x419 /Applications/microchip/xc32/v5.00/bin/bin/../../lib/gcc/pic32c/13.2.1/../../../../pic32c/lib/thumb/v6-m/nofp/libc-musl.a(__stdio_close.o)
 .debug_info    0x00007039      0x485 /Applications/microchip/xc32/v5.00/bin/bin/../../lib/gcc/pic32c/13.2.1/../../../../pic32c/lib/thumb/v6-m/nofp/libc-musl.a(__stdio_write.o)
 .debug_info    0x000074be      0x3e7 /Applications/microchip/xc32/v5.00/bin/bin/../../lib/gcc/pic32c/13.2.1/../../../../pic32c/lib/thumb/v6-m/nofp/libc-musl.a(__stdout.o)
 .debug_info    0x000078a5      0x275 /Applications/microchip/xc32/v5.00/bin/bin/../../lib/gcc/pic32c/13.2.1/../../../../pic32c/lib/thumb/v6-m/nofp/libc-musl.a(__towrite.o)
 .debug_info    0x00007b1a      0x16a /Applications/microchip/xc32/v5.00/bin/bin/../../lib/gcc/pic32c/13.2.1/../../../../pic32c/lib/thumb/v6-m/nofp/libc-musl.a(writev.o)
 .debug_info    0x00007c84       0xa6 /Applications/microchip/xc32/v5.00/bin/bin/../../lib/gcc/pic32c/13.2.1/../../../../pic32c/lib/thumb/v6-m/nofp/libpic32c.a(close.o)
 .debug_info    0x00007d2a       0xbc /Applications/microchip/xc32/v5.00/bin/bin/../../lib/gcc/pic32c/13.2.1/../../../../pic32c/lib/thumb/v6-m/nofp/libpic32c.a(lseek.o)
 .debug_info    0x00007de6      0x1dc /Applications/microchip/xc32/v5.00/bin/bin/../../lib/gcc/pic32c/13.2.1/../../../../pic32c/lib/thumb/v6-m/nofp/liblmalloc-musl.a(lite_malloc.o)
 .debug_info    0x00007fc2      0x276 /Applications/microchip/xc32/v5.00/bin/bin/../../lib/gcc/pic32c/13.2.1/../../../../pic32c/lib/thumb/v6-m/nofp/liblmalloc-musl.a(lite_free.o)
 .debug_info    0x00008238       0x5b /Applications/microchip/xc32/v5.00/bin/bin/../../lib/gcc/pic32c/13.2.1/../../../../pic32c/lib/thumb/v6-m/nofp/libc-musl.a(__errno_location.o)
 .debug_info    0x00008293      0x115 /Applications/microchip/xc32/v5.00/bin/bin/../../lib/gcc/pic32c/13.2.1/../../../../pic32c/lib/thumb/v6-m/nofp/libc-musl.a(expand_heap.o)
 .debug_info    0x000083a8      0x186 /Applications/microchip/xc32/v5.00/bin/bin/../../lib/gcc/pic32c/13.2.1/../../../../pic32c/lib/thumb/v6-m/nofp/libpic32c.a(sbrk.o)
 .debug_info    0x0000852e       0x51 /Applications/microchip/xc32/v5.00/bin/bin/../../lib/gcc/pic32c/13.2.1/thumb/v6-m/nofp/libgcc.a(_udivsi3.o)
 .debug_info    0x0000857f       0x41 /Applications/microchip/xc32/v5.00/bin/bin/../../lib/gcc/pic32c/13.2.1/thumb/v6-m/nofp/libgcc.a(_dvmd_tls.o)
 .debug_info    0x000085c0       0x35 /Applications/microchip/xc32/v5.00/bin/bin/../../lib/gcc/pic32c/13.2.1/thumb/v6-m/nofp/libgcc.a(_aeabi_uldivmod.o)
 .debug_info    0x000085f5      0x3fc /Applications/microchip/xc32/v5.00/bin/bin/../../lib/gcc/pic32c/13.2.1/thumb/v6-m/nofp/libgcc.a(_udivmoddi4.o)
 .debug_info    0x000089f1       0x43 /Applications/microchip/xc32/v5.00/bin/bin/../../lib/gcc/pic32c/13.2.1/thumb/v6-m/nofp/libgcc.a(_lshrdi3.o)
 .debug_info    0x00008a34       0x43 /Applications/microchip/xc32/v5.00/bin/bin/../../lib/gcc/pic32c/13.2.1/thumb/v6-m/nofp/libgcc.a(_ashldi3.o)
 .debug_info    0x00008a77       0x26 /Applications/microchip/xc32/v5.00/bin/bin/../../lib/gcc/pic32c/13.2.1/thumb/v6-m/nofp/libgcc.a(_clzdi2.o)
 .debug_info    0x00008a9d       0x35 /Applications/microchip/xc32/v5.00/bin/bin/../../lib/gcc/pic32c/13.2.1/thumb/v6-m/nofp/libgcc.a(_clzsi2.o)
 .debug_info    0x00008ad2      0x117 /Applications/microchip/xc32/v5.00/bin/bin/../../lib/gcc/pic32c/13.2.1/../../../../pic32c/lib/thumb/v6-m/nofp/libpic32c.a(pic32_data_init_clear.o)
 .debug_info    0x00008be9      0x12c /Applications/microchip/xc32/v5.00/bin/bin/../../lib/gcc/pic32c/13.2.1/../../../../pic32c/lib/thumb/v6-m/nofp/libpic32c.a(pic32_data_init_copy.o)

.debug_abbrev   0x00000000     0x31b4
 .debug_abbrev  0x00000000      0x17c build/default/production/_ext/1593096446/plib_nvmctrl.o
 .debug_abbrev  0x0000017c      0x220 build/default/production/_ext/17022449/plib_sercom1_spi_master.o
 .debug_abbrev  0x0000039c      0x26d build/default/production/_ext/1360937237/main.o
 .debug_abbrev  0x00000609      0x13b build/default/production/_ext/1171490990/initialization.o
 .debug_abbrev  0x00000744       0xd1 build/default/production/_ext/1171490990/interrupts.o
 .debug_abbrev  0x00000815       0x47 build/default/production/_ext/1171490990/exceptions.o
 .debug_abbrev  0x0000085c       0xd2 build/default/production/_ext/163028504/xc32_monitor.o
 .debug_abbrev  0x0000092e      0x18a build/default/production/_ext/1865521619/plib_port.o
 .debug_abbrev  0x00000ab8       0xda build/default/production/_ext/1984496892/plib_clock.o
 .debug_abbrev  0x00000b92      0x21f build/default/production/_ext/1865468468/plib_nvic.o
 .debug_abbrev  0x00000db1      0x12c build/default/production/_ext/1171490990/startup_xc32.o
 .debug_abbrev  0x00000edd      0x242 build/default/production/_ext/504274921/plib_sercom0_usart.o
 .debug_abbrev  0x0000111f      0x156 /Applications/microchip/xc32/v5.00/bin/bin/../../lib/gcc/pic32c/13.2.1/../../../../pic32c/lib/thumb/v6-m/nofp/libpic32c.a(data_init.o)
 .debug_abbrev  0x00001275       0xbb /Applications/microchip/xc32/v5.00/bin/bin/../../lib/gcc/pic32c/13.2.1/../../../../pic32c/lib/thumb/v6-m/nofp/libc-size-musl.a(memcpy.o)
 .debug_abbrev  0x00001330      0x133 /Applications/microchip/xc32/v5.00/bin/bin/../../lib/gcc/pic32c/13.2.1/../../../../pic32c/lib/thumb/v6-m/nofp/libc-musl.a(__libc_start_main.o)
 .debug_abbrev  0x00001463       0xd4 /Applications/microchip/xc32/v5.00/bin/bin/../../lib/gcc/pic32c/13.2.1/../../../../pic32c/lib/thumb/v6-m/nofp/libc-musl.a(libc.o)
 .debug_abbrev  0x00001537      0x1c9 /Applications/microchip/xc32/v5.00/bin/bin/../../lib/gcc/pic32c/13.2.1/../../../../pic32c/lib/thumb/v6-m/nofp/libc-musl.a(stdin.o)
 .debug_abbrev  0x00001700      0x144 /Applications/microchip/xc32/v5.00/bin/bin/../../lib/gcc/pic32c/13.2.1/../../../../pic32c/lib/thumb/v6-m/nofp/libc-musl.a(stdout.o)
 .debug_abbrev  0x00001844       0xbf /Applications/microchip/xc32/v5.00/bin/bin/../../lib/gcc/pic32c/13.2.1/../../../../pic32c/lib/thumb/v6-m/nofp/libc-musl.a(setbuf.o)
 .debug_abbrev  0x00001903       0x62 /Applications/microchip/xc32/v5.00/bin/bin/../../lib/gcc/pic32c/13.2.1/../../../../pic32c/lib/thumb/v6-m/nofp/libc-musl.a(__environ.o)
 .debug_abbrev  0x00001965      0x176 /Applications/microchip/xc32/v5.00/bin/bin/../../lib/gcc/pic32c/13.2.1/../../../../pic32c/lib/thumb/v6-m/nofp/libc-musl.a(__stdio_read.o)
 .debug_abbrev  0x00001adb       0xf8 /Applications/microchip/xc32/v5.00/bin/bin/../../lib/gcc/pic32c/13.2.1/../../../../pic32c/lib/thumb/v6-m/nofp/libc-musl.a(__towrite_rw.o)
 .debug_abbrev  0x00001bd3      0x152 /Applications/microchip/xc32/v5.00/bin/bin/../../lib/gcc/pic32c/13.2.1/../../../../pic32c/lib/thumb/v6-m/nofp/libc-musl.a(setvbuf.o)
 .debug_abbrev  0x00001d25      0x101 /Applications/microchip/xc32/v5.00/bin/bin/../../lib/gcc/pic32c/13.2.1/../../../../pic32c/lib/thumb/v6-m/nofp/libc-musl.a(readv.o)
 .debug_abbrev  0x00001e26       0x65 /Applications/microchip/xc32/v5.00/bin/bin/../../lib/gcc/pic32c/13.2.1/../../../../pic32c/lib/thumb/v6-m/nofp/libc-musl.a(__init_stdio.o)
 .debug_abbrev  0x00001e8b      0x184 /Applications/microchip/xc32/v5.00/bin/bin/../../lib/gcc/pic32c/13.2.1/../../../../pic32c/lib/thumb/v6-m/nofp/libc-musl.a(__out.o)
 .debug_abbrev  0x0000200f      0x194 /Applications/microchip/xc32/v5.00/bin/bin/../../lib/gcc/pic32c/13.2.1/../../../../pic32c/lib/thumb/v6-m/nofp/libc-musl.a(__stderr.o)
 .debug_abbrev  0x000021a3      0x16e /Applications/microchip/xc32/v5.00/bin/bin/../../lib/gcc/pic32c/13.2.1/../../../../pic32c/lib/thumb/v6-m/nofp/libc-musl.a(__stdio_close.o)
 .debug_abbrev  0x00002311      0x1c5 /Applications/microchip/xc32/v5.00/bin/bin/../../lib/gcc/pic32c/13.2.1/../../../../pic32c/lib/thumb/v6-m/nofp/libc-musl.a(__stdio_write.o)
 .debug_abbrev  0x000024d6      0x194 /Applications/microchip/xc32/v5.00/bin/bin/../../lib/gcc/pic32c/13.2.1/../../../../pic32c/lib/thumb/v6-m/nofp/libc-musl.a(__stdout.o)
 .debug_abbrev  0x0000266a      0x114 /Applications/microchip/xc32/v5.00/bin/bin/../../lib/gcc/pic32c/13.2.1/../../../../pic32c/lib/thumb/v6-m/nofp/libc-musl.a(__towrite.o)
 .debug_abbrev  0x0000277e      0x106 /Applications/microchip/xc32/v5.00/bin/bin/../../lib/gcc/pic32c/13.2.1/../../../../pic32c/lib/thumb/v6-m/nofp/libc-musl.a(writev.o)
 .debug_abbrev  0x00002884       0x81 /Applications/microchip/xc32/v5.00/bin/bin/../../lib/gcc/pic32c/13.2.1/../../../../pic32c/lib/thumb/v6-m/nofp/libpic32c.a(close.o)
 .debug_abbrev  0x00002905       0x92 /Applications/microchip/xc32/v5.00/bin/bin/../../lib/gcc/pic32c/13.2.1/../../../../pic32c/lib/thumb/v6-m/nofp/libpic32c.a(lseek.o)
 .debug_abbrev  0x00002997      0x13d /Applications/microchip/xc32/v5.00/bin/bin/../../lib/gcc/pic32c/13.2.1/../../../../pic32c/lib/thumb/v6-m/nofp/liblmalloc-musl.a(lite_malloc.o)
 .debug_abbrev  0x00002ad4      0x184 /Applications/microchip/xc32/v5.00/bin/bin/../../lib/gcc/pic32c/13.2.1/../../../../pic32c/lib/thumb/v6-m/nofp/liblmalloc-musl.a(lite_free.o)
 .debug_abbrev  0x00002c58       0x39 /Applications/microchip/xc32/v5.00/bin/bin/../../lib/gcc/pic32c/13.2.1/../../../../pic32c/lib/thumb/v6-m/nofp/libc-musl.a(__errno_location.o)
 .debug_abbrev  0x00002c91       0xcc /Applications/microchip/xc32/v5.00/bin/bin/../../lib/gcc/pic32c/13.2.1/../../../../pic32c/lib/thumb/v6-m/nofp/libc-musl.a(expand_heap.o)
 .debug_abbrev  0x00002d5d      0x105 /Applications/microchip/xc32/v5.00/bin/bin/../../lib/gcc/pic32c/13.2.1/../../../../pic32c/lib/thumb/v6-m/nofp/libpic32c.a(sbrk.o)
 .debug_abbrev  0x00002e62       0x21 /Applications/microchip/xc32/v5.00/bin/bin/../../lib/gcc/pic32c/13.2.1/thumb/v6-m/nofp/libgcc.a(_udivsi3.o)
 .debug_abbrev  0x00002e83       0x1f /Applications/microchip/xc32/v5.00/bin/bin/../../lib/gcc/pic32c/13.2.1/thumb/v6-m/nofp/libgcc.a(_dvmd_tls.o)
 .debug_abbrev  0x00002ea2       0x21 /Applications/microchip/xc32/v5.00/bin/bin/../../lib/gcc/pic32c/13.2.1/thumb/v6-m/nofp/libgcc.a(_aeabi_uldivmod.o)
 .debug_abbrev  0x00002ec3      0x11c /Applications/microchip/xc32/v5.00/bin/bin/../../lib/gcc/pic32c/13.2.1/thumb/v6-m/nofp/libgcc.a(_udivmoddi4.o)
 .debug_abbrev  0x00002fdf       0x21 /Applications/microchip/xc32/v5.00/bin/bin/../../lib/gcc/pic32c/13.2.1/thumb/v6-m/nofp/libgcc.a(_lshrdi3.o)
 .debug_abbrev  0x00003000       0x21 /Applications/microchip/xc32/v5.00/bin/bin/../../lib/gcc/pic32c/13.2.1/thumb/v6-m/nofp/libgcc.a(_ashldi3.o)
 .debug_abbrev  0x00003021       0x14 /Applications/microchip/xc32/v5.00/bin/bin/../../lib/gcc/pic32c/13.2.1/thumb/v6-m/nofp/libgcc.a(_clzdi2.o)
 .debug_abbrev  0x00003035       0x21 /Applications/microchip/xc32/v5.00/bin/bin/../../lib/gcc/pic32c/13.2.1/thumb/v6-m/nofp/libgcc.a(_clzsi2.o)
 .debug_abbrev  0x00003056       0xa5 /Applications/microchip/xc32/v5.00/bin/bin/../../lib/gcc/pic32c/13.2.1/../../../../pic32c/lib/thumb/v6-m/nofp/libpic32c.a(pic32_data_init_clear.o)
 .debug_abbrev  0x000030fb       0xb9 /Applications/microchip/xc32/v5.00/bin/bin/../../lib/gcc/pic32c/13.2.1/../../../../pic32c/lib/thumb/v6-m/nofp/libpic32c.a(pic32_data_init_copy.o)

.debug_loc      0x00000000     0x2efb
 .debug_loc     0x00000000      0x2e0 build/default/production/_ext/1593096446/plib_nvmctrl.o
 .debug_loc     0x000002e0      0x1e0 build/default/production/_ext/17022449/plib_sercom1_spi_master.o
 .debug_loc     0x000004c0      0x370 build/default/production/_ext/1360937237/main.o
 .debug_loc     0x00000830       0x64 build/default/production/_ext/1171490990/initialization.o
 .debug_loc     0x00000894       0x58 build/default/production/_ext/1171490990/exceptions.o
 .debug_loc     0x000008ec       0x70 build/default/production/_ext/163028504/xc32_monitor.o
 .debug_loc     0x0000095c      0x25c build/default/production/_ext/1865521619/plib_port.o
 .debug_loc     0x00000bb8       0xb0 build/default/production/_ext/1984496892/plib_clock.o
 .debug_loc     0x00000c68      0x218 build/default/production/_ext/1865468468/plib_nvic.o
 .debug_loc     0x00000e80       0x20 build/default/production/_ext/1171490990/startup_xc32.o
 .debug_loc     0x00000ea0      0x384 build/default/production/_ext/504274921/plib_sercom0_usart.o
 .debug_loc     0x00001224      0x113 /Applications/microchip/xc32/v5.00/bin/bin/../../lib/gcc/pic32c/13.2.1/../../../../pic32c/lib/thumb/v6-m/nofp/libpic32c.a(data_init.o)
 .debug_loc     0x00001337      0x12d /Applications/microchip/xc32/v5.00/bin/bin/../../lib/gcc/pic32c/13.2.1/../../../../pic32c/lib/thumb/v6-m/nofp/libc-size-musl.a(memcpy.o)
 .debug_loc     0x00001464       0x5e /Applications/microchip/xc32/v5.00/bin/bin/../../lib/gcc/pic32c/13.2.1/../../../../pic32c/lib/thumb/v6-m/nofp/libc-musl.a(__libc_start_main.o)
 .debug_loc     0x000014c2       0x4b /Applications/microchip/xc32/v5.00/bin/bin/../../lib/gcc/pic32c/13.2.1/../../../../pic32c/lib/thumb/v6-m/nofp/libc-musl.a(stdin.o)
 .debug_loc     0x0000150d       0x40 /Applications/microchip/xc32/v5.00/bin/bin/../../lib/gcc/pic32c/13.2.1/../../../../pic32c/lib/thumb/v6-m/nofp/libc-musl.a(stdout.o)
 .debug_loc     0x0000154d       0x76 /Applications/microchip/xc32/v5.00/bin/bin/../../lib/gcc/pic32c/13.2.1/../../../../pic32c/lib/thumb/v6-m/nofp/libc-musl.a(setbuf.o)
 .debug_loc     0x000015c3      0x18d /Applications/microchip/xc32/v5.00/bin/bin/../../lib/gcc/pic32c/13.2.1/../../../../pic32c/lib/thumb/v6-m/nofp/libc-musl.a(__stdio_read.o)
 .debug_loc     0x00001750       0x22 /Applications/microchip/xc32/v5.00/bin/bin/../../lib/gcc/pic32c/13.2.1/../../../../pic32c/lib/thumb/v6-m/nofp/libc-musl.a(__towrite_rw.o)
 .debug_loc     0x00001772      0x12d /Applications/microchip/xc32/v5.00/bin/bin/../../lib/gcc/pic32c/13.2.1/../../../../pic32c/lib/thumb/v6-m/nofp/libc-musl.a(setvbuf.o)
 .debug_loc     0x0000189f      0x13c /Applications/microchip/xc32/v5.00/bin/bin/../../lib/gcc/pic32c/13.2.1/../../../../pic32c/lib/thumb/v6-m/nofp/libc-musl.a(readv.o)
 .debug_loc     0x000019db       0x20 /Applications/microchip/xc32/v5.00/bin/bin/../../lib/gcc/pic32c/13.2.1/../../../../pic32c/lib/thumb/v6-m/nofp/libc-musl.a(__init_stdio.o)
 .debug_loc     0x000019fb      0x222 /Applications/microchip/xc32/v5.00/bin/bin/../../lib/gcc/pic32c/13.2.1/../../../../pic32c/lib/thumb/v6-m/nofp/libc-musl.a(__out.o)
 .debug_loc     0x00001c1d       0x4b /Applications/microchip/xc32/v5.00/bin/bin/../../lib/gcc/pic32c/13.2.1/../../../../pic32c/lib/thumb/v6-m/nofp/libc-musl.a(__stderr.o)
 .debug_loc     0x00001c68      0x1f0 /Applications/microchip/xc32/v5.00/bin/bin/../../lib/gcc/pic32c/13.2.1/../../../../pic32c/lib/thumb/v6-m/nofp/libc-musl.a(__stdio_close.o)
 .debug_loc     0x00001e58      0x396 /Applications/microchip/xc32/v5.00/bin/bin/../../lib/gcc/pic32c/13.2.1/../../../../pic32c/lib/thumb/v6-m/nofp/libc-musl.a(__stdio_write.o)
 .debug_loc     0x000021ee       0x4b /Applications/microchip/xc32/v5.00/bin/bin/../../lib/gcc/pic32c/13.2.1/../../../../pic32c/lib/thumb/v6-m/nofp/libc-musl.a(__stdout.o)
 .debug_loc     0x00002239       0x98 /Applications/microchip/xc32/v5.00/bin/bin/../../lib/gcc/pic32c/13.2.1/../../../../pic32c/lib/thumb/v6-m/nofp/libc-musl.a(__towrite.o)
 .debug_loc     0x000022d1      0x13c /Applications/microchip/xc32/v5.00/bin/bin/../../lib/gcc/pic32c/13.2.1/../../../../pic32c/lib/thumb/v6-m/nofp/libc-musl.a(writev.o)
 .debug_loc     0x0000240d       0x2b /Applications/microchip/xc32/v5.00/bin/bin/../../lib/gcc/pic32c/13.2.1/../../../../pic32c/lib/thumb/v6-m/nofp/libpic32c.a(close.o)
 .debug_loc     0x00002438       0x2b /Applications/microchip/xc32/v5.00/bin/bin/../../lib/gcc/pic32c/13.2.1/../../../../pic32c/lib/thumb/v6-m/nofp/libpic32c.a(lseek.o)
 .debug_loc     0x00002463      0x11c /Applications/microchip/xc32/v5.00/bin/bin/../../lib/gcc/pic32c/13.2.1/../../../../pic32c/lib/thumb/v6-m/nofp/liblmalloc-musl.a(lite_malloc.o)
 .debug_loc     0x0000257f      0x318 /Applications/microchip/xc32/v5.00/bin/bin/../../lib/gcc/pic32c/13.2.1/../../../../pic32c/lib/thumb/v6-m/nofp/liblmalloc-musl.a(lite_free.o)
 .debug_loc     0x00002897       0x82 /Applications/microchip/xc32/v5.00/bin/bin/../../lib/gcc/pic32c/13.2.1/../../../../pic32c/lib/thumb/v6-m/nofp/libc-musl.a(expand_heap.o)
 .debug_loc     0x00002919       0xca /Applications/microchip/xc32/v5.00/bin/bin/../../lib/gcc/pic32c/13.2.1/../../../../pic32c/lib/thumb/v6-m/nofp/libpic32c.a(sbrk.o)
 .debug_loc     0x000029e3      0x28a /Applications/microchip/xc32/v5.00/bin/bin/../../lib/gcc/pic32c/13.2.1/thumb/v6-m/nofp/libgcc.a(_udivmoddi4.o)
 .debug_loc     0x00002c6d       0xf7 /Applications/microchip/xc32/v5.00/bin/bin/../../lib/gcc/pic32c/13.2.1/../../../../pic32c/lib/thumb/v6-m/nofp/libpic32c.a(pic32_data_init_clear.o)
 .debug_loc     0x00002d64      0x197 /Applications/microchip/xc32/v5.00/bin/bin/../../lib/gcc/pic32c/13.2.1/../../../../pic32c/lib/thumb/v6-m/nofp/libpic32c.a(pic32_data_init_copy.o)

.debug_aranges  0x00000000      0x6b0
 .debug_aranges
                0x00000000       0x20 build/default/production/_ext/1593096446/plib_nvmctrl.o
 .debug_aranges
                0x00000020       0x20 build/default/production/_ext/17022449/plib_sercom1_spi_master.o
 .debug_aranges
                0x00000040       0x20 build/default/production/_ext/1360937237/main.o
 .debug_aranges
                0x00000060       0x20 build/default/production/_ext/1171490990/initialization.o
 .debug_aranges
                0x00000080       0x20 build/default/production/_ext/1171490990/interrupts.o
 .debug_aranges
                0x000000a0       0x20 build/default/production/_ext/1171490990/exceptions.o
 .debug_aranges
                0x000000c0       0x20 build/default/production/_ext/163028504/xc32_monitor.o
 .debug_aranges
                0x000000e0       0x20 build/default/production/_ext/1865521619/plib_port.o
 .debug_aranges
                0x00000100       0x20 build/default/production/_ext/1984496892/plib_clock.o
 .debug_aranges
                0x00000120       0x20 build/default/production/_ext/1865468468/plib_nvic.o
 .debug_aranges
                0x00000140       0x28 build/default/production/_ext/1171490990/startup_xc32.o
 .debug_aranges
                0x00000168       0x20 build/default/production/_ext/504274921/plib_sercom0_usart.o
 .debug_aranges
                0x00000188       0x30 /Applications/microchip/xc32/v5.00/bin/bin/../../lib/gcc/pic32c/13.2.1/../../../../pic32c/lib/thumb/v6-m/nofp/libpic32c.a(data_init.o)
 .debug_aranges
                0x000001b8       0x20 /Applications/microchip/xc32/v5.00/bin/bin/../../lib/gcc/pic32c/13.2.1/../../../../pic32c/lib/thumb/v6-m/nofp/libc-size-musl.a(memcpy.o)
 .debug_aranges
                0x000001d8       0x28 /Applications/microchip/xc32/v5.00/bin/bin/../../lib/gcc/pic32c/13.2.1/../../../../pic32c/lib/thumb/v6-m/nofp/libc-musl.a(__libc_start_main.o)
 .debug_aranges
                0x00000200       0x18 /Applications/microchip/xc32/v5.00/bin/bin/../../lib/gcc/pic32c/13.2.1/../../../../pic32c/lib/thumb/v6-m/nofp/libc-musl.a(libc.o)
 .debug_aranges
                0x00000218       0x28 /Applications/microchip/xc32/v5.00/bin/bin/../../lib/gcc/pic32c/13.2.1/../../../../pic32c/lib/thumb/v6-m/nofp/libc-musl.a(stdin.o)
 .debug_aranges
                0x00000240       0x30 /Applications/microchip/xc32/v5.00/bin/bin/../../lib/gcc/pic32c/13.2.1/../../../../pic32c/lib/thumb/v6-m/nofp/libc-musl.a(stdout.o)
 .debug_aranges
                0x00000270       0x20 /Applications/microchip/xc32/v5.00/bin/bin/../../lib/gcc/pic32c/13.2.1/../../../../pic32c/lib/thumb/v6-m/nofp/libc-musl.a(setbuf.o)
 .debug_aranges
                0x00000290       0x18 /Applications/microchip/xc32/v5.00/bin/bin/../../lib/gcc/pic32c/13.2.1/../../../../pic32c/lib/thumb/v6-m/nofp/libc-musl.a(__environ.o)
 .debug_aranges
                0x000002a8       0x20 /Applications/microchip/xc32/v5.00/bin/bin/../../lib/gcc/pic32c/13.2.1/../../../../pic32c/lib/thumb/v6-m/nofp/libc-musl.a(__stdio_read.o)
 .debug_aranges
                0x000002c8       0x20 /Applications/microchip/xc32/v5.00/bin/bin/../../lib/gcc/pic32c/13.2.1/../../../../pic32c/lib/thumb/v6-m/nofp/libc-musl.a(__towrite_rw.o)
 .debug_aranges
                0x000002e8       0x28 /Applications/microchip/xc32/v5.00/bin/bin/../../lib/gcc/pic32c/13.2.1/../../../../pic32c/lib/thumb/v6-m/nofp/libc-musl.a(setvbuf.o)
 .debug_aranges
                0x00000310       0x20 /Applications/microchip/xc32/v5.00/bin/bin/../../lib/gcc/pic32c/13.2.1/../../../../pic32c/lib/thumb/v6-m/nofp/libc-musl.a(readv.o)
 .debug_aranges
                0x00000330       0x28 /Applications/microchip/xc32/v5.00/bin/bin/../../lib/gcc/pic32c/13.2.1/../../../../pic32c/lib/thumb/v6-m/nofp/libc-musl.a(__init_stdio.o)
 .debug_aranges
                0x00000358       0x28 /Applications/microchip/xc32/v5.00/bin/bin/../../lib/gcc/pic32c/13.2.1/../../../../pic32c/lib/thumb/v6-m/nofp/libc-musl.a(__out.o)
 .debug_aranges
                0x00000380       0x30 /Applications/microchip/xc32/v5.00/bin/bin/../../lib/gcc/pic32c/13.2.1/../../../../pic32c/lib/thumb/v6-m/nofp/libc-musl.a(__stderr.o)
 .debug_aranges
                0x000003b0       0x28 /Applications/microchip/xc32/v5.00/bin/bin/../../lib/gcc/pic32c/13.2.1/../../../../pic32c/lib/thumb/v6-m/nofp/libc-musl.a(__stdio_close.o)
 .debug_aranges
                0x000003d8       0x28 /Applications/microchip/xc32/v5.00/bin/bin/../../lib/gcc/pic32c/13.2.1/../../../../pic32c/lib/thumb/v6-m/nofp/libc-musl.a(__stdio_write.o)
 .debug_aranges
                0x00000400       0x30 /Applications/microchip/xc32/v5.00/bin/bin/../../lib/gcc/pic32c/13.2.1/../../../../pic32c/lib/thumb/v6-m/nofp/libc-musl.a(__stdout.o)
 .debug_aranges
                0x00000430       0x28 /Applications/microchip/xc32/v5.00/bin/bin/../../lib/gcc/pic32c/13.2.1/../../../../pic32c/lib/thumb/v6-m/nofp/libc-musl.a(__towrite.o)
 .debug_aranges
                0x00000458       0x20 /Applications/microchip/xc32/v5.00/bin/bin/../../lib/gcc/pic32c/13.2.1/../../../../pic32c/lib/thumb/v6-m/nofp/libc-musl.a(writev.o)
 .debug_aranges
                0x00000478       0x20 /Applications/microchip/xc32/v5.00/bin/bin/../../lib/gcc/pic32c/13.2.1/../../../../pic32c/lib/thumb/v6-m/nofp/libpic32c.a(close.o)
 .debug_aranges
                0x00000498       0x20 /Applications/microchip/xc32/v5.00/bin/bin/../../lib/gcc/pic32c/13.2.1/../../../../pic32c/lib/thumb/v6-m/nofp/libpic32c.a(lseek.o)
 .debug_aranges
                0x000004b8       0x20 /Applications/microchip/xc32/v5.00/bin/bin/../../lib/gcc/pic32c/13.2.1/../../../../pic32c/lib/thumb/v6-m/nofp/liblmalloc-musl.a(lite_malloc.o)
 .debug_aranges
                0x000004d8       0x30 /Applications/microchip/xc32/v5.00/bin/bin/../../lib/gcc/pic32c/13.2.1/../../../../pic32c/lib/thumb/v6-m/nofp/liblmalloc-musl.a(lite_free.o)
 .debug_aranges
                0x00000508       0x18 /Applications/microchip/xc32/v5.00/bin/bin/../../lib/gcc/pic32c/13.2.1/../../../../pic32c/lib/thumb/v6-m/nofp/libc-musl.a(__errno_location.o)
 .debug_aranges
                0x00000520       0x20 /Applications/microchip/xc32/v5.00/bin/bin/../../lib/gcc/pic32c/13.2.1/../../../../pic32c/lib/thumb/v6-m/nofp/libc-musl.a(expand_heap.o)
 .debug_aranges
                0x00000540       0x30 /Applications/microchip/xc32/v5.00/bin/bin/../../lib/gcc/pic32c/13.2.1/../../../../pic32c/lib/thumb/v6-m/nofp/libpic32c.a(sbrk.o)
 .debug_aranges
                0x00000570       0x20 /Applications/microchip/xc32/v5.00/bin/bin/../../lib/gcc/pic32c/13.2.1/thumb/v6-m/nofp/libgcc.a(_udivsi3.o)
 .debug_aranges
                0x00000590       0x20 /Applications/microchip/xc32/v5.00/bin/bin/../../lib/gcc/pic32c/13.2.1/thumb/v6-m/nofp/libgcc.a(_dvmd_tls.o)
 .debug_aranges
                0x000005b0       0x20 /Applications/microchip/xc32/v5.00/bin/bin/../../lib/gcc/pic32c/13.2.1/thumb/v6-m/nofp/libgcc.a(_aeabi_uldivmod.o)
 .debug_aranges
                0x000005d0       0x20 /Applications/microchip/xc32/v5.00/bin/bin/../../lib/gcc/pic32c/13.2.1/thumb/v6-m/nofp/libgcc.a(_udivmoddi4.o)
 .debug_aranges
                0x000005f0       0x20 /Applications/microchip/xc32/v5.00/bin/bin/../../lib/gcc/pic32c/13.2.1/thumb/v6-m/nofp/libgcc.a(_lshrdi3.o)
 .debug_aranges
                0x00000610       0x20 /Applications/microchip/xc32/v5.00/bin/bin/../../lib/gcc/pic32c/13.2.1/thumb/v6-m/nofp/libgcc.a(_ashldi3.o)
 .debug_aranges
                0x00000630       0x20 /Applications/microchip/xc32/v5.00/bin/bin/../../lib/gcc/pic32c/13.2.1/thumb/v6-m/nofp/libgcc.a(_clzdi2.o)
 .debug_aranges
                0x00000650       0x20 /Applications/microchip/xc32/v5.00/bin/bin/../../lib/gcc/pic32c/13.2.1/thumb/v6-m/nofp/libgcc.a(_clzsi2.o)
 .debug_aranges
                0x00000670       0x20 /Applications/microchip/xc32/v5.00/bin/bin/../../lib/gcc/pic32c/13.2.1/../../../../pic32c/lib/thumb/v6-m/nofp/libpic32c.a(pic32_data_init_clear.o)
 .debug_aranges
                0x00000690       0x20 /Applications/microchip/xc32/v5.00/bin/bin/../../lib/gcc/pic32c/13.2.1/../../../../pic32c/lib/thumb/v6-m/nofp/libpic32c.a(pic32_data_init_copy.o)

.debug_line     0x00000000     0x557d
 .debug_line    0x00000000      0x2ba build/default/production/_ext/1593096446/plib_nvmctrl.o
 .debug_line    0x000002ba      0x5ad build/default/production/_ext/17022449/plib_sercom1_spi_master.o
 .debug_line    0x00000867      0x647 build/default/production/_ext/1360937237/main.o
 .debug_line    0x00000eae      0x2ae build/default/production/_ext/1171490990/initialization.o
 .debug_line    0x0000115c       0xca build/default/production/_ext/1171490990/interrupts.o
 .debug_line    0x00001226       0x5e build/default/production/_ext/1171490990/exceptions.o
 .debug_line    0x00001284      0x129 build/default/production/_ext/163028504/xc32_monitor.o
 .debug_line    0x000013ad      0x250 build/default/production/_ext/1865521619/plib_port.o
 .debug_line    0x000015fd      0x198 build/default/production/_ext/1984496892/plib_clock.o
 .debug_line    0x00001795      0x2c4 build/default/production/_ext/1865468468/plib_nvic.o
 .debug_line    0x00001a59      0x157 build/default/production/_ext/1171490990/startup_xc32.o
 .debug_line    0x00001bb0      0x5db build/default/production/_ext/504274921/plib_sercom0_usart.o
 .debug_line    0x0000218b      0x165 /Applications/microchip/xc32/v5.00/bin/bin/../../lib/gcc/pic32c/13.2.1/../../../../pic32c/lib/thumb/v6-m/nofp/libpic32c.a(data_init.o)
 .debug_line    0x000022f0      0x16c /Applications/microchip/xc32/v5.00/bin/bin/../../lib/gcc/pic32c/13.2.1/../../../../pic32c/lib/thumb/v6-m/nofp/libc-size-musl.a(memcpy.o)
 .debug_line    0x0000245c      0x1cb /Applications/microchip/xc32/v5.00/bin/bin/../../lib/gcc/pic32c/13.2.1/../../../../pic32c/lib/thumb/v6-m/nofp/libc-musl.a(__libc_start_main.o)
 .debug_line    0x00002627       0xb5 /Applications/microchip/xc32/v5.00/bin/bin/../../lib/gcc/pic32c/13.2.1/../../../../pic32c/lib/thumb/v6-m/nofp/libc-musl.a(libc.o)
 .debug_line    0x000026dc      0x215 /Applications/microchip/xc32/v5.00/bin/bin/../../lib/gcc/pic32c/13.2.1/../../../../pic32c/lib/thumb/v6-m/nofp/libc-musl.a(stdin.o)
 .debug_line    0x000028f1      0x1df /Applications/microchip/xc32/v5.00/bin/bin/../../lib/gcc/pic32c/13.2.1/../../../../pic32c/lib/thumb/v6-m/nofp/libc-musl.a(stdout.o)
 .debug_line    0x00002ad0      0x14a /Applications/microchip/xc32/v5.00/bin/bin/../../lib/gcc/pic32c/13.2.1/../../../../pic32c/lib/thumb/v6-m/nofp/libc-musl.a(setbuf.o)
 .debug_line    0x00002c1a       0xfb /Applications/microchip/xc32/v5.00/bin/bin/../../lib/gcc/pic32c/13.2.1/../../../../pic32c/lib/thumb/v6-m/nofp/libc-musl.a(__environ.o)
 .debug_line    0x00002d15      0x255 /Applications/microchip/xc32/v5.00/bin/bin/../../lib/gcc/pic32c/13.2.1/../../../../pic32c/lib/thumb/v6-m/nofp/libc-musl.a(__stdio_read.o)
 .debug_line    0x00002f6a      0x1ef /Applications/microchip/xc32/v5.00/bin/bin/../../lib/gcc/pic32c/13.2.1/../../../../pic32c/lib/thumb/v6-m/nofp/libc-musl.a(__towrite_rw.o)
 .debug_line    0x00003159      0x21f /Applications/microchip/xc32/v5.00/bin/bin/../../lib/gcc/pic32c/13.2.1/../../../../pic32c/lib/thumb/v6-m/nofp/libc-musl.a(setvbuf.o)
 .debug_line    0x00003378      0x177 /Applications/microchip/xc32/v5.00/bin/bin/../../lib/gcc/pic32c/13.2.1/../../../../pic32c/lib/thumb/v6-m/nofp/libc-musl.a(readv.o)
 .debug_line    0x000034ef       0xd0 /Applications/microchip/xc32/v5.00/bin/bin/../../lib/gcc/pic32c/13.2.1/../../../../pic32c/lib/thumb/v6-m/nofp/libc-musl.a(__init_stdio.o)
 .debug_line    0x000035bf      0x228 /Applications/microchip/xc32/v5.00/bin/bin/../../lib/gcc/pic32c/13.2.1/../../../../pic32c/lib/thumb/v6-m/nofp/libc-musl.a(__out.o)
 .debug_line    0x000037e7      0x1c3 /Applications/microchip/xc32/v5.00/bin/bin/../../lib/gcc/pic32c/13.2.1/../../../../pic32c/lib/thumb/v6-m/nofp/libc-musl.a(__stderr.o)
 .debug_line    0x000039aa      0x30c /Applications/microchip/xc32/v5.00/bin/bin/../../lib/gcc/pic32c/13.2.1/../../../../pic32c/lib/thumb/v6-m/nofp/libc-musl.a(__stdio_close.o)
 .debug_line    0x00003cb6      0x38d /Applications/microchip/xc32/v5.00/bin/bin/../../lib/gcc/pic32c/13.2.1/../../../../pic32c/lib/thumb/v6-m/nofp/libc-musl.a(__stdio_write.o)
 .debug_line    0x00004043      0x1c3 /Applications/microchip/xc32/v5.00/bin/bin/../../lib/gcc/pic32c/13.2.1/../../../../pic32c/lib/thumb/v6-m/nofp/libc-musl.a(__stdout.o)
 .debug_line    0x00004206      0x184 /Applications/microchip/xc32/v5.00/bin/bin/../../lib/gcc/pic32c/13.2.1/../../../../pic32c/lib/thumb/v6-m/nofp/libc-musl.a(__towrite.o)
 .debug_line    0x0000438a      0x178 /Applications/microchip/xc32/v5.00/bin/bin/../../lib/gcc/pic32c/13.2.1/../../../../pic32c/lib/thumb/v6-m/nofp/libc-musl.a(writev.o)
 .debug_line    0x00004502       0x71 /Applications/microchip/xc32/v5.00/bin/bin/../../lib/gcc/pic32c/13.2.1/../../../../pic32c/lib/thumb/v6-m/nofp/libpic32c.a(close.o)
 .debug_line    0x00004573       0x6b /Applications/microchip/xc32/v5.00/bin/bin/../../lib/gcc/pic32c/13.2.1/../../../../pic32c/lib/thumb/v6-m/nofp/libpic32c.a(lseek.o)
 .debug_line    0x000045de      0x1dc /Applications/microchip/xc32/v5.00/bin/bin/../../lib/gcc/pic32c/13.2.1/../../../../pic32c/lib/thumb/v6-m/nofp/liblmalloc-musl.a(lite_malloc.o)
 .debug_line    0x000047ba      0x295 /Applications/microchip/xc32/v5.00/bin/bin/../../lib/gcc/pic32c/13.2.1/../../../../pic32c/lib/thumb/v6-m/nofp/liblmalloc-musl.a(lite_free.o)
 .debug_line    0x00004a4f       0x9a /Applications/microchip/xc32/v5.00/bin/bin/../../lib/gcc/pic32c/13.2.1/../../../../pic32c/lib/thumb/v6-m/nofp/libc-musl.a(__errno_location.o)
 .debug_line    0x00004ae9       0xf0 /Applications/microchip/xc32/v5.00/bin/bin/../../lib/gcc/pic32c/13.2.1/../../../../pic32c/lib/thumb/v6-m/nofp/libc-musl.a(expand_heap.o)
 .debug_line    0x00004bd9      0x1bc /Applications/microchip/xc32/v5.00/bin/bin/../../lib/gcc/pic32c/13.2.1/../../../../pic32c/lib/thumb/v6-m/nofp/libpic32c.a(sbrk.o)
 .debug_line    0x00004d95       0x9c /Applications/microchip/xc32/v5.00/bin/bin/../../lib/gcc/pic32c/13.2.1/thumb/v6-m/nofp/libgcc.a(_udivsi3.o)
 .debug_line    0x00004e31       0x85 /Applications/microchip/xc32/v5.00/bin/bin/../../lib/gcc/pic32c/13.2.1/thumb/v6-m/nofp/libgcc.a(_dvmd_tls.o)
 .debug_line    0x00004eb6       0x90 /Applications/microchip/xc32/v5.00/bin/bin/../../lib/gcc/pic32c/13.2.1/thumb/v6-m/nofp/libgcc.a(_aeabi_uldivmod.o)
 .debug_line    0x00004f46      0x19b /Applications/microchip/xc32/v5.00/bin/bin/../../lib/gcc/pic32c/13.2.1/thumb/v6-m/nofp/libgcc.a(_udivmoddi4.o)
 .debug_line    0x000050e1       0x90 /Applications/microchip/xc32/v5.00/bin/bin/../../lib/gcc/pic32c/13.2.1/thumb/v6-m/nofp/libgcc.a(_lshrdi3.o)
 .debug_line    0x00005171       0x90 /Applications/microchip/xc32/v5.00/bin/bin/../../lib/gcc/pic32c/13.2.1/thumb/v6-m/nofp/libgcc.a(_ashldi3.o)
 .debug_line    0x00005201       0x8f /Applications/microchip/xc32/v5.00/bin/bin/../../lib/gcc/pic32c/13.2.1/thumb/v6-m/nofp/libgcc.a(_clzdi2.o)
 .debug_line    0x00005290       0x99 /Applications/microchip/xc32/v5.00/bin/bin/../../lib/gcc/pic32c/13.2.1/thumb/v6-m/nofp/libgcc.a(_clzsi2.o)
 .debug_line    0x00005329      0x11e /Applications/microchip/xc32/v5.00/bin/bin/../../lib/gcc/pic32c/13.2.1/../../../../pic32c/lib/thumb/v6-m/nofp/libpic32c.a(pic32_data_init_clear.o)
 .debug_line    0x00005447      0x136 /Applications/microchip/xc32/v5.00/bin/bin/../../lib/gcc/pic32c/13.2.1/../../../../pic32c/lib/thumb/v6-m/nofp/libpic32c.a(pic32_data_init_copy.o)

.debug_str      0x00000000     0x3b51
 .debug_str     0x00000000     0x3b51 build/default/production/_ext/1593096446/plib_nvmctrl.o
                                0x4f2 (size before relaxing)
 .debug_str     0x00003b51      0x7a8 build/default/production/_ext/17022449/plib_sercom1_spi_master.o
 .debug_str     0x00003b51      0x6a1 build/default/production/_ext/1360937237/main.o
 .debug_str     0x00003b51      0x41f build/default/production/_ext/1171490990/initialization.o
 .debug_str     0x00003b51      0x5be build/default/production/_ext/1171490990/interrupts.o
 .debug_str     0x00003b51      0x29f build/default/production/_ext/1171490990/exceptions.o
 .debug_str     0x00003b51      0x2da build/default/production/_ext/163028504/xc32_monitor.o
 .debug_str     0x00003b51      0x768 build/default/production/_ext/1865521619/plib_port.o
 .debug_str     0x00003b51      0x526 build/default/production/_ext/1984496892/plib_clock.o
 .debug_str     0x00003b51      0x5a2 build/default/production/_ext/1865468468/plib_nvic.o
 .debug_str     0x00003b51      0x30b build/default/production/_ext/1171490990/startup_xc32.o
 .debug_str     0x00003b51      0x827 build/default/production/_ext/504274921/plib_sercom0_usart.o
 .debug_str     0x00003b51      0x2ef /Applications/microchip/xc32/v5.00/bin/bin/../../lib/gcc/pic32c/13.2.1/../../../../pic32c/lib/thumb/v6-m/nofp/libpic32c.a(data_init.o)
 .debug_str     0x00003b51      0x238 /Applications/microchip/xc32/v5.00/bin/bin/../../lib/gcc/pic32c/13.2.1/../../../../pic32c/lib/thumb/v6-m/nofp/libc-size-musl.a(memcpy.o)
 .debug_str     0x00003b51      0x3dd /Applications/microchip/xc32/v5.00/bin/bin/../../lib/gcc/pic32c/13.2.1/../../../../pic32c/lib/thumb/v6-m/nofp/libc-musl.a(__libc_start_main.o)
 .debug_str     0x00003b51      0x348 /Applications/microchip/xc32/v5.00/bin/bin/../../lib/gcc/pic32c/13.2.1/../../../../pic32c/lib/thumb/v6-m/nofp/libc-musl.a(libc.o)
 .debug_str     0x00003b51      0x394 /Applications/microchip/xc32/v5.00/bin/bin/../../lib/gcc/pic32c/13.2.1/../../../../pic32c/lib/thumb/v6-m/nofp/libc-musl.a(stdin.o)
 .debug_str     0x00003b51      0x31b /Applications/microchip/xc32/v5.00/bin/bin/../../lib/gcc/pic32c/13.2.1/../../../../pic32c/lib/thumb/v6-m/nofp/libc-musl.a(stdout.o)
 .debug_str     0x00003b51      0x24e /Applications/microchip/xc32/v5.00/bin/bin/../../lib/gcc/pic32c/13.2.1/../../../../pic32c/lib/thumb/v6-m/nofp/libc-musl.a(setbuf.o)
 .debug_str     0x00003b51      0x248 /Applications/microchip/xc32/v5.00/bin/bin/../../lib/gcc/pic32c/13.2.1/../../../../pic32c/lib/thumb/v6-m/nofp/libc-musl.a(__environ.o)
 .debug_str     0x00003b51      0x375 /Applications/microchip/xc32/v5.00/bin/bin/../../lib/gcc/pic32c/13.2.1/../../../../pic32c/lib/thumb/v6-m/nofp/libc-musl.a(__stdio_read.o)
 .debug_str     0x00003b51      0x350 /Applications/microchip/xc32/v5.00/bin/bin/../../lib/gcc/pic32c/13.2.1/../../../../pic32c/lib/thumb/v6-m/nofp/libc-musl.a(__towrite_rw.o)
 .debug_str     0x00003b51      0x33c /Applications/microchip/xc32/v5.00/bin/bin/../../lib/gcc/pic32c/13.2.1/../../../../pic32c/lib/thumb/v6-m/nofp/libc-musl.a(setvbuf.o)
 .debug_str     0x00003b51      0x276 /Applications/microchip/xc32/v5.00/bin/bin/../../lib/gcc/pic32c/13.2.1/../../../../pic32c/lib/thumb/v6-m/nofp/libc-musl.a(readv.o)
 .debug_str     0x00003b51      0x2ad /Applications/microchip/xc32/v5.00/bin/bin/../../lib/gcc/pic32c/13.2.1/../../../../pic32c/lib/thumb/v6-m/nofp/libc-musl.a(__init_stdio.o)
 .debug_str     0x00003b51      0x2f5 /Applications/microchip/xc32/v5.00/bin/bin/../../lib/gcc/pic32c/13.2.1/../../../../pic32c/lib/thumb/v6-m/nofp/libc-musl.a(__out.o)
 .debug_str     0x00003b51      0x3aa /Applications/microchip/xc32/v5.00/bin/bin/../../lib/gcc/pic32c/13.2.1/../../../../pic32c/lib/thumb/v6-m/nofp/libc-musl.a(__stderr.o)
 .debug_str     0x00003b51      0x370 /Applications/microchip/xc32/v5.00/bin/bin/../../lib/gcc/pic32c/13.2.1/../../../../pic32c/lib/thumb/v6-m/nofp/libc-musl.a(__stdio_close.o)
 .debug_str     0x00003b51      0x359 /Applications/microchip/xc32/v5.00/bin/bin/../../lib/gcc/pic32c/13.2.1/../../../../pic32c/lib/thumb/v6-m/nofp/libc-musl.a(__stdio_write.o)
 .debug_str     0x00003b51      0x3aa /Applications/microchip/xc32/v5.00/bin/bin/../../lib/gcc/pic32c/13.2.1/../../../../pic32c/lib/thumb/v6-m/nofp/libc-musl.a(__stdout.o)
 .debug_str     0x00003b51      0x2fc /Applications/microchip/xc32/v5.00/bin/bin/../../lib/gcc/pic32c/13.2.1/../../../../pic32c/lib/thumb/v6-m/nofp/libc-musl.a(__towrite.o)
 .debug_str     0x00003b51      0x279 /Applications/microchip/xc32/v5.00/bin/bin/../../lib/gcc/pic32c/13.2.1/../../../../pic32c/lib/thumb/v6-m/nofp/libc-musl.a(writev.o)
 .debug_str     0x00003b51      0x20f /Applications/microchip/xc32/v5.00/bin/bin/../../lib/gcc/pic32c/13.2.1/../../../../pic32c/lib/thumb/v6-m/nofp/libpic32c.a(close.o)
 .debug_str     0x00003b51      0x25a /Applications/microchip/xc32/v5.00/bin/bin/../../lib/gcc/pic32c/13.2.1/../../../../pic32c/lib/thumb/v6-m/nofp/libpic32c.a(lseek.o)
 .debug_str     0x00003b51      0x312 /Applications/microchip/xc32/v5.00/bin/bin/../../lib/gcc/pic32c/13.2.1/../../../../pic32c/lib/thumb/v6-m/nofp/liblmalloc-musl.a(lite_malloc.o)
 .debug_str     0x00003b51      0x314 /Applications/microchip/xc32/v5.00/bin/bin/../../lib/gcc/pic32c/13.2.1/../../../../pic32c/lib/thumb/v6-m/nofp/liblmalloc-musl.a(lite_free.o)
 .debug_str     0x00003b51      0x23c /Applications/microchip/xc32/v5.00/bin/bin/../../lib/gcc/pic32c/13.2.1/../../../../pic32c/lib/thumb/v6-m/nofp/libc-musl.a(__errno_location.o)
 .debug_str     0x00003b51      0x2b8 /Applications/microchip/xc32/v5.00/bin/bin/../../lib/gcc/pic32c/13.2.1/../../../../pic32c/lib/thumb/v6-m/nofp/libc-musl.a(expand_heap.o)
 .debug_str     0x00003b51      0x2bc /Applications/microchip/xc32/v5.00/bin/bin/../../lib/gcc/pic32c/13.2.1/../../../../pic32c/lib/thumb/v6-m/nofp/libpic32c.a(sbrk.o)
 .debug_str     0x00003b51       0xf6 /Applications/microchip/xc32/v5.00/bin/bin/../../lib/gcc/pic32c/13.2.1/thumb/v6-m/nofp/libgcc.a(_udivsi3.o)
 .debug_str     0x00003b51       0xe9 /Applications/microchip/xc32/v5.00/bin/bin/../../lib/gcc/pic32c/13.2.1/thumb/v6-m/nofp/libgcc.a(_dvmd_tls.o)
 .debug_str     0x00003b51       0xde /Applications/microchip/xc32/v5.00/bin/bin/../../lib/gcc/pic32c/13.2.1/thumb/v6-m/nofp/libgcc.a(_aeabi_uldivmod.o)
 .debug_str     0x00003b51      0x6ea /Applications/microchip/xc32/v5.00/bin/bin/../../lib/gcc/pic32c/13.2.1/thumb/v6-m/nofp/libgcc.a(_udivmoddi4.o)
 .debug_str     0x00003b51       0xe4 /Applications/microchip/xc32/v5.00/bin/bin/../../lib/gcc/pic32c/13.2.1/thumb/v6-m/nofp/libgcc.a(_lshrdi3.o)
 .debug_str     0x00003b51       0xe4 /Applications/microchip/xc32/v5.00/bin/bin/../../lib/gcc/pic32c/13.2.1/thumb/v6-m/nofp/libgcc.a(_ashldi3.o)
 .debug_str     0x00003b51       0xcd /Applications/microchip/xc32/v5.00/bin/bin/../../lib/gcc/pic32c/13.2.1/thumb/v6-m/nofp/libgcc.a(_clzdi2.o)
 .debug_str     0x00003b51       0xd6 /Applications/microchip/xc32/v5.00/bin/bin/../../lib/gcc/pic32c/13.2.1/thumb/v6-m/nofp/libgcc.a(_clzsi2.o)
 .debug_str     0x00003b51      0x280 /Applications/microchip/xc32/v5.00/bin/bin/../../lib/gcc/pic32c/13.2.1/../../../../pic32c/lib/thumb/v6-m/nofp/libpic32c.a(pic32_data_init_clear.o)
 .debug_str     0x00003b51      0x287 /Applications/microchip/xc32/v5.00/bin/bin/../../lib/gcc/pic32c/13.2.1/../../../../pic32c/lib/thumb/v6-m/nofp/libpic32c.a(pic32_data_init_copy.o)

.debug_frame    0x00000000     0x11d0
 .debug_frame   0x00000000      0x1c0 build/default/production/_ext/1593096446/plib_nvmctrl.o
 .debug_frame   0x000001c0      0x128 build/default/production/_ext/17022449/plib_sercom1_spi_master.o
 .debug_frame   0x000002e8      0x21c build/default/production/_ext/1360937237/main.o
 .debug_frame   0x00000504       0x4c build/default/production/_ext/1171490990/initialization.o
 .debug_frame   0x00000550       0x20 build/default/production/_ext/1171490990/interrupts.o
 .debug_frame   0x00000570       0x48 build/default/production/_ext/1171490990/exceptions.o
 .debug_frame   0x000005b8       0x58 build/default/production/_ext/163028504/xc32_monitor.o
 .debug_frame   0x00000610      0x16c build/default/production/_ext/1865521619/plib_port.o
 .debug_frame   0x0000077c       0x80 build/default/production/_ext/1984496892/plib_clock.o
 .debug_frame   0x000007fc      0x14c build/default/production/_ext/1865468468/plib_nvic.o
 .debug_frame   0x00000948       0x38 build/default/production/_ext/1171490990/startup_xc32.o
 .debug_frame   0x00000980      0x230 build/default/production/_ext/504274921/plib_sercom0_usart.o
 .debug_frame   0x00000bb0       0x48 /Applications/microchip/xc32/v5.00/bin/bin/../../lib/gcc/pic32c/13.2.1/../../../../pic32c/lib/thumb/v6-m/nofp/libpic32c.a(data_init.o)
 .debug_frame   0x00000bf8       0x28 /Applications/microchip/xc32/v5.00/bin/bin/../../lib/gcc/pic32c/13.2.1/../../../../pic32c/lib/thumb/v6-m/nofp/libc-size-musl.a(memcpy.o)
 .debug_frame   0x00000c20       0x38 /Applications/microchip/xc32/v5.00/bin/bin/../../lib/gcc/pic32c/13.2.1/../../../../pic32c/lib/thumb/v6-m/nofp/libc-musl.a(__libc_start_main.o)
 .debug_frame   0x00000c58       0x38 /Applications/microchip/xc32/v5.00/bin/bin/../../lib/gcc/pic32c/13.2.1/../../../../pic32c/lib/thumb/v6-m/nofp/libc-musl.a(stdin.o)
 .debug_frame   0x00000c90       0x50 /Applications/microchip/xc32/v5.00/bin/bin/../../lib/gcc/pic32c/13.2.1/../../../../pic32c/lib/thumb/v6-m/nofp/libc-musl.a(stdout.o)
 .debug_frame   0x00000ce0       0x28 /Applications/microchip/xc32/v5.00/bin/bin/../../lib/gcc/pic32c/13.2.1/../../../../pic32c/lib/thumb/v6-m/nofp/libc-musl.a(setbuf.o)
 .debug_frame   0x00000d08       0x34 /Applications/microchip/xc32/v5.00/bin/bin/../../lib/gcc/pic32c/13.2.1/../../../../pic32c/lib/thumb/v6-m/nofp/libc-musl.a(__stdio_read.o)
 .debug_frame   0x00000d3c       0x20 /Applications/microchip/xc32/v5.00/bin/bin/../../lib/gcc/pic32c/13.2.1/../../../../pic32c/lib/thumb/v6-m/nofp/libc-musl.a(__towrite_rw.o)
 .debug_frame   0x00000d5c       0x44 /Applications/microchip/xc32/v5.00/bin/bin/../../lib/gcc/pic32c/13.2.1/../../../../pic32c/lib/thumb/v6-m/nofp/libc-musl.a(setvbuf.o)
 .debug_frame   0x00000da0       0x34 /Applications/microchip/xc32/v5.00/bin/bin/../../lib/gcc/pic32c/13.2.1/../../../../pic32c/lib/thumb/v6-m/nofp/libc-musl.a(readv.o)
 .debug_frame   0x00000dd4       0x38 /Applications/microchip/xc32/v5.00/bin/bin/../../lib/gcc/pic32c/13.2.1/../../../../pic32c/lib/thumb/v6-m/nofp/libc-musl.a(__init_stdio.o)
 .debug_frame   0x00000e0c       0x44 /Applications/microchip/xc32/v5.00/bin/bin/../../lib/gcc/pic32c/13.2.1/../../../../pic32c/lib/thumb/v6-m/nofp/libc-musl.a(__out.o)
 .debug_frame   0x00000e50       0x48 /Applications/microchip/xc32/v5.00/bin/bin/../../lib/gcc/pic32c/13.2.1/../../../../pic32c/lib/thumb/v6-m/nofp/libc-musl.a(__stderr.o)
 .debug_frame   0x00000e98       0x48 /Applications/microchip/xc32/v5.00/bin/bin/../../lib/gcc/pic32c/13.2.1/../../../../pic32c/lib/thumb/v6-m/nofp/libc-musl.a(__stdio_close.o)
 .debug_frame   0x00000ee0       0x50 /Applications/microchip/xc32/v5.00/bin/bin/../../lib/gcc/pic32c/13.2.1/../../../../pic32c/lib/thumb/v6-m/nofp/libc-musl.a(__stdio_write.o)
 .debug_frame   0x00000f30       0x48 /Applications/microchip/xc32/v5.00/bin/bin/../../lib/gcc/pic32c/13.2.1/../../../../pic32c/lib/thumb/v6-m/nofp/libc-musl.a(__stdout.o)
 .debug_frame   0x00000f78       0x38 /Applications/microchip/xc32/v5.00/bin/bin/../../lib/gcc/pic32c/13.2.1/../../../../pic32c/lib/thumb/v6-m/nofp/libc-musl.a(__towrite.o)
 .debug_frame   0x00000fb0       0x34 /Applications/microchip/xc32/v5.00/bin/bin/../../lib/gcc/pic32c/13.2.1/../../../../pic32c/lib/thumb/v6-m/nofp/libc-musl.a(writev.o)
 .debug_frame   0x00000fe4       0x20 /Applications/microchip/xc32/v5.00/bin/bin/../../lib/gcc/pic32c/13.2.1/../../../../pic32c/lib/thumb/v6-m/nofp/libpic32c.a(close.o)
 .debug_frame   0x00001004       0x20 /Applications/microchip/xc32/v5.00/bin/bin/../../lib/gcc/pic32c/13.2.1/../../../../pic32c/lib/thumb/v6-m/nofp/libpic32c.a(lseek.o)
 .debug_frame   0x00001024       0x30 /Applications/microchip/xc32/v5.00/bin/bin/../../lib/gcc/pic32c/13.2.1/../../../../pic32c/lib/thumb/v6-m/nofp/liblmalloc-musl.a(lite_malloc.o)
 .debug_frame   0x00001054       0x68 /Applications/microchip/xc32/v5.00/bin/bin/../../lib/gcc/pic32c/13.2.1/../../../../pic32c/lib/thumb/v6-m/nofp/liblmalloc-musl.a(lite_free.o)
 .debug_frame   0x000010bc       0x28 /Applications/microchip/xc32/v5.00/bin/bin/../../lib/gcc/pic32c/13.2.1/../../../../pic32c/lib/thumb/v6-m/nofp/libc-musl.a(expand_heap.o)
 .debug_frame   0x000010e4       0x54 /Applications/microchip/xc32/v5.00/bin/bin/../../lib/gcc/pic32c/13.2.1/../../../../pic32c/lib/thumb/v6-m/nofp/libpic32c.a(sbrk.o)
 .debug_frame   0x00001138       0x20 /Applications/microchip/xc32/v5.00/bin/bin/../../lib/gcc/pic32c/13.2.1/thumb/v6-m/nofp/libgcc.a(_udivsi3.o)
 .debug_frame   0x00001158       0x30 /Applications/microchip/xc32/v5.00/bin/bin/../../lib/gcc/pic32c/13.2.1/thumb/v6-m/nofp/libgcc.a(_udivmoddi4.o)
 .debug_frame   0x00001188       0x20 /Applications/microchip/xc32/v5.00/bin/bin/../../lib/gcc/pic32c/13.2.1/../../../../pic32c/lib/thumb/v6-m/nofp/libpic32c.a(pic32_data_init_clear.o)
 .debug_frame   0x000011a8       0x28 /Applications/microchip/xc32/v5.00/bin/bin/../../lib/gcc/pic32c/13.2.1/../../../../pic32c/lib/thumb/v6-m/nofp/libpic32c.a(pic32_data_init_copy.o)

.debug_ranges   0x00000000      0x2a0
 .debug_ranges  0x00000000       0x18 build/default/production/_ext/1171490990/startup_xc32.o
 .debug_ranges  0x00000018       0x20 /Applications/microchip/xc32/v5.00/bin/bin/../../lib/gcc/pic32c/13.2.1/../../../../pic32c/lib/thumb/v6-m/nofp/libpic32c.a(data_init.o)
 .debug_ranges  0x00000038       0x10 /Applications/microchip/xc32/v5.00/bin/bin/../../lib/gcc/pic32c/13.2.1/../../../../pic32c/lib/thumb/v6-m/nofp/libc-size-musl.a(memcpy.o)
 .debug_ranges  0x00000048       0x30 /Applications/microchip/xc32/v5.00/bin/bin/../../lib/gcc/pic32c/13.2.1/../../../../pic32c/lib/thumb/v6-m/nofp/libc-musl.a(__libc_start_main.o)
 .debug_ranges  0x00000078       0x18 /Applications/microchip/xc32/v5.00/bin/bin/../../lib/gcc/pic32c/13.2.1/../../../../pic32c/lib/thumb/v6-m/nofp/libc-musl.a(stdin.o)
 .debug_ranges  0x00000090       0x20 /Applications/microchip/xc32/v5.00/bin/bin/../../lib/gcc/pic32c/13.2.1/../../../../pic32c/lib/thumb/v6-m/nofp/libc-musl.a(stdout.o)
 .debug_ranges  0x000000b0       0x10 /Applications/microchip/xc32/v5.00/bin/bin/../../lib/gcc/pic32c/13.2.1/../../../../pic32c/lib/thumb/v6-m/nofp/libc-musl.a(setbuf.o)
 .debug_ranges  0x000000c0       0x10 /Applications/microchip/xc32/v5.00/bin/bin/../../lib/gcc/pic32c/13.2.1/../../../../pic32c/lib/thumb/v6-m/nofp/libc-musl.a(__stdio_read.o)
 .debug_ranges  0x000000d0       0x10 /Applications/microchip/xc32/v5.00/bin/bin/../../lib/gcc/pic32c/13.2.1/../../../../pic32c/lib/thumb/v6-m/nofp/libc-musl.a(__towrite_rw.o)
 .debug_ranges  0x000000e0       0x18 /Applications/microchip/xc32/v5.00/bin/bin/../../lib/gcc/pic32c/13.2.1/../../../../pic32c/lib/thumb/v6-m/nofp/libc-musl.a(setvbuf.o)
 .debug_ranges  0x000000f8       0x10 /Applications/microchip/xc32/v5.00/bin/bin/../../lib/gcc/pic32c/13.2.1/../../../../pic32c/lib/thumb/v6-m/nofp/libc-musl.a(readv.o)
 .debug_ranges  0x00000108       0x18 /Applications/microchip/xc32/v5.00/bin/bin/../../lib/gcc/pic32c/13.2.1/../../../../pic32c/lib/thumb/v6-m/nofp/libc-musl.a(__init_stdio.o)
 .debug_ranges  0x00000120       0x18 /Applications/microchip/xc32/v5.00/bin/bin/../../lib/gcc/pic32c/13.2.1/../../../../pic32c/lib/thumb/v6-m/nofp/libc-musl.a(__out.o)
 .debug_ranges  0x00000138       0x20 /Applications/microchip/xc32/v5.00/bin/bin/../../lib/gcc/pic32c/13.2.1/../../../../pic32c/lib/thumb/v6-m/nofp/libc-musl.a(__stderr.o)
 .debug_ranges  0x00000158       0x18 /Applications/microchip/xc32/v5.00/bin/bin/../../lib/gcc/pic32c/13.2.1/../../../../pic32c/lib/thumb/v6-m/nofp/libc-musl.a(__stdio_close.o)
 .debug_ranges  0x00000170       0x30 /Applications/microchip/xc32/v5.00/bin/bin/../../lib/gcc/pic32c/13.2.1/../../../../pic32c/lib/thumb/v6-m/nofp/libc-musl.a(__stdio_write.o)
 .debug_ranges  0x000001a0       0x20 /Applications/microchip/xc32/v5.00/bin/bin/../../lib/gcc/pic32c/13.2.1/../../../../pic32c/lib/thumb/v6-m/nofp/libc-musl.a(__stdout.o)
 .debug_ranges  0x000001c0       0x18 /Applications/microchip/xc32/v5.00/bin/bin/../../lib/gcc/pic32c/13.2.1/../../../../pic32c/lib/thumb/v6-m/nofp/libc-musl.a(__towrite.o)
 .debug_ranges  0x000001d8       0x10 /Applications/microchip/xc32/v5.00/bin/bin/../../lib/gcc/pic32c/13.2.1/../../../../pic32c/lib/thumb/v6-m/nofp/libc-musl.a(writev.o)
 .debug_ranges  0x000001e8       0x10 /Applications/microchip/xc32/v5.00/bin/bin/../../lib/gcc/pic32c/13.2.1/../../../../pic32c/lib/thumb/v6-m/nofp/libpic32c.a(close.o)
 .debug_ranges  0x000001f8       0x10 /Applications/microchip/xc32/v5.00/bin/bin/../../lib/gcc/pic32c/13.2.1/../../../../pic32c/lib/thumb/v6-m/nofp/libpic32c.a(lseek.o)
 .debug_ranges  0x00000208       0x28 /Applications/microchip/xc32/v5.00/bin/bin/../../lib/gcc/pic32c/13.2.1/../../../../pic32c/lib/thumb/v6-m/nofp/liblmalloc-musl.a(lite_malloc.o)
 .debug_ranges  0x00000230       0x20 /Applications/microchip/xc32/v5.00/bin/bin/../../lib/gcc/pic32c/13.2.1/../../../../pic32c/lib/thumb/v6-m/nofp/liblmalloc-musl.a(lite_free.o)
 .debug_ranges  0x00000250       0x10 /Applications/microchip/xc32/v5.00/bin/bin/../../lib/gcc/pic32c/13.2.1/../../../../pic32c/lib/thumb/v6-m/nofp/libc-musl.a(expand_heap.o)
 .debug_ranges  0x00000260       0x20 /Applications/microchip/xc32/v5.00/bin/bin/../../lib/gcc/pic32c/13.2.1/../../../../pic32c/lib/thumb/v6-m/nofp/libpic32c.a(sbrk.o)
 .debug_ranges  0x00000280       0x10 /Applications/microchip/xc32/v5.00/bin/bin/../../lib/gcc/pic32c/13.2.1/../../../../pic32c/lib/thumb/v6-m/nofp/libpic32c.a(pic32_data_init_clear.o)
 .debug_ranges  0x00000290       0x10 /Applications/microchip/xc32/v5.00/bin/bin/../../lib/gcc/pic32c/13.2.1/../../../../pic32c/lib/thumb/v6-m/nofp/libpic32c.a(pic32_data_init_copy.o)

.note.GNU-stack
                0x00000000        0x0
 .note.GNU-stack
                0x00000000        0x0 /Applications/microchip/xc32/v5.00/bin/bin/../../lib/gcc/pic32c/13.2.1/../../../../pic32c/lib/thumb/v6-m/nofp/libc-size-musl.a(memcpy.o)
 .note.GNU-stack
                0x00000000        0x0 /Applications/microchip/xc32/v5.00/bin/bin/../../lib/gcc/pic32c/13.2.1/../../../../pic32c/lib/thumb/v6-m/nofp/libc-musl.a(__libc_start_main.o)
 .note.GNU-stack
                0x00000000        0x0 /Applications/microchip/xc32/v5.00/bin/bin/../../lib/gcc/pic32c/13.2.1/../../../../pic32c/lib/thumb/v6-m/nofp/libc-musl.a(libc.o)
 .note.GNU-stack
                0x00000000        0x0 /Applications/microchip/xc32/v5.00/bin/bin/../../lib/gcc/pic32c/13.2.1/../../../../pic32c/lib/thumb/v6-m/nofp/libc-musl.a(stdin.o)
 .note.GNU-stack
                0x00000000        0x0 /Applications/microchip/xc32/v5.00/bin/bin/../../lib/gcc/pic32c/13.2.1/../../../../pic32c/lib/thumb/v6-m/nofp/libc-musl.a(stdout.o)
 .note.GNU-stack
                0x00000000        0x0 /Applications/microchip/xc32/v5.00/bin/bin/../../lib/gcc/pic32c/13.2.1/../../../../pic32c/lib/thumb/v6-m/nofp/libc-musl.a(setbuf.o)
 .note.GNU-stack
                0x00000000        0x0 /Applications/microchip/xc32/v5.00/bin/bin/../../lib/gcc/pic32c/13.2.1/../../../../pic32c/lib/thumb/v6-m/nofp/libc-musl.a(__environ.o)
 .note.GNU-stack
                0x00000000        0x0 /Applications/microchip/xc32/v5.00/bin/bin/../../lib/gcc/pic32c/13.2.1/../../../../pic32c/lib/thumb/v6-m/nofp/libc-musl.a(__stdio_read.o)
 .note.GNU-stack
                0x00000000        0x0 /Applications/microchip/xc32/v5.00/bin/bin/../../lib/gcc/pic32c/13.2.1/../../../../pic32c/lib/thumb/v6-m/nofp/libc-musl.a(__towrite_rw.o)
 .note.GNU-stack
                0x00000000        0x0 /Applications/microchip/xc32/v5.00/bin/bin/../../lib/gcc/pic32c/13.2.1/../../../../pic32c/lib/thumb/v6-m/nofp/libc-musl.a(setvbuf.o)
 .note.GNU-stack
                0x00000000        0x0 /Applications/microchip/xc32/v5.00/bin/bin/../../lib/gcc/pic32c/13.2.1/../../../../pic32c/lib/thumb/v6-m/nofp/libc-musl.a(readv.o)
 .note.GNU-stack
                0x00000000        0x0 /Applications/microchip/xc32/v5.00/bin/bin/../../lib/gcc/pic32c/13.2.1/../../../../pic32c/lib/thumb/v6-m/nofp/libc-musl.a(__init_stdio.o)
 .note.GNU-stack
                0x00000000        0x0 /Applications/microchip/xc32/v5.00/bin/bin/../../lib/gcc/pic32c/13.2.1/../../../../pic32c/lib/thumb/v6-m/nofp/libc-musl.a(__out.o)
 .note.GNU-stack
                0x00000000        0x0 /Applications/microchip/xc32/v5.00/bin/bin/../../lib/gcc/pic32c/13.2.1/../../../../pic32c/lib/thumb/v6-m/nofp/libc-musl.a(__stderr.o)
 .note.GNU-stack
                0x00000000        0x0 /Applications/microchip/xc32/v5.00/bin/bin/../../lib/gcc/pic32c/13.2.1/../../../../pic32c/lib/thumb/v6-m/nofp/libc-musl.a(__stdio_close.o)
 .note.GNU-stack
                0x00000000        0x0 /Applications/microchip/xc32/v5.00/bin/bin/../../lib/gcc/pic32c/13.2.1/../../../../pic32c/lib/thumb/v6-m/nofp/libc-musl.a(__stdio_write.o)
 .note.GNU-stack
                0x00000000        0x0 /Applications/microchip/xc32/v5.00/bin/bin/../../lib/gcc/pic32c/13.2.1/../../../../pic32c/lib/thumb/v6-m/nofp/libc-musl.a(__stdout.o)
 .note.GNU-stack
                0x00000000        0x0 /Applications/microchip/xc32/v5.00/bin/bin/../../lib/gcc/pic32c/13.2.1/../../../../pic32c/lib/thumb/v6-m/nofp/libc-musl.a(__towrite.o)
 .note.GNU-stack
                0x00000000        0x0 /Applications/microchip/xc32/v5.00/bin/bin/../../lib/gcc/pic32c/13.2.1/../../../../pic32c/lib/thumb/v6-m/nofp/libc-musl.a(writev.o)
 .note.GNU-stack
                0x00000000        0x0 /Applications/microchip/xc32/v5.00/bin/bin/../../lib/gcc/pic32c/13.2.1/../../../../pic32c/lib/thumb/v6-m/nofp/liblmalloc-musl.a(lite_malloc.o)
 .note.GNU-stack
                0x00000000        0x0 /Applications/microchip/xc32/v5.00/bin/bin/../../lib/gcc/pic32c/13.2.1/../../../../pic32c/lib/thumb/v6-m/nofp/liblmalloc-musl.a(lite_free.o)
 .note.GNU-stack
                0x00000000        0x0 /Applications/microchip/xc32/v5.00/bin/bin/../../lib/gcc/pic32c/13.2.1/../../../../pic32c/lib/thumb/v6-m/nofp/libc-musl.a(__errno_location.o)
 .note.GNU-stack
                0x00000000        0x0 /Applications/microchip/xc32/v5.00/bin/bin/../../lib/gcc/pic32c/13.2.1/../../../../pic32c/lib/thumb/v6-m/nofp/libc-musl.a(expand_heap.o)

.vfp11_veneer%z1

.v4_bx%z2

.iplt%z3

.rel.iplt%z4

.igot.plt%z5

.bss%1          0x20000000      0x408
 .bss           0x20000000      0x408 /Applications/microchip/xc32/v5.00/bin/bin/../../lib/gcc/pic32c/13.2.1/../../../../pic32c/lib/thumb/v6-m/nofp/libc-musl.a(stdin.o)

.bss%2          0x20000408       0x50
 .bss           0x20000408       0x50 /Applications/microchip/xc32/v5.00/bin/bin/../../lib/gcc/pic32c/13.2.1/../../../../pic32c/lib/thumb/v6-m/nofp/libc-musl.a(libc.o)
                0x20000408                program_invocation_name
                0x20000408                __progname_full
                0x2000040c                __progname
                0x2000040c                program_invocation_short_name
                0x20000410                __sysinfo
                0x20000414                __hwcap
                0x20000418                __libc

.bss%3          0x20000458       0x2d
 .bss           0x20000458       0x2d build/default/production/_ext/17022449/plib_sercom1_spi_master.o

.bss%4          0x20000488       0x1c
 .bss           0x20000488       0x1c /Applications/microchip/xc32/v5.00/bin/bin/../../lib/gcc/pic32c/13.2.1/thumb/v6-m/nofp/crtbegin.o

.bss%5          0x200004a4        0xc
 .bss           0x200004a4        0xc /Applications/microchip/xc32/v5.00/bin/bin/../../lib/gcc/pic32c/13.2.1/../../../../pic32c/lib/thumb/v6-m/nofp/libpic32c.a(sbrk.o)
                0x200004a8                _maxbrk
                0x200004ac                _minbrk

.bss%6          0x200004b0        0x8
 .bss           0x200004b0        0x8 /Applications/microchip/xc32/v5.00/bin/bin/../../lib/gcc/pic32c/13.2.1/../../../../pic32c/lib/thumb/v6-m/nofp/libc-musl.a(stdout.o)
                0x200004b4                __stdout_used

.bss%7          0x200004b8        0x4
 .bss           0x200004b8        0x4 /Applications/microchip/xc32/v5.00/bin/bin/../../lib/gcc/pic32c/13.2.1/../../../../pic32c/lib/thumb/v6-m/nofp/libpic32c.a(data_init.o)

.bss%8          0x200004bc        0x4
 .bss           0x200004bc        0x4 /Applications/microchip/xc32/v5.00/bin/bin/../../lib/gcc/pic32c/13.2.1/../../../../pic32c/lib/thumb/v6-m/nofp/libc-musl.a(__environ.o)
                0x200004bc                _environ
                0x200004bc                __environ
                0x200004bc                environ
                0x200004bc                ___environ